#
# There is insufficient memory for the Java Runtime Environment to continue.
# Native memory allocation (malloc) failed to allocate 197296 bytes. Error detail: Chunk::new
# Possible reasons:
#   The system is out of physical RAM or swap space
#   This process is running with CompressedOops enabled, and the Java Heap may be blocking the growth of the native heap
# Possible solutions:
#   Reduce memory load on the system
#   Increase physical memory or swap space
#   Check if swap backing store is full
#   Decrease Java heap size (-Xmx/-Xms)
#   Decrease number of Java threads
#   Decrease Java thread stack sizes (-Xss)
#   Set larger code cache with -XX:ReservedCodeCacheSize=
#   JVM is running with Unscaled Compressed Oops mode in which the Java heap is
#     placed in the first 4GB address space. The Java Heap base address is the
#     maximum limit for the native heap growth. Please use -XX:HeapBaseMinAddress
#     to set the Java Heap base and to place the Java Heap above 4GB virtual address.
# This output file may be truncated or incomplete.
#
#  Out of Memory Error (arena.cpp:168), pid=13164, tid=25220
#
# JRE version: OpenJDK Runtime Environment Temurin-21.0.12.1+1 (21.0.12.1+1) (build 21.0.12.1+1-LTS)
# Java VM: OpenJDK 64-Bit Server VM Temurin-21.0.12.1+1 (21.0.12.1+1-LTS, mixed mode, tiered, compressed oops, compressed class ptrs, parallel gc, windows-amd64)
# No core dump will be written. Minidumps are not enabled by default on client versions of Windows
#

---------------  S U M M A R Y ------------

Command Line: --add-modules=ALL-SYSTEM --add-opens=java.base/java.util=ALL-UNNAMED --add-opens=java.base/java.lang=ALL-UNNAMED --add-opens=java.base/sun.nio.fs=ALL-UNNAMED -Declipse.application=org.eclipse.jdt.ls.core.id1 -Dosgi.bundles.defaultStartLevel=4 -Declipse.product=org.eclipse.jdt.ls.core.product -Djava.import.generatesMetadataFilesAtProjectRoot=false -Dm2e.project.cache.size=50 -DDetectVMInstallationsJob.disabled=true -Dfile.encoding=utf8 -XX:+UseParallelGC -XX:GCTimeRatio=4 -XX:AdaptiveSizePolicyWeight=90 -Dsun.zip.disableMemoryMapping=true -Xmx2G -Xms100m -Xlog:disable -javaagent:c:\Users\vusic\.vscode\extensions\redhat.java-1.56.0-win32-x64\lombok\lombok-1.18.39-4050.jar -XX:+HeapDumpOnOutOfMemoryError -XX:HeapDumpPath=c:\Users\vusic\AppData\Roaming\Code\User\workspaceStorage\954bffe993b83363cc4f8f9bed81b0d2\redhat.java -Daether.dependencyCollector.impl=bf c:\Users\vusic\.vscode\extensions\redhat.java-1.56.0-win32-x64\server\plugins\org.eclipse.equinox.launcher_1.8.0.v20260804-1928.jar -configuration c:\Users\vusic\AppData\Roaming\Code\User\globalStorage\redhat.java\1.56.0\config_win -data c:\Users\vusic\AppData\Roaming\Code\User\workspaceStorage\954bffe993b83363cc4f8f9bed81b0d2\redhat.java\jdt_ws --stdio

Host: Intel(R) Celeron(R) N4500 @ 1.10GHz, 2 cores, 3G,  Windows 11 , 64 bit Build 26100 (10.0.26100.9549)
Time: Sun Oct  4 16:57:31 2026 South Africa Standard Time elapsed time: 6.453493 seconds (0d 0h 0m 6s)

---------------  T H R E A D  ---------------

Current thread (0x000001772f3b73c0):  JavaThread "C2 CompilerThread0" daemon [_thread_in_native, id=25220, stack(0x00000059d6b00000,0x00000059d6c00000) (1024K)]


Current CompileTask:
C2:6453 1759 %     4       java.io.WinNTFileSystem::normalize @ 58 (224 bytes)

Stack: [0x00000059d6b00000,0x00000059d6c00000]
Native frames: (J=compiled Java code, j=interpreted, Vv=VM code, C=native code)
V  [jvm.dll+0x6d83e9]
V  [jvm.dll+0x8b5736]
V  [jvm.dll+0x8b7cee]
V  [jvm.dll+0x8b83d3]
V  [jvm.dll+0x284596]
V  [jvm.dll+0xc685d]
V  [jvm.dll+0xc6da1]
V  [jvm.dll+0x2fb5ae]
V  [jvm.dll+0x5fee94]
V  [jvm.dll+0x255d67]
V  [jvm.dll+0x24e2ca]
V  [jvm.dll+0x24bbe6]
V  [jvm.dll+0x1cb4ae]
V  [jvm.dll+0x25baad]
V  [jvm.dll+0x25a03a]
V  [jvm.dll+0x3f8aae]
V  [jvm.dll+0x8600cd]
V  [jvm.dll+0x6d6c1d]
C  [ucrtbase.dll+0x2cd30]
C  [KERNEL32.DLL+0x2cdf7]
C  [ntdll.dll+0x7ee4c]


---------------  P R O C E S S  ---------------

Threads class SMR info:
_java_thread_list=0x00000177348b49d0, length=12, elements={
0x00000177168da140, 0x000001772f3b0000, 0x000001772f3b1ed0, 0x000001772f3b4840,
0x000001772f39f290, 0x000001772f3b5690, 0x000001772f3b60f0, 0x000001772f3b73c0,
0x000001772fa8ac70, 0x000001772fc88e00, 0x0000017734055860, 0x00000177348c4c00
}

Java Threads: ( => current thread )
  0x00000177168da140 JavaThread "main"                              [_thread_in_vm, id=18080, stack(0x00000059d6100000,0x00000059d6200000) (1024K)]
  0x000001772f3b0000 JavaThread "Reference Handler"          daemon [_thread_blocked, id=24276, stack(0x00000059d6500000,0x00000059d6600000) (1024K)]
  0x000001772f3b1ed0 JavaThread "Finalizer"                  daemon [_thread_blocked, id=5032, stack(0x00000059d6600000,0x00000059d6700000) (1024K)]
  0x000001772f3b4840 JavaThread "Signal Dispatcher"          daemon [_thread_blocked, id=22268, stack(0x00000059d6700000,0x00000059d6800000) (1024K)]
  0x000001772f39f290 JavaThread "Attach Listener"            daemon [_thread_blocked, id=23848, stack(0x00000059d6800000,0x00000059d6900000) (1024K)]
  0x000001772f3b5690 JavaThread "Service Thread"             daemon [_thread_blocked, id=23912, stack(0x00000059d6900000,0x00000059d6a00000) (1024K)]
  0x000001772f3b60f0 JavaThread "Monitor Deflation Thread"   daemon [_thread_blocked, id=16896, stack(0x00000059d6a00000,0x00000059d6b00000) (1024K)]
=>0x000001772f3b73c0 JavaThread "C2 CompilerThread0"         daemon [_thread_in_native, id=25220, stack(0x00000059d6b00000,0x00000059d6c00000) (1024K)]
  0x000001772fa8ac70 JavaThread "C1 CompilerThread0"         daemon [_thread_blocked, id=23800, stack(0x00000059d6c00000,0x00000059d6d00000) (1024K)]
  0x000001772fc88e00 JavaThread "Common-Cleaner"             daemon [_thread_blocked, id=3600, stack(0x00000059d6d00000,0x00000059d6e00000) (1024K)]
  0x0000017734055860 JavaThread "Notification Thread"        daemon [_thread_blocked, id=11540, stack(0x00000059d6e00000,0x00000059d6f00000) (1024K)]
  0x00000177348c4c00 JavaThread "Active Thread: Equinox Container: 0ce79204-a957-41ab-aa83-e130e654fbd5"        [_thread_blocked, id=21580, stack(0x00000059d7000000,0x00000059d7100000) (1024K)]
Total: 12

Other Threads:
  0x000001772f341740 VMThread "VM Thread"                           [id=23456, stack(0x00000059d6400000,0x00000059d6500000) (1024K)]
  0x000001772f2bcb10 WatcherThread "VM Periodic Task Thread"        [id=6300, stack(0x00000059d6300000,0x00000059d6400000) (1024K)]
  0x0000017716d50790 WorkerThread "GC Thread#0"                     [id=22220, stack(0x00000059d6200000,0x00000059d6300000) (1024K)]
  0x00000177340baac0 WorkerThread "GC Thread#1"                     [id=24180, stack(0x00000059d6f00000,0x00000059d7000000) (1024K)]
Total: 4

Threads with active compile tasks:
C2 CompilerThread0  6545 1759 %     4       java.io.WinNTFileSystem::normalize @ 58 (224 bytes)
Total: 1

VM state: not at safepoint (normal execution)

VM Mutex/Monitor currently owned by a thread: None

Heap address: 0x0000000080000000, size: 2048 MB, Compressed Oops mode: 32-bit

CDS archive(s) not mapped
Compressed class space mapped at: 0x0000000100000000-0x0000000140000000, reserved size: 1073741824
Narrow klass base: 0x0000000000000000, Narrow klass shift: 3, Narrow klass range: 0x140000000

GC Precious Log:
 CardTable entry size: 512
 CPUs: 2 total, 2 available
 Memory: 3889M
 Large Page Support: Disabled
 NUMA Support: Disabled
 Compressed Oops: Enabled (32-bit)
 Alignments: Space 512K, Generation 512K, Heap 2M
 Heap Min Capacity: 100M
 Heap Initial Capacity: 100M
 Heap Max Capacity: 2G
 Pre-touch: Disabled
 Parallel Workers: 2

Heap:
 PSYoungGen      total 29696K, used 28030K [0x00000000d5580000, 0x00000000d7680000, 0x0000000100000000)
  eden space 25600K, 96% used [0x00000000d5580000,0x00000000d6da5a30,0x00000000d6e80000)
  from space 4096K, 80% used [0x00000000d6e80000,0x00000000d71b9e98,0x00000000d7280000)
  to   space 4096K, 0% used [0x00000000d7280000,0x00000000d7280000,0x00000000d7680000)
 ParOldGen       total 68608K, used 0K [0x0000000080000000, 0x0000000084300000, 0x00000000d5580000)
  object space 68608K, 0% used [0x0000000080000000,0x0000000080000000,0x0000000084300000)
 Metaspace       used 15825K, committed 16064K, reserved 1114112K
  class space    used 1564K, committed 1664K, reserved 1048576K

Card table byte_map: [0x000001772a720000,0x000001772ab30000] _byte_map_base: 0x000001772a320000

Marking Bits: (ParMarkBitMap*) 0x00007ffd6d9f44a0
 Begin Bits: [0x000001772ade0000, 0x000001772cde0000)
 End Bits:   [0x000001772cde0000, 0x000001772ede0000)

Polling page: 0x0000017716880000

Metaspace:

Usage:
  Non-class:     13.93 MB used.
      Class:      1.53 MB used.
       Both:     15.45 MB used.

Virtual space:
  Non-class space:       64.00 MB reserved,      14.06 MB ( 22%) committed,  1 nodes.
      Class space:        1.00 GB reserved,       1.62 MB ( <1%) committed,  1 nodes.
             Both:        1.06 GB reserved,      15.69 MB (  1%) committed. 

Chunk freelists:
   Non-Class:  1.41 MB
       Class:  14.38 MB
        Both:  15.78 MB

MaxMetaspaceSize: unlimited
CompressedClassSpaceSize: 1.00 GB
Initial GC threshold: 21.00 MB
Current GC threshold: 21.00 MB
CDS: off
 - commit_granule_bytes: 65536.
 - commit_granule_words: 8192.
 - virtual_space_node_default_size: 8388608.
 - enlarge_chunks_in_place: 1.
 - use_allocation_guard: 0.


Internal statistics:

num_allocs_failed_limit: 0.
num_arena_births: 228.
num_arena_deaths: 0.
num_vsnodes_births: 2.
num_vsnodes_deaths: 0.
num_space_committed: 251.
num_space_uncommitted: 0.
num_chunks_returned_to_freelist: 0.
num_chunks_taken_from_freelist: 445.
num_chunk_merges: 0.
num_chunk_splits: 280.
num_chunks_enlarged: 183.
num_inconsistent_stats: 0.

CodeHeap 'non-profiled nmethods': size=120064Kb used=725Kb max_used=725Kb free=119339Kb
 bounds [0x0000017723000000, 0x0000017723270000, 0x000001772a540000]
CodeHeap 'profiled nmethods': size=120000Kb used=3192Kb max_used=3192Kb free=116807Kb
 bounds [0x000001771b540000, 0x000001771b860000, 0x0000017722a70000]
CodeHeap 'non-nmethods': size=5696Kb used=1210Kb max_used=1225Kb free=4485Kb
 bounds [0x0000017722a70000, 0x0000017722ce0000, 0x0000017723000000]
CodeCache: size=245760Kb, used=5127Kb, max_used=5142Kb, free=240631Kb
 total_blobs=2239, nmethods=1758, adapters=389, full_count=0
Compilation: enabled, stopped_count=0, restarted_count=0

Compilation events (20 events):
Event: 6.374 Thread 0x000001772fa8ac70 nmethod 1749 0x000001771b85a190 code [0x000001771b85a3c0, 0x000001771b85ab80]
Event: 6.376 Thread 0x000001772fa8ac70 1750       3       java.lang.ThreadLocal::getMap (5 bytes)
Event: 6.376 Thread 0x000001772fa8ac70 nmethod 1750 0x000001771b85af90 code [0x000001771b85b120, 0x000001771b85b238]
Event: 6.377 Thread 0x000001772fa8ac70 1751       3       java.util.ArrayList::contains (14 bytes)
Event: 6.377 Thread 0x000001772fa8ac70 nmethod 1751 0x000001771b85b310 code [0x000001771b85b4c0, 0x000001771b85b6d0]
Event: 6.377 Thread 0x000001772fa8ac70 1752       3       org.eclipse.osgi.framework.eventmgr.CopyOnWriteIdentityMap$Snapshot$SnapshotIterator::hasNext (15 bytes)
Event: 6.377 Thread 0x000001772fa8ac70 nmethod 1752 0x000001771b85b790 code [0x000001771b85b940, 0x000001771b85bab8]
Event: 6.382 Thread 0x000001772f3b73c0 1753       4       java.util.StringTokenizer::scanToken (179 bytes)
Event: 6.388 Thread 0x000001772fa8ac70 1754       1       org.eclipse.osgi.internal.framework.BundleContextImpl::getBundleImpl (5 bytes)
Event: 6.388 Thread 0x000001772fa8ac70 nmethod 1754 0x00000177230b4110 code [0x00000177230b42a0, 0x00000177230b4368]
Event: 6.389 Thread 0x000001772f3b73c0 nmethod 1753 0x00000177230b4410 code [0x00000177230b4620, 0x00000177230b4b70]
Event: 6.403 Thread 0x000001772fa8ac70 1755   !   3       java.net.URL::getURLStreamHandler (191 bytes)
Event: 6.404 Thread 0x000001772fa8ac70 nmethod 1755 0x000001771b85bb90 code [0x000001771b85be40, 0x000001771b85cc20]
Event: 6.416 Thread 0x000001772fa8ac70 1756       3       java.lang.Character::isLetter (5 bytes)
Event: 6.416 Thread 0x000001772fa8ac70 nmethod 1756 0x000001771b85d090 code [0x000001771b85d260, 0x000001771b85d568]
Event: 6.420 Thread 0x000001772f3b73c0 1757       4       java.lang.StringLatin1::inflate (34 bytes)
Event: 6.425 Thread 0x000001772f3b73c0 nmethod 1757 0x00000177230b5010 code [0x00000177230b51a0, 0x00000177230b5348]
Event: 6.432 Thread 0x000001772fa8ac70 1758       3       java.lang.String::getChars (55 bytes)
Event: 6.432 Thread 0x000001772fa8ac70 nmethod 1758 0x000001771b85d690 code [0x000001771b85d8c0, 0x000001771b85dfc8]
Event: 6.442 Thread 0x000001772f3b73c0 1759 %     4       java.io.WinNTFileSystem::normalize @ 58 (224 bytes)

GC Heap History (2 events):
Event: 4.850 GC heap before
{Heap before GC invocations=1 (full 0):
 PSYoungGen      total 29696K, used 25600K [0x00000000d5580000, 0x00000000d7680000, 0x0000000100000000)
  eden space 25600K, 100% used [0x00000000d5580000,0x00000000d6e80000,0x00000000d6e80000)
  from space 4096K, 0% used [0x00000000d7280000,0x00000000d7280000,0x00000000d7680000)
  to   space 4096K, 0% used [0x00000000d6e80000,0x00000000d6e80000,0x00000000d7280000)
 ParOldGen       total 68608K, used 0K [0x0000000080000000, 0x0000000084300000, 0x00000000d5580000)
  object space 68608K, 0% used [0x0000000080000000,0x0000000080000000,0x0000000084300000)
 Metaspace       used 11932K, committed 12224K, reserved 1114112K
  class space    used 1181K, committed 1344K, reserved 1048576K
}
Event: 4.869 GC heap after
{Heap after GC invocations=1 (full 0):
 PSYoungGen      total 29696K, used 3303K [0x00000000d5580000, 0x00000000d7680000, 0x0000000100000000)
  eden space 25600K, 0% used [0x00000000d5580000,0x00000000d5580000,0x00000000d6e80000)
  from space 4096K, 80% used [0x00000000d6e80000,0x00000000d71b9e98,0x00000000d7280000)
  to   space 4096K, 0% used [0x00000000d7280000,0x00000000d7280000,0x00000000d7680000)
 ParOldGen       total 68608K, used 0K [0x0000000080000000, 0x0000000084300000, 0x00000000d5580000)
  object space 68608K, 0% used [0x0000000080000000,0x0000000080000000,0x0000000084300000)
 Metaspace       used 11932K, committed 12224K, reserved 1114112K
  class space    used 1181K, committed 1344K, reserved 1048576K
}

Dll operation events (16 events):
Event: 0.055 Attempting to load shared library c:\Users\vusic\.vscode\extensions\redhat.java-1.56.0-win32-x64\jre\21.0.12.1-win32-x86_64\bin\java.dll
Event: 0.055 Loaded shared library c:\Users\vusic\.vscode\extensions\redhat.java-1.56.0-win32-x64\jre\21.0.12.1-win32-x86_64\bin\java.dll
Event: 0.256 Attempting to load shared library c:\Users\vusic\.vscode\extensions\redhat.java-1.56.0-win32-x64\jre\21.0.12.1-win32-x86_64\bin\zip.dll
Event: 0.258 Loaded shared library c:\Users\vusic\.vscode\extensions\redhat.java-1.56.0-win32-x64\jre\21.0.12.1-win32-x86_64\bin\zip.dll
Event: 2.065 Attempting to load shared library C:\Users\vusic\.vscode\extensions\redhat.java-1.56.0-win32-x64\jre\21.0.12.1-win32-x86_64\bin\instrument.dll
Event: 2.065 Loaded shared library C:\Users\vusic\.vscode\extensions\redhat.java-1.56.0-win32-x64\jre\21.0.12.1-win32-x86_64\bin\instrument.dll
Event: 2.126 Attempting to load shared library C:\Users\vusic\.vscode\extensions\redhat.java-1.56.0-win32-x64\jre\21.0.12.1-win32-x86_64\bin\net.dll
Event: 2.134 Loaded shared library C:\Users\vusic\.vscode\extensions\redhat.java-1.56.0-win32-x64\jre\21.0.12.1-win32-x86_64\bin\net.dll
Event: 2.147 Attempting to load shared library C:\Users\vusic\.vscode\extensions\redhat.java-1.56.0-win32-x64\jre\21.0.12.1-win32-x86_64\bin\nio.dll
Event: 2.156 Loaded shared library C:\Users\vusic\.vscode\extensions\redhat.java-1.56.0-win32-x64\jre\21.0.12.1-win32-x86_64\bin\nio.dll
Event: 2.291 Attempting to load shared library C:\Users\vusic\.vscode\extensions\redhat.java-1.56.0-win32-x64\jre\21.0.12.1-win32-x86_64\bin\zip.dll
Event: 2.291 Loaded shared library C:\Users\vusic\.vscode\extensions\redhat.java-1.56.0-win32-x64\jre\21.0.12.1-win32-x86_64\bin\zip.dll
Event: 2.417 Attempting to load shared library C:\Users\vusic\.vscode\extensions\redhat.java-1.56.0-win32-x64\jre\21.0.12.1-win32-x86_64\bin\jimage.dll
Event: 2.417 Loaded shared library C:\Users\vusic\.vscode\extensions\redhat.java-1.56.0-win32-x64\jre\21.0.12.1-win32-x86_64\bin\jimage.dll
Event: 3.324 Attempting to load shared library c:\Users\vusic\.vscode\extensions\redhat.java-1.56.0-win32-x64\jre\21.0.12.1-win32-x86_64\bin\verify.dll
Event: 3.326 Loaded shared library c:\Users\vusic\.vscode\extensions\redhat.java-1.56.0-win32-x64\jre\21.0.12.1-win32-x86_64\bin\verify.dll

Deoptimization events (20 events):
Event: 5.990 Thread 0x00000177168da140 DEOPT PACKING pc=0x00000177230a2ebc sp=0x00000059d61feb90
Event: 5.990 Thread 0x00000177168da140 DEOPT UNPACKING pc=0x0000017722ac3a9c sp=0x00000059d61fea50 mode 2
Event: 6.149 Thread 0x00000177168da140 Uncommon trap: trap_request=0xffffffde fr.pc=0x0000017723095ed0 relative=0x00000000000009d0
Event: 6.149 Thread 0x00000177168da140 Uncommon trap: reason=class_check action=maybe_recompile pc=0x0000017723095ed0 method=java.util.HashMap.putVal(ILjava/lang/Object;Ljava/lang/Object;ZZ)Ljava/lang/Object; @ 253 c2
Event: 6.149 Thread 0x00000177168da140 DEOPT PACKING pc=0x0000017723095ed0 sp=0x00000059d61fe470
Event: 6.149 Thread 0x00000177168da140 DEOPT UNPACKING pc=0x0000017722ac3a9c sp=0x00000059d61fe398 mode 2
Event: 6.152 Thread 0x00000177168da140 Uncommon trap: trap_request=0xffffffde fr.pc=0x0000017723095ed0 relative=0x00000000000009d0
Event: 6.152 Thread 0x00000177168da140 Uncommon trap: reason=class_check action=maybe_recompile pc=0x0000017723095ed0 method=java.util.HashMap.putVal(ILjava/lang/Object;Ljava/lang/Object;ZZ)Ljava/lang/Object; @ 253 c2
Event: 6.152 Thread 0x00000177168da140 DEOPT PACKING pc=0x0000017723095ed0 sp=0x00000059d61fe470
Event: 6.152 Thread 0x00000177168da140 DEOPT UNPACKING pc=0x0000017722ac3a9c sp=0x00000059d61fe398 mode 2
Event: 6.153 Thread 0x00000177168da140 Uncommon trap: trap_request=0xffffffde fr.pc=0x0000017723097324 relative=0x0000000000000944
Event: 6.153 Thread 0x00000177168da140 Uncommon trap: reason=class_check action=maybe_recompile pc=0x0000017723097324 method=java.util.HashMap.putVal(ILjava/lang/Object;Ljava/lang/Object;ZZ)Ljava/lang/Object; @ 253 c2
Event: 6.153 Thread 0x00000177168da140 DEOPT PACKING pc=0x0000017723097324 sp=0x00000059d61fe2d0
Event: 6.153 Thread 0x00000177168da140 DEOPT UNPACKING pc=0x0000017722ac3a9c sp=0x00000059d61fe290 mode 2
Event: 6.281 Thread 0x00000177168da140 DEOPT PACKING pc=0x000001771b645e0b sp=0x00000059d61fcd10
Event: 6.281 Thread 0x00000177168da140 DEOPT UNPACKING pc=0x0000017722ac4223 sp=0x00000059d61fc188 mode 0
Event: 6.303 Thread 0x00000177168da140 DEOPT PACKING pc=0x000001771b6c5c80 sp=0x00000059d61fc650
Event: 6.303 Thread 0x00000177168da140 DEOPT UNPACKING pc=0x0000017722ac4223 sp=0x00000059d61fbad0 mode 0
Event: 6.313 Thread 0x00000177168da140 DEOPT PACKING pc=0x000001771b63fb86 sp=0x00000059d61fc510
Event: 6.313 Thread 0x00000177168da140 DEOPT UNPACKING pc=0x0000017722ac4223 sp=0x00000059d61fb990 mode 0

Classes loaded (20 events):
Event: 6.250 Loading class javax/xml/parsers/ParserConfigurationException
Event: 6.251 Loading class javax/xml/parsers/ParserConfigurationException done
Event: 6.259 Loading class java/security/KeyStoreException
Event: 6.260 Loading class java/security/KeyStoreException done
Event: 6.377 Loading class java/util/LinkedList$ListItr
Event: 6.377 Loading class java/util/LinkedList$ListItr done
Event: 6.379 Loading class java/lang/Thread$Builder$OfPlatform
Event: 6.379 Loading class java/lang/Thread$Builder
Event: 6.379 Loading class java/lang/Thread$Builder done
Event: 6.379 Loading class java/lang/Thread$Builder$OfPlatform done
Event: 6.379 Loading class java/lang/Thread$Builder$OfVirtual
Event: 6.379 Loading class java/lang/Thread$Builder$OfVirtual done
Event: 6.397 Loading class sun/nio/fs/WindowsChannelFactory
Event: 6.397 Loading class sun/nio/fs/WindowsChannelFactory done
Event: 6.397 Loading class sun/nio/fs/WindowsChannelFactory$1
Event: 6.397 Loading class sun/nio/fs/WindowsChannelFactory$1 done
Event: 6.397 Loading class sun/nio/fs/WindowsChannelFactory$Flags
Event: 6.398 Loading class sun/nio/fs/WindowsChannelFactory$Flags done
Event: 6.400 Loading class sun/nio/ch/FileChannelImpl$Closer
Event: 6.400 Loading class sun/nio/ch/FileChannelImpl$Closer done

Classes unloaded (0 events):
No events

Classes redefined (0 events):
No events

Internal exceptions (20 events):
Event: 4.388 Thread 0x00000177168da140 Exception <a 'java/lang/NoSuchMethodError'{0x00000000d6551620}: 'java.lang.Object java.lang.invoke.DirectMethodHandle$Holder.invokeInterface(java.lang.Object, java.lang.Object)'> (0x00000000d6551620) 
thrown [s\src\hotspot\share\interpreter\linkResolver.cpp, line 773]
Event: 4.408 Thread 0x00000177168da140 Exception <a 'java/lang/NoSuchMethodError'{0x00000000d6564c58}: 'java.lang.Object java.lang.invoke.Invokers$Holder.invokeExact_MT(java.lang.Object, java.lang.Object, java.lang.Object, java.lang.Object, java.lang.Object, java.lang.Object)'> (0x00000000d6564c58) 
thrown [s\src\hotspot\share\interpreter\linkResolver.cpp, line 773]
Event: 4.418 Thread 0x00000177168da140 Exception <a 'java/lang/NoSuchMethodError'{0x00000000d657bd30}: 'int java.lang.invoke.DirectMethodHandle$Holder.invokeStatic(java.lang.Object, java.lang.Object, java.lang.Object, java.lang.Object, java.lang.Object)'> (0x00000000d657bd30) 
thrown [s\src\hotspot\share\interpreter\linkResolver.cpp, line 773]
Event: 4.462 Thread 0x00000177168da140 Exception <a 'java/lang/NoSuchMethodError'{0x00000000d660f5b8}: 'java.lang.Object java.lang.invoke.DirectMethodHandle$Holder.invokeInterface(java.lang.Object, java.lang.Object, int)'> (0x00000000d660f5b8) 
thrown [s\src\hotspot\share\interpreter\linkResolver.cpp, line 773]
Event: 4.696 Thread 0x00000177168da140 Exception <a 'java/lang/NoSuchMethodError'{0x00000000d6a93238}: 'java.lang.ClassLoader java.lang.ClassLoader.getPlatformClassLoader(java.lang.Class)'> (0x00000000d6a93238) 
thrown [s\src\hotspot\share\interpreter\linkResolver.cpp, line 773]
Event: 4.892 Thread 0x00000177168da140 Exception <a 'java/lang/ClassNotFoundException'{0x00000000d55cb020}: sun/net/www/protocol/c/Handler> (0x00000000d55cb020) 
thrown [s\src\hotspot\share\classfile\systemDictionary.cpp, line 313]
Event: 4.893 Thread 0x00000177168da140 Exception <a 'java/lang/ClassNotFoundException'{0x00000000d55cc360}: sun/net/www/protocol/c/Handler> (0x00000000d55cc360) 
thrown [s\src\hotspot\share\classfile\systemDictionary.cpp, line 313]
Event: 4.894 Thread 0x00000177168da140 Exception <a 'java/lang/ClassNotFoundException'{0x00000000d55cd4b8}: sun/net/www/protocol/c/Handler> (0x00000000d55cd4b8) 
thrown [s\src\hotspot\share\classfile\systemDictionary.cpp, line 313]
Event: 4.920 Thread 0x00000177168da140 Exception <a 'java/io/FileNotFoundException'{0x00000000d55f6898}> (0x00000000d55f6898) 
thrown [s\src\hotspot\share\prims\jni.cpp, line 520]
Event: 4.980 Thread 0x00000177168da140 Implicit null exception at 0x0000017723062f49 to 0x00000177230638a8
Event: 4.980 Thread 0x00000177168da140 Exception <a 'java/lang/NoSuchMethodError'{0x00000000d57299c8}: 'void java.lang.invoke.DirectMethodHandle$Holder.invokeStatic(java.lang.Object, java.lang.Object, java.lang.Object, java.lang.Object)'> (0x00000000d57299c8) 
thrown [s\src\hotspot\share\interpreter\linkResolver.cpp, line 773]
Event: 5.130 Thread 0x00000177168da140 Exception <a 'java/lang/NoSuchMethodError'{0x00000000d5a101b8}: 'void java.lang.invoke.DirectMethodHandle$Holder.invokeSpecial(java.lang.Object, java.lang.Object, java.lang.Object)'> (0x00000000d5a101b8) 
thrown [s\src\hotspot\share\interpreter\linkResolver.cpp, line 773]
Event: 5.789 Thread 0x00000177168da140 Exception <a 'java/lang/NoSuchMethodError'{0x00000000d6466a70}: 'int java.lang.invoke.DirectMethodHandle$Holder.invokeVirtual(java.lang.Object, java.lang.Object)'> (0x00000000d6466a70) 
thrown [s\src\hotspot\share\interpreter\linkResolver.cpp, line 773]
Event: 6.014 Thread 0x00000177168da140 Exception <a 'java/lang/NoSuchMethodError'{0x00000000d65ddf78}: 'int java.lang.invoke.DirectMethodHandle$Holder.invokeStaticInit(java.lang.Object, java.lang.Object, java.lang.Object, java.lang.Object)'> (0x00000000d65ddf78) 
thrown [s\src\hotspot\share\interpreter\linkResolver.cpp, line 773]
Event: 6.024 Thread 0x00000177168da140 Exception <a 'java/lang/IncompatibleClassChangeError'{0x00000000d65e6660}: Found class java.lang.Object, but interface was expected> (0x00000000d65e6660) 
thrown [s\src\hotspot\share\interpreter\linkResolver.cpp, line 840]
Event: 6.028 Thread 0x00000177168da140 Exception <a 'java/lang/NoSuchMethodError'{0x00000000d65ecc10}: 'void java.lang.invoke.DirectMethodHandle$Holder.invokeStaticInit(java.lang.Object, java.lang.Object)'> (0x00000000d65ecc10) 
thrown [s\src\hotspot\share\interpreter\linkResolver.cpp, line 773]
Event: 6.030 Thread 0x00000177168da140 Exception <a 'java/lang/NoSuchMethodError'{0x00000000d65f5de8}: 'int java.lang.invoke.DirectMethodHandle$Holder.invokeStaticInit(java.lang.Object, java.lang.Object)'> (0x00000000d65f5de8) 
thrown [s\src\hotspot\share\interpreter\linkResolver.cpp, line 773]
Event: 6.133 Thread 0x00000177168da140 Exception <a 'java/lang/NoSuchMethodError'{0x00000000d683dce8}: 'java.lang.Object java.lang.invoke.DirectMethodHandle$Holder.newInvokeSpecial(java.lang.Object, int, java.lang.Object)'> (0x00000000d683dce8) 
thrown [s\src\hotspot\share\interpreter\linkResolver.cpp, line 773]
Event: 6.200 Thread 0x00000177168da140 Exception <a 'java/lang/ClassNotFoundException'{0x00000000d6a55ce0}: sun/net/www/protocol/plurl/Handler> (0x00000000d6a55ce0) 
thrown [s\src\hotspot\share\classfile\systemDictionary.cpp, line 313]
Event: 6.200 Thread 0x00000177168da140 Exception <a 'java/lang/ClassNotFoundException'{0x00000000d6a56b60}: sun/net/www/protocol/plurl/Handler> (0x00000000d6a56b60) 
thrown [s\src\hotspot\share\classfile\systemDictionary.cpp, line 313]

ZGC Phase Switch (0 events):
No events

VM Operations (20 events):
Event: 2.780 Executing non-safepoint VM operation: HandshakeAllThreads (Deoptimize)
Event: 2.780 Executing non-safepoint VM operation: HandshakeAllThreads (Deoptimize) done
Event: 2.780 Executing safepoint VM operation: Cleanup
Event: 2.780 Executing safepoint VM operation: Cleanup done
Event: 3.792 Executing safepoint VM operation: Cleanup
Event: 3.808 Executing safepoint VM operation: Cleanup done
Event: 4.091 Executing non-safepoint VM operation: HandshakeAllThreads (Deoptimize)
Event: 4.091 Executing non-safepoint VM operation: HandshakeAllThreads (Deoptimize) done
Event: 4.178 Executing non-safepoint VM operation: HandshakeAllThreads (Deoptimize)
Event: 4.178 Executing non-safepoint VM operation: HandshakeAllThreads (Deoptimize) done
Event: 4.850 Executing safepoint VM operation: ParallelGCFailedAllocation (Allocation Failure)
Event: 4.869 Executing safepoint VM operation: ParallelGCFailedAllocation (Allocation Failure) done
Event: 5.873 Executing safepoint VM operation: Cleanup
Event: 5.873 Executing safepoint VM operation: Cleanup done
Event: 6.090 Executing non-safepoint VM operation: HandshakeAllThreads (Deoptimize)
Event: 6.092 Executing non-safepoint VM operation: HandshakeAllThreads (Deoptimize) done
Event: 6.107 Executing non-safepoint VM operation: HandshakeAllThreads (Deoptimize)
Event: 6.107 Executing non-safepoint VM operation: HandshakeAllThreads (Deoptimize) done
Event: 6.188 Executing non-safepoint VM operation: HandshakeAllThreads (Deoptimize)
Event: 6.188 Executing non-safepoint VM operation: HandshakeAllThreads (Deoptimize) done

Memory protections (0 events):
No events

Nmethod flushes (0 events):
No events

Events (12 events):
Event: 0.239 Thread 0x00000177168da140 Thread added: 0x00000177168da140
Event: 0.574 Thread 0x00000177168da140 Thread added: 0x000001772f3b0000
Event: 0.575 Thread 0x00000177168da140 Thread added: 0x000001772f3b1ed0
Event: 0.578 Thread 0x00000177168da140 Thread added: 0x000001772f3b4840
Event: 0.578 Thread 0x00000177168da140 Thread added: 0x000001772f39f290
Event: 0.579 Thread 0x00000177168da140 Thread added: 0x000001772f3b5690
Event: 0.579 Thread 0x00000177168da140 Thread added: 0x000001772f3b60f0
Event: 0.579 Thread 0x00000177168da140 Thread added: 0x000001772f3b73c0
Event: 0.651 Thread 0x00000177168da140 Thread added: 0x000001772fa8ac70
Event: 2.109 Thread 0x00000177168da140 Thread added: 0x000001772fc88e00
Event: 3.670 Thread 0x00000177168da140 Thread added: 0x0000017734055860
Event: 6.065 Thread 0x00000177168da140 Thread added: 0x00000177348c4c00


Dynamic libraries:
0x00007ff6981c0000 - 0x00007ff6981ce000 	c:\Users\vusic\.vscode\extensions\redhat.java-1.56.0-win32-x64\jre\21.0.12.1-win32-x86_64\bin\java.exe
0x00007ffe41ba0000 - 0x00007ffe41e07000 	C:\WINDOWS\SYSTEM32\ntdll.dll
0x00007ffdfd5f0000 - 0x00007ffdfd611000 	C:\Program Files\Norton\Suite\aswhook.dll
0x00007ffe407e0000 - 0x00007ffe408ab000 	C:\WINDOWS\System32\KERNEL32.DLL
0x00007ffe3f3c0000 - 0x00007ffe3f7c1000 	C:\WINDOWS\System32\KERNELBASE.dll
0x00007ffe3ef60000 - 0x00007ffe3f0ac000 	C:\WINDOWS\System32\ucrtbase.dll
0x00007ffdb1b70000 - 0x00007ffdb1b88000 	c:\Users\vusic\.vscode\extensions\redhat.java-1.56.0-win32-x64\jre\21.0.12.1-win32-x86_64\bin\jli.dll
0x00007ffe401f0000 - 0x00007ffe403c7000 	C:\WINDOWS\System32\USER32.dll
0x00007ffe3f890000 - 0x00007ffe3f8b7000 	C:\WINDOWS\System32\win32u.dll
0x00007ffe40450000 - 0x00007ffe4047b000 	C:\WINDOWS\System32\GDI32.dll
0x00007ffe3eda0000 - 0x00007ffe3eec8000 	C:\WINDOWS\System32\gdi32full.dll
0x00007ffe3f180000 - 0x00007ffe3f223000 	C:\WINDOWS\System32\msvcp_win.dll
0x00007ffdb1b50000 - 0x00007ffdb1b6e000 	c:\Users\vusic\.vscode\extensions\redhat.java-1.56.0-win32-x64\jre\21.0.12.1-win32-x86_64\bin\VCRUNTIME140.dll
0x00007ffe13e50000 - 0x00007ffe140e0000 	C:\WINDOWS\WinSxS\amd64_microsoft.windows.common-controls_6595b64144ccf1df_6.0.26100.9549_none_3e0a0396e3330090\COMCTL32.dll
0x00007ffe3fd40000 - 0x00007ffe3fde9000 	C:\WINDOWS\System32\msvcrt.dll
0x00007ffe406b0000 - 0x00007ffe406e1000 	C:\WINDOWS\System32\IMM32.DLL
0x00007ffe2f950000 - 0x00007ffe2f95c000 	c:\Users\vusic\.vscode\extensions\redhat.java-1.56.0-win32-x64\jre\21.0.12.1-win32-x86_64\bin\vcruntime140_1.dll
0x00007ffd7cac0000 - 0x00007ffd7cb4d000 	c:\Users\vusic\.vscode\extensions\redhat.java-1.56.0-win32-x64\jre\21.0.12.1-win32-x86_64\bin\msvcp140.dll
0x00007ffd6cd30000 - 0x00007ffd6dad2000 	c:\Users\vusic\.vscode\extensions\redhat.java-1.56.0-win32-x64\jre\21.0.12.1-win32-x86_64\bin\server\jvm.dll
0x00007ffe40950000 - 0x00007ffe40a0b000 	C:\WINDOWS\System32\ADVAPI32.dll
0x00007ffe3f9c0000 - 0x00007ffe3fa68000 	C:\WINDOWS\System32\sechost.dll
0x00007ffe40a10000 - 0x00007ffe40b28000 	C:\WINDOWS\System32\RPCRT4.dll
0x00007ffe3fc50000 - 0x00007ffe3fcd1000 	C:\WINDOWS\System32\WS2_32.dll
0x00007ffe3ec10000 - 0x00007ffe3ec6e000 	C:\WINDOWS\SYSTEM32\POWRPROF.dll
0x00007ffdf9c70000 - 0x00007ffdf9ca7000 	C:\WINDOWS\SYSTEM32\WINMM.dll
0x00007ffe2e7b0000 - 0x00007ffe2e7bb000 	C:\WINDOWS\SYSTEM32\VERSION.dll
0x00007ffe3ebf0000 - 0x00007ffe3ec05000 	C:\WINDOWS\SYSTEM32\UMPDC.dll
0x00007ffe3da40000 - 0x00007ffe3da5b000 	C:\WINDOWS\SYSTEM32\kernel.appcore.dll
0x00007ffe09870000 - 0x00007ffe0987a000 	c:\Users\vusic\.vscode\extensions\redhat.java-1.56.0-win32-x64\jre\21.0.12.1-win32-x86_64\bin\jimage.dll
0x00007ffe3c210000 - 0x00007ffe3c45c000 	C:\WINDOWS\SYSTEM32\DBGHELP.DLL
0x00007ffe3fe60000 - 0x00007ffe401ea000 	C:\WINDOWS\System32\combase.dll
0x00007ffe406f0000 - 0x00007ffe407c9000 	C:\WINDOWS\System32\OLEAUT32.dll
0x00007ffe2d180000 - 0x00007ffe2d1bb000 	C:\WINDOWS\SYSTEM32\dbgcore.DLL
0x00007ffe3f0c0000 - 0x00007ffe3f16c000 	C:\WINDOWS\System32\bcryptPrimitives.dll
0x00007ffe000c0000 - 0x00007ffe000cf000 	c:\Users\vusic\.vscode\extensions\redhat.java-1.56.0-win32-x64\jre\21.0.12.1-win32-x86_64\bin\instrument.dll
0x00007ffdb1b30000 - 0x00007ffdb1b50000 	c:\Users\vusic\.vscode\extensions\redhat.java-1.56.0-win32-x64\jre\21.0.12.1-win32-x86_64\bin\java.dll
0x00007ffdfe4c0000 - 0x00007ffdfe4d8000 	c:\Users\vusic\.vscode\extensions\redhat.java-1.56.0-win32-x64\jre\21.0.12.1-win32-x86_64\bin\zip.dll
0x00007ffe410a0000 - 0x00007ffe4183c000 	C:\WINDOWS\System32\SHELL32.dll
0x00007ffe3c7c0000 - 0x00007ffe3d06d000 	C:\WINDOWS\SYSTEM32\windows.storage.dll
0x00007ffe41a60000 - 0x00007ffe41b59000 	C:\WINDOWS\System32\SHCORE.dll
0x00007ffe3fdf0000 - 0x00007ffe3fe56000 	C:\WINDOWS\System32\shlwapi.dll
0x00007ffe3ecb0000 - 0x00007ffe3ecd9000 	C:\WINDOWS\SYSTEM32\profapi.dll
0x00007ffdffbe0000 - 0x00007ffdffbf0000 	C:\Users\vusic\.vscode\extensions\redhat.java-1.56.0-win32-x64\jre\21.0.12.1-win32-x86_64\bin\net.dll
0x00007ffe2ecb0000 - 0x00007ffe2edda000 	C:\WINDOWS\SYSTEM32\WINHTTP.dll
0x00007ffe3e000000 - 0x00007ffe3e06c000 	C:\WINDOWS\system32\mswsock.dll
0x00007ffdb1b10000 - 0x00007ffdb1b26000 	C:\Users\vusic\.vscode\extensions\redhat.java-1.56.0-win32-x64\jre\21.0.12.1-win32-x86_64\bin\nio.dll
0x00007ffdfdf80000 - 0x00007ffdfdf90000 	c:\Users\vusic\.vscode\extensions\redhat.java-1.56.0-win32-x64\jre\21.0.12.1-win32-x86_64\bin\verify.dll

JVMTI agents:
c:\Users\vusic\.vscode\extensions\redhat.java-1.56.0-win32-x64\lombok\lombok-1.18.39-4050.jar path:c:\Users\vusic\.vscode\extensions\redhat.java-1.56.0-win32-x64\jre\21.0.12.1-win32-x86_64\bin\instrument.dll, loaded, initialized, instrumentlib options:none

dbghelp: loaded successfully - version: 4.0.5 - missing functions: none
symbol engine: initialized successfully - sym options: 0x614 - pdb path: .;c:\Users\vusic\.vscode\extensions\redhat.java-1.56.0-win32-x64\jre\21.0.12.1-win32-x86_64\bin;C:\WINDOWS\SYSTEM32;C:\Program Files\Norton\Suite;C:\WINDOWS\WinSxS\amd64_microsoft.windows.common-controls_6595b64144ccf1df_6.0.26100.9549_none_3e0a0396e3330090;c:\Users\vusic\.vscode\extensions\redhat.java-1.56.0-win32-x64\jre\21.0.12.1-win32-x86_64\bin\server

VM Arguments:
jvm_args: --add-modules=ALL-SYSTEM --add-opens=java.base/java.util=ALL-UNNAMED --add-opens=java.base/java.lang=ALL-UNNAMED --add-opens=java.base/sun.nio.fs=ALL-UNNAMED -Declipse.application=org.eclipse.jdt.ls.core.id1 -Dosgi.bundles.defaultStartLevel=4 -Declipse.product=org.eclipse.jdt.ls.core.product -Djava.import.generatesMetadataFilesAtProjectRoot=false -Dm2e.project.cache.size=50 -DDetectVMInstallationsJob.disabled=true -Dfile.encoding=utf8 -XX:+UseParallelGC -XX:GCTimeRatio=4 -XX:AdaptiveSizePolicyWeight=90 -Dsun.zip.disableMemoryMapping=true -Xmx2G -Xms100m -Xlog:disable -javaagent:c:\Users\vusic\.vscode\extensions\redhat.java-1.56.0-win32-x64\lombok\lombok-1.18.39-4050.jar -XX:+HeapDumpOnOutOfMemoryError -XX:HeapDumpPath=c:\Users\vusic\AppData\Roaming\Code\User\workspaceStorage\954bffe993b83363cc4f8f9bed81b0d2\redhat.java -Daether.dependencyCollector.impl=bf 
java_command: c:\Users\vusic\.vscode\extensions\redhat.java-1.56.0-win32-x64\server\plugins\org.eclipse.equinox.launcher_1.8.0.v20260804-1928.jar -configuration c:\Users\vusic\AppData\Roaming\Code\User\globalStorage\redhat.java\1.56.0\config_win -data c:\Users\vusic\AppData\Roaming\Code\User\workspaceStorage\954bffe993b83363cc4f8f9bed81b0d2\redhat.java\jdt_ws --stdio
java_class_path (initial): c:\Users\vusic\.vscode\extensions\redhat.java-1.56.0-win32-x64\server\plugins\org.eclipse.equinox.launcher_1.8.0.v20260804-1928.jar
Launcher Type: SUN_STANDARD

[Global flags]
    uintx AdaptiveSizePolicyWeight                 = 90                                        {product} {command line}
     intx CICompilerCount                          = 2                                         {product} {ergonomic}
    uintx GCTimeRatio                              = 4                                         {product} {command line}
     bool HeapDumpOnOutOfMemoryError               = true                                   {manageable} {command line}
    ccstr HeapDumpPath                             = c:\Users\vusic\AppData\Roaming\Code\User\workspaceStorage\954bffe993b83363cc4f8f9bed81b0d2\redhat.java         {manageable} {command line}
   size_t InitialHeapSize                          = 104857600                                 {product} {command line}
   size_t MaxHeapSize                              = 2147483648                                {product} {command line}
   size_t MaxNewSize                               = 715653120                                 {product} {ergonomic}
   size_t MinHeapDeltaBytes                        = 524288                                    {product} {ergonomic}
   size_t MinHeapSize                              = 104857600                                 {product} {command line}
   size_t NewSize                                  = 34603008                                  {product} {ergonomic}
    uintx NonNMethodCodeHeapSize                   = 5826188                                {pd product} {ergonomic}
    uintx NonProfiledCodeHeapSize                  = 122916026                              {pd product} {ergonomic}
   size_t OldSize                                  = 70254592                                  {product} {ergonomic}
    uintx ProfiledCodeHeapSize                     = 122916026                              {pd product} {ergonomic}
    uintx ReservedCodeCacheSize                    = 251658240                              {pd product} {ergonomic}
     bool SegmentedCodeCache                       = true                                      {product} {ergonomic}
   size_t SoftMaxHeapSize                          = 2147483648                             {manageable} {ergonomic}
     bool UseCompressedOops                        = true                           {product lp64_product} {ergonomic}
     bool UseLargePagesIndividualAllocation        = false                                  {pd product} {ergonomic}
     bool UseParallelGC                            = true                                      {product} {command line}

Logging:
Log output configuration:
 #0: stdout all=off uptime,level,tags foldmultilines=false
 #1: stderr all=off uptime,level,tags foldmultilines=false

Release file:
JAVA_VERSION="21.0.12.1" 
MODULES="java.base java.compiler java.datatransfer java.xml java.prefs java.desktop java.instrument java.logging java.management java.security.sasl java.naming java.rmi java.management.rmi java.net.http java.scripting java.security.jgss java.transaction.xa java.sql java.sql.rowset java.xml.crypto java.se java.smartcardio jdk.accessibility jdk.internal.jvmstat jdk.attach jdk.charsets jdk.internal.opt jdk.zipfs jdk.compiler jdk.crypto.ec jdk.crypto.cryptoki jdk.crypto.mscapi jdk.dynalink jdk.internal.ed jdk.editpad jdk.hotspot.agent jdk.httpserver jdk.internal.le jdk.internal.vm.ci jdk.internal.vm.compiler jdk.internal.vm.compiler.management jdk.jartool jdk.javadoc jdk.jcmd jdk.management jdk.management.agent jdk.jconsole jdk.jdeps jdk.jdwp.agent jdk.jdi jdk.jfr jdk.jshell jdk.jsobject jdk.jstatd jdk.localedata jdk.management.jfr jdk.naming.dns jdk.naming.rmi jdk.net jdk.nio.mapmode jdk.random jdk.sctp jdk.security.auth jdk.security.jgss jdk.unsupported jdk.unsupported.desktop jdk.xml.dom" 

Environment Variables:
PATH=C:\Program Files\Eclipse Adoptium\jdk-17.0.20.8-hotspot\bin;C:\windows\system32;C:\windows;C:\windows\System32\Wbem;C:\windows\System32\WindowsPowerShell\v1.0\;C:\windows\System32\OpenSSH\;C:\WINDOWS\system32;C:\WINDOWS;C:\WINDOWS\System32\Wbem;C:\WINDOWS\System32\WindowsPowerShell\v1.0\;C:\WINDOWS\System32\OpenSSH\;C:\Program Files\Git\cmd;C:\Users\vusic\AppData\Local\Microsoft\WindowsApps;C:\Users\vusic\AppData\Local\Kingsoft\WPS Office\12.1.0.27458\clitool;C:\Users\vusic\AppData\Local\Programs\Microsoft VS Code\bin
USERNAME=vusic
OS=Windows_NT
PROCESSOR_IDENTIFIER=Intel64 Family 6 Model 156 Stepping 0, GenuineIntel
TMP=C:\Users\vusic\AppData\Local\Temp
TEMP=C:\Users\vusic\AppData\Local\Temp




Periodic native trim disabled

---------------  S Y S T E M  ---------------

OS:
 Windows 11 , 64 bit Build 26100 (10.0.26100.9549)
OS uptime: 0 days 4:53 hours
Hyper-V role detected

CPU: total 2 (initial active 2) (2 cores per cpu, 1 threads per core) family 6 model 156 stepping 0 microcode 0x24000026, cx8, cmov, fxsr, mmx, 3dnowpref, sse, sse2, sse3, ssse3, sse4.1, sse4.2, popcnt, tsc, tscinvbit, aes, erms, clmul, sha, clflush, clflushopt, clwb, hv, rdtscp, rdpid
Processor Information for the first 2 processors :
  Max Mhz: 1114, Current Mhz: 1114, Mhz Limit: 1114

Memory: 4k page, system-wide physical 3889M (333M free)
TotalPageFile size 15665M (AvailPageFile size 0M)
current process WorkingSet (physical memory assigned to process): 86M, peak: 86M
current process commit charge ("private bytes"): 217M, peak: 218M

vm_info: OpenJDK 64-Bit Server VM (21.0.12.1+1-LTS) for windows-amd64 JRE (21.0.12.1+1-LTS), built on 2026-08-18T00:00:00Z by "admin" with MS VC++ 17.12 (VS2022)

END.
