#
# There is insufficient memory for the Java Runtime Environment to continue.
# Native memory allocation (malloc) failed to allocate 32744 bytes. Error detail: Chunk::new
# Possible reasons:
#   The system is out of physical RAM or swap space
#   This process is running with CompressedOops enabled, and the Java Heap may be blocking the growth of the native heap
# Possible solutions:
#   Reduce memory load on the system
#   Increase physical memory or swap space
#   Check if swap backing store is full
#   Decrease Java heap size (-Xmx/-Xms)
#   Decrease number of Java threads
#   Decrease Java thread stack sizes (-Xss)
#   Set larger code cache with -XX:ReservedCodeCacheSize=
#   JVM is running with Unscaled Compressed Oops mode in which the Java heap is
#     placed in the first 4GB address space. The Java Heap base address is the
#     maximum limit for the native heap growth. Please use -XX:HeapBaseMinAddress
#     to set the Java Heap base and to place the Java Heap above 4GB virtual address.
# This output file may be truncated or incomplete.
#
#  Out of Memory Error (arena.cpp:168), pid=17720, tid=21952
#
# JRE version: OpenJDK Runtime Environment Temurin-21.0.12.1+1 (21.0.12.1+1) (build 21.0.12.1+1-LTS)
# Java VM: OpenJDK 64-Bit Server VM Temurin-21.0.12.1+1 (21.0.12.1+1-LTS, mixed mode, sharing, tiered, compressed oops, compressed class ptrs, parallel gc, windows-amd64)
# No core dump will be written. Minidumps are not enabled by default on client versions of Windows
#

---------------  S U M M A R Y ------------

Command Line: --add-modules=ALL-SYSTEM --add-opens=java.base/java.util=ALL-UNNAMED --add-opens=java.base/java.lang=ALL-UNNAMED --add-opens=java.base/sun.nio.fs=ALL-UNNAMED -Declipse.application=org.eclipse.jdt.ls.core.id1 -Dosgi.bundles.defaultStartLevel=4 -Declipse.product=org.eclipse.jdt.ls.core.product -Djava.import.generatesMetadataFilesAtProjectRoot=false -Dm2e.project.cache.size=50 -DDetectVMInstallationsJob.disabled=true -Dfile.encoding=utf8 -XX:+UseParallelGC -XX:GCTimeRatio=4 -XX:AdaptiveSizePolicyWeight=90 -Dsun.zip.disableMemoryMapping=true -Xmx2G -Xms100m -Xlog:disable -javaagent:c:\Users\vusic\.vscode\extensions\redhat.java-1.56.0-win32-x64\lombok\lombok-1.18.39-4050.jar -XX:+HeapDumpOnOutOfMemoryError -XX:HeapDumpPath=c:\Users\vusic\AppData\Roaming\Code\User\workspaceStorage\954bffe993b83363cc4f8f9bed81b0d2\redhat.java -Daether.dependencyCollector.impl=bf c:\Users\vusic\.vscode\extensions\redhat.java-1.56.0-win32-x64\server\plugins\org.eclipse.equinox.launcher_1.8.0.v20260804-1928.jar -configuration c:\Users\vusic\AppData\Roaming\Code\User\globalStorage\redhat.java\1.56.0\config_win -data c:\Users\vusic\AppData\Roaming\Code\User\workspaceStorage\954bffe993b83363cc4f8f9bed81b0d2\redhat.java\jdt_ws --stdio

Host: Intel(R) Celeron(R) N4500 @ 1.10GHz, 2 cores, 3G,  Windows 11 , 64 bit Build 26100 (10.0.26100.9549)
Time: Sun Oct  4 16:59:24 2026 South Africa Standard Time elapsed time: 53.353478 seconds (0d 0h 0m 53s)

---------------  T H R E A D  ---------------

Current thread (0x0000020be6938e70):  JavaThread "C2 CompilerThread0" daemon [_thread_in_native, id=21952, stack(0x000000eb73a00000,0x000000eb73b00000) (1024K)]


Current CompileTask:
C2:53353 8446       4       org.eclipse.jdt.internal.compiler.parser.Parser::consumeRule (7843 bytes)

Stack: [0x000000eb73a00000,0x000000eb73b00000]
Native frames: (J=compiled Java code, j=interpreted, Vv=VM code, C=native code)
V  [jvm.dll+0x6d83e9]
V  [jvm.dll+0x8b5736]
V  [jvm.dll+0x8b7cee]
V  [jvm.dll+0x8b83d3]
V  [jvm.dll+0x284596]
V  [jvm.dll+0xc685d]
V  [jvm.dll+0xc6da1]
V  [jvm.dll+0x703e7d]
V  [jvm.dll+0x1e421a]
V  [jvm.dll+0x24c853]
V  [jvm.dll+0x24bce0]
V  [jvm.dll+0x1cb4ae]
V  [jvm.dll+0x25baad]
V  [jvm.dll+0x25a03a]
V  [jvm.dll+0x3f8aae]
V  [jvm.dll+0x8600cd]
V  [jvm.dll+0x6d6c1d]
C  [ucrtbase.dll+0x2cd30]
C  [KERNEL32.DLL+0x2cdf7]
C  [ntdll.dll+0x7ee4c]


---------------  P R O C E S S  ---------------

Threads class SMR info:
_java_thread_list=0x0000020bff2988e0, length=33, elements={
0x0000020be47ea0a0, 0x0000020be692dfb0, 0x0000020be6930620, 0x0000020be69337f0,
0x0000020be6934a60, 0x0000020be69375d0, 0x0000020be6938030, 0x0000020be6938e70,
0x0000020be69b4230, 0x0000020bfda73a40, 0x0000020bfdbef9b0, 0x0000020bfdc26800,
0x0000020bfe207750, 0x0000020bfe2974c0, 0x0000020bfe260340, 0x0000020bfe906900,
0x0000020bfe2f0300, 0x0000020bfe81f7e0, 0x0000020bfe108560, 0x0000020bfe107840,
0x0000020bfe108bf0, 0x0000020bfe107ed0, 0x0000020bc591dc80, 0x0000020bc591bbb0,
0x0000020bc591c240, 0x0000020bc591c8d0, 0x0000020bc591a800, 0x0000020bc591cf60,
0x0000020bc591d5f0, 0x0000020bc591ae90, 0x0000020bc591fd50, 0x0000020bc591e9a0,
0x0000020bc591b520
}

Java Threads: ( => current thread )
  0x0000020be47ea0a0 JavaThread "main"                              [_thread_blocked, id=24516, stack(0x000000eb73000000,0x000000eb73100000) (1024K)]
  0x0000020be692dfb0 JavaThread "Reference Handler"          daemon [_thread_blocked, id=23672, stack(0x000000eb73400000,0x000000eb73500000) (1024K)]
  0x0000020be6930620 JavaThread "Finalizer"                  daemon [_thread_blocked, id=7504, stack(0x000000eb73500000,0x000000eb73600000) (1024K)]
  0x0000020be69337f0 JavaThread "Signal Dispatcher"          daemon [_thread_blocked, id=2836, stack(0x000000eb73600000,0x000000eb73700000) (1024K)]
  0x0000020be6934a60 JavaThread "Attach Listener"            daemon [_thread_blocked, id=24364, stack(0x000000eb73700000,0x000000eb73800000) (1024K)]
  0x0000020be69375d0 JavaThread "Service Thread"             daemon [_thread_blocked, id=15468, stack(0x000000eb73800000,0x000000eb73900000) (1024K)]
  0x0000020be6938030 JavaThread "Monitor Deflation Thread"   daemon [_thread_blocked, id=22492, stack(0x000000eb73900000,0x000000eb73a00000) (1024K)]
=>0x0000020be6938e70 JavaThread "C2 CompilerThread0"         daemon [_thread_in_native, id=21952, stack(0x000000eb73a00000,0x000000eb73b00000) (1024K)]
  0x0000020be69b4230 JavaThread "C1 CompilerThread0"         daemon [_thread_blocked, id=22140, stack(0x000000eb73b00000,0x000000eb73c00000) (1024K)]
  0x0000020bfda73a40 JavaThread "Common-Cleaner"             daemon [_thread_blocked, id=20624, stack(0x000000eb73c00000,0x000000eb73d00000) (1024K)]
  0x0000020bfdbef9b0 JavaThread "Notification Thread"        daemon [_thread_blocked, id=24968, stack(0x000000eb73d00000,0x000000eb73e00000) (1024K)]
  0x0000020bfdc26800 JavaThread "Active Thread: Equinox Container: d4c8e468-3998-4054-b8da-0e460cf5cfcf"        [_thread_blocked, id=10192, stack(0x000000eb73f00000,0x000000eb74000000) (1024K)]
  0x0000020bfe207750 JavaThread "Refresh Thread: Equinox Container: d4c8e468-3998-4054-b8da-0e460cf5cfcf" daemon [_thread_blocked, id=21700, stack(0x000000eb74000000,0x000000eb74100000) (1024K)]
  0x0000020bfe2974c0 JavaThread "Framework Event Dispatcher: Equinox Container: d4c8e468-3998-4054-b8da-0e460cf5cfcf" daemon [_thread_blocked, id=17864, stack(0x000000eb74100000,0x000000eb74200000) (1024K)]
  0x0000020bfe260340 JavaThread "Start Level: Equinox Container: d4c8e468-3998-4054-b8da-0e460cf5cfcf" daemon [_thread_blocked, id=8300, stack(0x000000eb74200000,0x000000eb74300000) (1024K)]
  0x0000020bfe906900 JavaThread "Bundle File Closer"         daemon [_thread_blocked, id=5944, stack(0x000000eb74300000,0x000000eb74400000) (1024K)]
  0x0000020bfe2f0300 JavaThread "SCR Component Actor"        daemon [_thread_blocked, id=6860, stack(0x000000eb74400000,0x000000eb74500000) (1024K)]
  0x0000020bfe81f7e0 JavaThread "Worker-JM"                         [_thread_blocked, id=17568, stack(0x000000eb74500000,0x000000eb74600000) (1024K)]
  0x0000020bfe108560 JavaThread "JNA Cleaner"                daemon [_thread_blocked, id=13908, stack(0x000000eb74600000,0x000000eb74700000) (1024K)]
  0x0000020bfe107840 JavaThread "Worker-0"                          [_thread_blocked, id=20820, stack(0x000000eb74700000,0x000000eb74800000) (1024K)]
  0x0000020bfe108bf0 JavaThread "Worker-1"                          [_thread_blocked, id=17712, stack(0x000000eb74800000,0x000000eb74900000) (1024K)]
  0x0000020bfe107ed0 JavaThread "Worker-2"                          [_thread_blocked, id=22132, stack(0x000000eb74900000,0x000000eb74a00000) (1024K)]
  0x0000020bc591dc80 JavaThread "Worker-3"                          [_thread_blocked, id=14480, stack(0x000000eb74a00000,0x000000eb74b00000) (1024K)]
  0x0000020bc591bbb0 JavaThread "Java indexing"              daemon [_thread_blocked, id=12596, stack(0x000000eb74b00000,0x000000eb74c00000) (1024K)]
  0x0000020bc591c240 JavaThread "Worker-4"                          [_thread_blocked, id=20508, stack(0x000000eb74e00000,0x000000eb74f00000) (1024K)]
  0x0000020bc591c8d0 JavaThread "Worker-5"                          [_thread_blocked, id=12536, stack(0x000000eb74f00000,0x000000eb75000000) (1024K)]
  0x0000020bc591a800 JavaThread "pool-2-thread-1"                   [_thread_blocked, id=25560, stack(0x000000eb75000000,0x000000eb75100000) (1024K)]
  0x0000020bc591cf60 JavaThread "WorkspaceEventsHandler"            [_thread_blocked, id=18588, stack(0x000000eb75100000,0x000000eb75200000) (1024K)]
  0x0000020bc591d5f0 JavaThread "pool-1-thread-1"                   [_thread_in_native, id=18628, stack(0x000000eb75200000,0x000000eb75300000) (1024K)]
  0x0000020bc591ae90 JavaThread "PatternSearchJob-worker-1"  daemon [_thread_blocked, id=22488, stack(0x000000eb75300000,0x000000eb75400000) (1024K)]
  0x0000020bc591fd50 JavaThread "Thread-7"                          [_thread_in_Java, id=5208, stack(0x000000eb75a00000,0x000000eb75b00000) (1024K)]
  0x0000020bc591e9a0 JavaThread "Thread-8"                          [_thread_blocked, id=504, stack(0x000000eb75400000,0x000000eb75500000) (1024K)]
  0x0000020bc591b520 JavaThread "Thread-9"                          [_thread_blocked, id=11644, stack(0x000000eb75500000,0x000000eb75600000) (1024K)]
Total: 33

Other Threads:
  0x0000020be6b22b10 VMThread "VM Thread"                           [id=14860, stack(0x000000eb73300000,0x000000eb73400000) (1024K)]
  0x0000020be6af1b40 WatcherThread "VM Periodic Task Thread"        [id=23196, stack(0x000000eb73200000,0x000000eb73300000) (1024K)]
  0x0000020be6aa02f0 WorkerThread "GC Thread#0"                     [id=6336, stack(0x000000eb73100000,0x000000eb73200000) (1024K)]
  0x0000020bfdff9a20 WorkerThread "GC Thread#1"                     [id=13420, stack(0x000000eb73e00000,0x000000eb73f00000) (1024K)]
Total: 4

Threads with active compile tasks:
C2 CompilerThread0  53451 8446       4       org.eclipse.jdt.internal.compiler.parser.Parser::consumeRule (7843 bytes)
Total: 1

VM state: not at safepoint (normal execution)

VM Mutex/Monitor currently owned by a thread: None

Heap address: 0x0000000080000000, size: 2048 MB, Compressed Oops mode: 32-bit

CDS archive(s) mapped at: [0x0000020b80000000-0x0000020b80ba0000-0x0000020b80ba0000), size 12189696, SharedBaseAddress: 0x0000020b80000000, ArchiveRelocationMode: 1.
Compressed class space mapped at: 0x0000020b81000000-0x0000020bc1000000, reserved size: 1073741824
Narrow klass base: 0x0000020b80000000, Narrow klass shift: 0, Narrow klass range: 0x100000000

GC Precious Log:
 CardTable entry size: 512
 CPUs: 2 total, 2 available
 Memory: 3889M
 Large Page Support: Disabled
 NUMA Support: Disabled
 Compressed Oops: Enabled (32-bit)
 Alignments: Space 512K, Generation 512K, Heap 2M
 Heap Min Capacity: 100M
 Heap Initial Capacity: 100M
 Heap Max Capacity: 2G
 Pre-touch: Disabled
 Parallel Workers: 2

Heap:
 PSYoungGen      total 22016K, used 13001K [0x00000000d5580000, 0x00000000d7080000, 0x0000000100000000)
  eden space 19968K, 54% used [0x00000000d5580000,0x00000000d6033ed0,0x00000000d6900000)
  from space 2048K, 99% used [0x00000000d6c80000,0x00000000d6e7e910,0x00000000d6e80000)
  to   space 3584K, 0% used [0x00000000d6900000,0x00000000d6900000,0x00000000d6c80000)
 ParOldGen       total 68608K, used 42531K [0x0000000080000000, 0x0000000084300000, 0x00000000d5580000)
  object space 68608K, 61% used [0x0000000080000000,0x0000000082988cc8,0x0000000084300000)
 Metaspace       used 60865K, committed 62208K, reserved 1114112K
  class space    used 6510K, committed 7104K, reserved 1048576K

Card table byte_map: [0x0000020be6420000,0x0000020be6830000] _byte_map_base: 0x0000020be6020000

Marking Bits: (ParMarkBitMap*) 0x00007ffd6d9f44a0
 Begin Bits: [0x0000020bf8f30000, 0x0000020bfaf30000)
 End Bits:   [0x0000020bfaf30000, 0x0000020bfcf30000)

Polling page: 0x0000020be48d0000

Metaspace:

Usage:
  Non-class:     53.08 MB used.
      Class:      6.36 MB used.
       Both:     59.44 MB used.

Virtual space:
  Non-class space:       64.00 MB reserved,      53.81 MB ( 84%) committed,  1 nodes.
      Class space:        1.00 GB reserved,       6.94 MB ( <1%) committed,  1 nodes.
             Both:        1.06 GB reserved,      60.75 MB (  6%) committed. 

Chunk freelists:
   Non-Class:  9.70 MB
       Class:  9.04 MB
        Both:  18.75 MB

MaxMetaspaceSize: unlimited
CompressedClassSpaceSize: 1.00 GB
Initial GC threshold: 21.00 MB
Current GC threshold: 97.31 MB
CDS: on
 - commit_granule_bytes: 65536.
 - commit_granule_words: 8192.
 - virtual_space_node_default_size: 8388608.
 - enlarge_chunks_in_place: 1.
 - use_allocation_guard: 0.


Internal statistics:

num_allocs_failed_limit: 9.
num_arena_births: 1010.
num_arena_deaths: 14.
num_vsnodes_births: 2.
num_vsnodes_deaths: 0.
num_space_committed: 972.
num_space_uncommitted: 0.
num_chunks_returned_to_freelist: 23.
num_chunks_taken_from_freelist: 3728.
num_chunk_merges: 14.
num_chunk_splits: 2345.
num_chunks_enlarged: 1411.
num_inconsistent_stats: 0.

CodeHeap 'non-profiled nmethods': size=120064Kb used=4948Kb max_used=4948Kb free=115115Kb
 bounds [0x0000020bf1740000, 0x0000020bf1c20000, 0x0000020bf8c80000]
CodeHeap 'profiled nmethods': size=120000Kb used=17720Kb max_used=17720Kb free=102280Kb
 bounds [0x0000020be9c80000, 0x0000020beadd0000, 0x0000020bf11b0000]
CodeHeap 'non-nmethods': size=5696Kb used=1419Kb max_used=1473Kb free=4276Kb
 bounds [0x0000020bf11b0000, 0x0000020bf1420000, 0x0000020bf1740000]
CodeCache: size=245760Kb, used=24087Kb, max_used=24141Kb, free=221671Kb
 total_blobs=8422, nmethods=7683, adapters=646, full_count=0
Compilation: enabled, stopped_count=0, restarted_count=0

Compilation events (20 events):
Event: 52.421 Thread 0x0000020be69b4230 nmethod 8436 0x0000020beadc5590 code [0x0000020beadc5760, 0x0000020beadc5ab0]
Event: 52.485 Thread 0x0000020be69b4230 8437       3       org.eclipse.jdt.core.compiler.CharOperation::replaceOnCopy (78 bytes)
Event: 52.485 Thread 0x0000020be69b4230 nmethod 8437 0x0000020beadc5c10 code [0x0000020beadc5de0, 0x0000020beadc6278]
Event: 52.540 Thread 0x0000020be69b4230 8438       3       org.eclipse.jdt.internal.core.JavaProject::getJavaProject (2 bytes)
Event: 52.540 Thread 0x0000020be69b4230 nmethod 8438 0x0000020bea1e5010 code [0x0000020bea1e51a0, 0x0000020bea1e52b0]
Event: 52.540 Thread 0x0000020be69b4230 8439       3       org.eclipse.jdt.internal.core.PackageFragmentRoot::<init> (11 bytes)
Event: 52.541 Thread 0x0000020be69b4230 nmethod 8439 0x0000020beadc6490 code [0x0000020beadc6660, 0x0000020beadc6a68]
Event: 52.542 Thread 0x0000020be69b4230 8440   !   3       java.util.zip.ZipFile$Source::<init> (167 bytes)
Event: 52.544 Thread 0x0000020be69b4230 nmethod 8440 0x0000020beadc6c10 code [0x0000020beadc6f40, 0x0000020beadc7f90]
Event: 53.009 Thread 0x0000020be69b4230 8441       3       org.eclipse.jdt.internal.compiler.ast.SingleTypeReference::<init> (29 bytes)
Event: 53.010 Thread 0x0000020be69b4230 nmethod 8441 0x0000020beadc8790 code [0x0000020beadc8960, 0x0000020beadc8ca8]
Event: 53.037 Thread 0x0000020be69b4230 8442       3       org.eclipse.jdt.internal.compiler.parser.Parser::getAnnotationsOnDimensions (96 bytes)
Event: 53.038 Thread 0x0000020be69b4230 nmethod 8442 0x0000020beadc8e10 code [0x0000020beadc9000, 0x0000020beadc9650]
Event: 53.144 Thread 0x0000020be69b4230 8443       3       org.eclipse.jdt.internal.compiler.SourceJavadocParser::parseSimpleTag (501 bytes)
Event: 53.146 Thread 0x0000020be69b4230 nmethod 8443 0x0000020beadc9890 code [0x0000020beadc9cc0, 0x0000020beadcbdc0]
Event: 53.146 Thread 0x0000020be69b4230 8444       3       org.eclipse.jdt.internal.compiler.ast.TypeReference::baseTypeReference (397 bytes)
Event: 53.147 Thread 0x0000020be69b4230 nmethod 8444 0x0000020beadcc590 code [0x0000020beadcc940, 0x0000020beadcdcb8]
Event: 53.221 Thread 0x0000020be69b4230 8445       1       org.eclipse.jdt.internal.compiler.ast.LocalDeclaration::isReceiver (2 bytes)
Event: 53.222 Thread 0x0000020be69b4230 nmethod 8445 0x0000020bf1c14e10 code [0x0000020bf1c14fa0, 0x0000020bf1c15068]
Event: 53.222 Thread 0x0000020be6938e70 8446       4       org.eclipse.jdt.internal.compiler.parser.Parser::consumeRule (7843 bytes)

GC Heap History (20 events):
Event: 27.268 GC heap before
{Heap before GC invocations=26 (full 2):
 PSYoungGen      total 23040K, used 22528K [0x00000000d5580000, 0x00000000d6e80000, 0x0000000100000000)
  eden space 20480K, 100% used [0x00000000d5580000,0x00000000d6980000,0x00000000d6980000)
  from space 2560K, 80% used [0x00000000d6980000,0x00000000d6b80000,0x00000000d6c00000)
  to   space 2560K, 0% used [0x00000000d6c00000,0x00000000d6c00000,0x00000000d6e80000)
 ParOldGen       total 68608K, used 32685K [0x0000000080000000, 0x0000000084300000, 0x00000000d5580000)
  object space 68608K, 47% used [0x0000000080000000,0x0000000081feb548,0x0000000084300000)
 Metaspace       used 48930K, committed 50240K, reserved 1114112K
  class space    used 5329K, committed 5952K, reserved 1048576K
}
Event: 27.278 GC heap after
{Heap after GC invocations=26 (full 2):
 PSYoungGen      total 23040K, used 2200K [0x00000000d5580000, 0x00000000d6e80000, 0x0000000100000000)
  eden space 20480K, 0% used [0x00000000d5580000,0x00000000d5580000,0x00000000d6980000)
  from space 2560K, 85% used [0x00000000d6c00000,0x00000000d6e26210,0x00000000d6e80000)
  to   space 2560K, 0% used [0x00000000d6980000,0x00000000d6980000,0x00000000d6c00000)
 ParOldGen       total 68608K, used 34701K [0x0000000080000000, 0x0000000084300000, 0x00000000d5580000)
  object space 68608K, 50% used [0x0000000080000000,0x00000000821e3548,0x0000000084300000)
 Metaspace       used 48930K, committed 50240K, reserved 1114112K
  class space    used 5329K, committed 5952K, reserved 1048576K
}
Event: 29.797 GC heap before
{Heap before GC invocations=27 (full 2):
 PSYoungGen      total 23040K, used 22680K [0x00000000d5580000, 0x00000000d6e80000, 0x0000000100000000)
  eden space 20480K, 100% used [0x00000000d5580000,0x00000000d6980000,0x00000000d6980000)
  from space 2560K, 85% used [0x00000000d6c00000,0x00000000d6e26210,0x00000000d6e80000)
  to   space 2560K, 0% used [0x00000000d6980000,0x00000000d6980000,0x00000000d6c00000)
 ParOldGen       total 68608K, used 34701K [0x0000000080000000, 0x0000000084300000, 0x00000000d5580000)
  object space 68608K, 50% used [0x0000000080000000,0x00000000821e3548,0x0000000084300000)
 Metaspace       used 50546K, committed 51840K, reserved 1114112K
  class space    used 5485K, committed 6080K, reserved 1048576K
}
Event: 29.810 GC heap after
{Heap after GC invocations=27 (full 2):
 PSYoungGen      total 23040K, used 2536K [0x00000000d5580000, 0x00000000d7680000, 0x0000000100000000)
  eden space 20480K, 0% used [0x00000000d5580000,0x00000000d5580000,0x00000000d6980000)
  from space 2560K, 99% used [0x00000000d6980000,0x00000000d6bfa000,0x00000000d6c00000)
  to   space 6656K, 0% used [0x00000000d7000000,0x00000000d7000000,0x00000000d7680000)
 ParOldGen       total 68608K, used 37837K [0x0000000080000000, 0x0000000084300000, 0x00000000d5580000)
  object space 68608K, 55% used [0x0000000080000000,0x00000000824f35e8,0x0000000084300000)
 Metaspace       used 50546K, committed 51840K, reserved 1114112K
  class space    used 5485K, committed 6080K, reserved 1048576K
}
Event: 31.012 GC heap before
{Heap before GC invocations=28 (full 2):
 PSYoungGen      total 23040K, used 23016K [0x00000000d5580000, 0x00000000d7680000, 0x0000000100000000)
  eden space 20480K, 100% used [0x00000000d5580000,0x00000000d6980000,0x00000000d6980000)
  from space 2560K, 99% used [0x00000000d6980000,0x00000000d6bfa000,0x00000000d6c00000)
  to   space 6656K, 0% used [0x00000000d7000000,0x00000000d7000000,0x00000000d7680000)
 ParOldGen       total 68608K, used 37837K [0x0000000080000000, 0x0000000084300000, 0x00000000d5580000)
  object space 68608K, 55% used [0x0000000080000000,0x00000000824f35e8,0x0000000084300000)
 Metaspace       used 51795K, committed 52992K, reserved 1114112K
  class space    used 5611K, committed 6144K, reserved 1048576K
}
Event: 31.018 GC heap after
{Heap after GC invocations=28 (full 2):
 PSYoungGen      total 20992K, used 384K [0x00000000d5580000, 0x00000000d7080000, 0x0000000100000000)
  eden space 20480K, 0% used [0x00000000d5580000,0x00000000d5580000,0x00000000d6980000)
  from space 512K, 75% used [0x00000000d7000000,0x00000000d7060020,0x00000000d7080000)
  to   space 2560K, 0% used [0x00000000d6b80000,0x00000000d6b80000,0x00000000d6e00000)
 ParOldGen       total 68608K, used 40370K [0x0000000080000000, 0x0000000084300000, 0x00000000d5580000)
  object space 68608K, 58% used [0x0000000080000000,0x000000008276c940,0x0000000084300000)
 Metaspace       used 51795K, committed 52992K, reserved 1114112K
  class space    used 5611K, committed 6144K, reserved 1048576K
}
Event: 31.686 GC heap before
{Heap before GC invocations=29 (full 2):
 PSYoungGen      total 20992K, used 20864K [0x00000000d5580000, 0x00000000d7080000, 0x0000000100000000)
  eden space 20480K, 100% used [0x00000000d5580000,0x00000000d6980000,0x00000000d6980000)
  from space 512K, 75% used [0x00000000d7000000,0x00000000d7060020,0x00000000d7080000)
  to   space 2560K, 0% used [0x00000000d6b80000,0x00000000d6b80000,0x00000000d6e00000)
 ParOldGen       total 68608K, used 40370K [0x0000000080000000, 0x0000000084300000, 0x00000000d5580000)
  object space 68608K, 58% used [0x0000000080000000,0x000000008276c940,0x0000000084300000)
 Metaspace       used 52804K, committed 54080K, reserved 1114112K
  class space    used 5699K, committed 6272K, reserved 1048576K
}
Event: 31.689 GC heap after
{Heap after GC invocations=29 (full 2):
 PSYoungGen      total 23040K, used 1630K [0x00000000d5580000, 0x00000000d7080000, 0x0000000100000000)
  eden space 20480K, 0% used [0x00000000d5580000,0x00000000d5580000,0x00000000d6980000)
  from space 2560K, 63% used [0x00000000d6b80000,0x00000000d6d17898,0x00000000d6e00000)
  to   space 2048K, 0% used [0x00000000d6e80000,0x00000000d6e80000,0x00000000d7080000)
 ParOldGen       total 68608K, used 40685K [0x0000000080000000, 0x0000000084300000, 0x00000000d5580000)
  object space 68608K, 59% used [0x0000000080000000,0x00000000827bb450,0x0000000084300000)
 Metaspace       used 52804K, committed 54080K, reserved 1114112K
  class space    used 5699K, committed 6272K, reserved 1048576K
}
Event: 32.031 GC heap before
{Heap before GC invocations=30 (full 2):
 PSYoungGen      total 23040K, used 22110K [0x00000000d5580000, 0x00000000d7080000, 0x0000000100000000)
  eden space 20480K, 100% used [0x00000000d5580000,0x00000000d6980000,0x00000000d6980000)
  from space 2560K, 63% used [0x00000000d6b80000,0x00000000d6d17898,0x00000000d6e00000)
  to   space 2048K, 0% used [0x00000000d6e80000,0x00000000d6e80000,0x00000000d7080000)
 ParOldGen       total 68608K, used 40685K [0x0000000080000000, 0x0000000084300000, 0x00000000d5580000)
  object space 68608K, 59% used [0x0000000080000000,0x00000000827bb450,0x0000000084300000)
 Metaspace       used 52852K, committed 54080K, reserved 1114112K
  class space    used 5700K, committed 6272K, reserved 1048576K
}
Event: 32.033 GC heap after
{Heap after GC invocations=30 (full 2):
 PSYoungGen      total 20992K, used 425K [0x00000000d5580000, 0x00000000d6f00000, 0x0000000100000000)
  eden space 20480K, 0% used [0x00000000d5580000,0x00000000d5580000,0x00000000d6980000)
  from space 512K, 83% used [0x00000000d6e80000,0x00000000d6eea750,0x00000000d6f00000)
  to   space 1024K, 0% used [0x00000000d6d00000,0x00000000d6d00000,0x00000000d6e00000)
 ParOldGen       total 68608K, used 41449K [0x0000000080000000, 0x0000000084300000, 0x00000000d5580000)
  object space 68608K, 60% used [0x0000000080000000,0x000000008287a5f8,0x0000000084300000)
 Metaspace       used 52852K, committed 54080K, reserved 1114112K
  class space    used 5700K, committed 6272K, reserved 1048576K
}
Event: 34.882 GC heap before
{Heap before GC invocations=31 (full 2):
 PSYoungGen      total 20992K, used 20905K [0x00000000d5580000, 0x00000000d6f00000, 0x0000000100000000)
  eden space 20480K, 100% used [0x00000000d5580000,0x00000000d6980000,0x00000000d6980000)
  from space 512K, 83% used [0x00000000d6e80000,0x00000000d6eea750,0x00000000d6f00000)
  to   space 1024K, 0% used [0x00000000d6d00000,0x00000000d6d00000,0x00000000d6e00000)
 ParOldGen       total 68608K, used 41449K [0x0000000080000000, 0x0000000084300000, 0x00000000d5580000)
  object space 68608K, 60% used [0x0000000080000000,0x000000008287a5f8,0x0000000084300000)
 Metaspace       used 54769K, committed 56064K, reserved 1114112K
  class space    used 5897K, committed 6464K, reserved 1048576K
}
Event: 34.886 GC heap after
{Heap after GC invocations=31 (full 2):
 PSYoungGen      total 21504K, used 1005K [0x00000000d5580000, 0x00000000d6f00000, 0x0000000100000000)
  eden space 20480K, 0% used [0x00000000d5580000,0x00000000d5580000,0x00000000d6980000)
  from space 1024K, 98% used [0x00000000d6d00000,0x00000000d6dfb590,0x00000000d6e00000)
  to   space 1024K, 0% used [0x00000000d6e00000,0x00000000d6e00000,0x00000000d6f00000)
 ParOldGen       total 68608K, used 41611K [0x0000000080000000, 0x0000000084300000, 0x00000000d5580000)
  object space 68608K, 60% used [0x0000000080000000,0x00000000828a2fb8,0x0000000084300000)
 Metaspace       used 54769K, committed 56064K, reserved 1114112K
  class space    used 5897K, committed 6464K, reserved 1048576K
}
Event: 37.994 GC heap before
{Heap before GC invocations=32 (full 2):
 PSYoungGen      total 21504K, used 21485K [0x00000000d5580000, 0x00000000d6f00000, 0x0000000100000000)
  eden space 20480K, 100% used [0x00000000d5580000,0x00000000d6980000,0x00000000d6980000)
  from space 1024K, 98% used [0x00000000d6d00000,0x00000000d6dfb590,0x00000000d6e00000)
  to   space 1024K, 0% used [0x00000000d6e00000,0x00000000d6e00000,0x00000000d6f00000)
 ParOldGen       total 68608K, used 41611K [0x0000000080000000, 0x0000000084300000, 0x00000000d5580000)
  object space 68608K, 60% used [0x0000000080000000,0x00000000828a2fb8,0x0000000084300000)
 Metaspace       used 57167K, committed 58432K, reserved 1114112K
  class space    used 6157K, committed 6720K, reserved 1048576K
}
Event: 38.000 GC heap after
{Heap after GC invocations=32 (full 2):
 PSYoungGen      total 21504K, used 993K [0x00000000d5580000, 0x00000000d6f00000, 0x0000000100000000)
  eden space 20480K, 0% used [0x00000000d5580000,0x00000000d5580000,0x00000000d6980000)
  from space 1024K, 96% used [0x00000000d6e00000,0x00000000d6ef8418,0x00000000d6f00000)
  to   space 2048K, 0% used [0x00000000d6b00000,0x00000000d6b00000,0x00000000d6d00000)
 ParOldGen       total 68608K, used 42405K [0x0000000080000000, 0x0000000084300000, 0x00000000d5580000)
  object space 68608K, 61% used [0x0000000080000000,0x0000000082969730,0x0000000084300000)
 Metaspace       used 57167K, committed 58432K, reserved 1114112K
  class space    used 6157K, committed 6720K, reserved 1048576K
}
Event: 40.038 GC heap before
{Heap before GC invocations=33 (full 2):
 PSYoungGen      total 21504K, used 13095K [0x00000000d5580000, 0x00000000d6f00000, 0x0000000100000000)
  eden space 20480K, 59% used [0x00000000d5580000,0x00000000d6151920,0x00000000d6980000)
  from space 1024K, 96% used [0x00000000d6e00000,0x00000000d6ef8418,0x00000000d6f00000)
  to   space 2048K, 0% used [0x00000000d6b00000,0x00000000d6b00000,0x00000000d6d00000)
 ParOldGen       total 68608K, used 42405K [0x0000000080000000, 0x0000000084300000, 0x00000000d5580000)
  object space 68608K, 61% used [0x0000000080000000,0x0000000082969730,0x0000000084300000)
 Metaspace       used 58541K, committed 59776K, reserved 1114112K
  class space    used 6278K, committed 6848K, reserved 1048576K
}
Event: 40.044 GC heap after
{Heap after GC invocations=33 (full 2):
 PSYoungGen      total 22016K, used 1433K [0x00000000d5580000, 0x00000000d6e80000, 0x0000000100000000)
  eden space 20480K, 0% used [0x00000000d5580000,0x00000000d5580000,0x00000000d6980000)
  from space 1536K, 93% used [0x00000000d6b00000,0x00000000d6c66650,0x00000000d6c80000)
  to   space 2048K, 0% used [0x00000000d6c80000,0x00000000d6c80000,0x00000000d6e80000)
 ParOldGen       total 68608K, used 43340K [0x0000000080000000, 0x0000000084300000, 0x00000000d5580000)
  object space 68608K, 63% used [0x0000000080000000,0x0000000082a530b8,0x0000000084300000)
 Metaspace       used 58541K, committed 59776K, reserved 1114112K
  class space    used 6278K, committed 6848K, reserved 1048576K
}
Event: 40.044 GC heap before
{Heap before GC invocations=34 (full 3):
 PSYoungGen      total 22016K, used 1433K [0x00000000d5580000, 0x00000000d6e80000, 0x0000000100000000)
  eden space 20480K, 0% used [0x00000000d5580000,0x00000000d5580000,0x00000000d6980000)
  from space 1536K, 93% used [0x00000000d6b00000,0x00000000d6c66650,0x00000000d6c80000)
  to   space 2048K, 0% used [0x00000000d6c80000,0x00000000d6c80000,0x00000000d6e80000)
 ParOldGen       total 68608K, used 43340K [0x0000000080000000, 0x0000000084300000, 0x00000000d5580000)
  object space 68608K, 63% used [0x0000000080000000,0x0000000082a530b8,0x0000000084300000)
 Metaspace       used 58541K, committed 59776K, reserved 1114112K
  class space    used 6278K, committed 6848K, reserved 1048576K
}
Event: 40.313 GC heap after
{Heap after GC invocations=34 (full 3):
 PSYoungGen      total 22016K, used 0K [0x00000000d5580000, 0x00000000d6e80000, 0x0000000100000000)
  eden space 20480K, 0% used [0x00000000d5580000,0x00000000d5580000,0x00000000d6980000)
  from space 1536K, 0% used [0x00000000d6b00000,0x00000000d6b00000,0x00000000d6c80000)
  to   space 2048K, 0% used [0x00000000d6c80000,0x00000000d6c80000,0x00000000d6e80000)
 ParOldGen       total 68608K, used 41644K [0x0000000080000000, 0x0000000084300000, 0x00000000d5580000)
  object space 68608K, 60% used [0x0000000080000000,0x00000000828ab190,0x0000000084300000)
 Metaspace       used 58541K, committed 59776K, reserved 1114112K
  class space    used 6278K, committed 6848K, reserved 1048576K
}
Event: 42.850 GC heap before
{Heap before GC invocations=35 (full 3):
 PSYoungGen      total 22016K, used 20480K [0x00000000d5580000, 0x00000000d6e80000, 0x0000000100000000)
  eden space 20480K, 100% used [0x00000000d5580000,0x00000000d6980000,0x00000000d6980000)
  from space 1536K, 0% used [0x00000000d6b00000,0x00000000d6b00000,0x00000000d6c80000)
  to   space 2048K, 0% used [0x00000000d6c80000,0x00000000d6c80000,0x00000000d6e80000)
 ParOldGen       total 68608K, used 41644K [0x0000000080000000, 0x0000000084300000, 0x00000000d5580000)
  object space 68608K, 60% used [0x0000000080000000,0x00000000828ab190,0x0000000084300000)
 Metaspace       used 60465K, committed 61824K, reserved 1114112K
  class space    used 6469K, committed 7040K, reserved 1048576K
}
Event: 42.864 GC heap after
{Heap after GC invocations=35 (full 3):
 PSYoungGen      total 22016K, used 2042K [0x00000000d5580000, 0x00000000d7080000, 0x0000000100000000)
  eden space 19968K, 0% used [0x00000000d5580000,0x00000000d5580000,0x00000000d6900000)
  from space 2048K, 99% used [0x00000000d6c80000,0x00000000d6e7e910,0x00000000d6e80000)
  to   space 3584K, 0% used [0x00000000d6900000,0x00000000d6900000,0x00000000d6c80000)
 ParOldGen       total 68608K, used 42531K [0x0000000080000000, 0x0000000084300000, 0x00000000d5580000)
  object space 68608K, 61% used [0x0000000080000000,0x0000000082988cc8,0x0000000084300000)
 Metaspace       used 60465K, committed 61824K, reserved 1114112K
  class space    used 6469K, committed 7040K, reserved 1048576K
}

Dll operation events (20 events):
Event: 0.415 Attempting to load shared library C:\Users\vusic\.vscode\extensions\redhat.java-1.56.0-win32-x64\jre\21.0.12.1-win32-x86_64\bin\instrument.dll
Event: 0.415 Loaded shared library C:\Users\vusic\.vscode\extensions\redhat.java-1.56.0-win32-x64\jre\21.0.12.1-win32-x86_64\bin\instrument.dll
Event: 0.429 Attempting to load shared library C:\Users\vusic\.vscode\extensions\redhat.java-1.56.0-win32-x64\jre\21.0.12.1-win32-x86_64\bin\net.dll
Event: 0.433 Loaded shared library C:\Users\vusic\.vscode\extensions\redhat.java-1.56.0-win32-x64\jre\21.0.12.1-win32-x86_64\bin\net.dll
Event: 0.440 Attempting to load shared library C:\Users\vusic\.vscode\extensions\redhat.java-1.56.0-win32-x64\jre\21.0.12.1-win32-x86_64\bin\nio.dll
Event: 0.442 Loaded shared library C:\Users\vusic\.vscode\extensions\redhat.java-1.56.0-win32-x64\jre\21.0.12.1-win32-x86_64\bin\nio.dll
Event: 0.451 Attempting to load shared library C:\Users\vusic\.vscode\extensions\redhat.java-1.56.0-win32-x64\jre\21.0.12.1-win32-x86_64\bin\zip.dll
Event: 0.451 Loaded shared library C:\Users\vusic\.vscode\extensions\redhat.java-1.56.0-win32-x64\jre\21.0.12.1-win32-x86_64\bin\zip.dll
Event: 0.520 Attempting to load shared library C:\Users\vusic\.vscode\extensions\redhat.java-1.56.0-win32-x64\jre\21.0.12.1-win32-x86_64\bin\jimage.dll
Event: 0.520 Loaded shared library C:\Users\vusic\.vscode\extensions\redhat.java-1.56.0-win32-x64\jre\21.0.12.1-win32-x86_64\bin\jimage.dll
Event: 0.792 Attempting to load shared library c:\Users\vusic\.vscode\extensions\redhat.java-1.56.0-win32-x64\jre\21.0.12.1-win32-x86_64\bin\verify.dll
Event: 0.793 Loaded shared library c:\Users\vusic\.vscode\extensions\redhat.java-1.56.0-win32-x64\jre\21.0.12.1-win32-x86_64\bin\verify.dll
Event: 5.596 Attempting to load shared library C:\Users\vusic\AppData\Roaming\Code\User\globalStorage\redhat.java\1.56.0\config_win\org.eclipse.equinox.launcher\org.eclipse.equinox.launcher.win32.win32.x86_64_1.3.100.v20260804-1928\eclipse_11924.dll
Event: 5.599 Loaded shared library C:\Users\vusic\AppData\Roaming\Code\User\globalStorage\redhat.java\1.56.0\config_win\org.eclipse.equinox.launcher\org.eclipse.equinox.launcher.win32.win32.x86_64_1.3.100.v20260804-1928\eclipse_11924.dll
Event: 11.409 Attempting to load shared library C:\Users\vusic\AppData\Local\Temp\jna-112574894\jna2484297413022670889.dll
Event: 11.455 Loaded shared library C:\Users\vusic\AppData\Local\Temp\jna-112574894\jna2484297413022670889.dll
Event: 16.176 Attempting to load shared library C:\Users\vusic\.vscode\extensions\redhat.java-1.56.0-win32-x64\jre\21.0.12.1-win32-x86_64\bin\management.dll
Event: 16.177 Loaded shared library C:\Users\vusic\.vscode\extensions\redhat.java-1.56.0-win32-x64\jre\21.0.12.1-win32-x86_64\bin\management.dll
Event: 16.186 Attempting to load shared library C:\Users\vusic\.vscode\extensions\redhat.java-1.56.0-win32-x64\jre\21.0.12.1-win32-x86_64\bin\management_ext.dll
Event: 16.187 Loaded shared library C:\Users\vusic\.vscode\extensions\redhat.java-1.56.0-win32-x64\jre\21.0.12.1-win32-x86_64\bin\management_ext.dll

Deoptimization events (20 events):
Event: 52.273 Thread 0x0000020bc591fd50 Uncommon trap: trap_request=0xffffffde fr.pc=0x0000020bf1a19580 relative=0x00000000000008a0
Event: 52.273 Thread 0x0000020bc591fd50 Uncommon trap: reason=class_check action=maybe_recompile pc=0x0000020bf1a19580 method=java.util.regex.Pattern.lambda$negate$7(Ljava/util/regex/Pattern$CharPredicate;I)Z @ 2 c2
Event: 52.273 Thread 0x0000020bc591fd50 DEOPT PACKING pc=0x0000020bf1a19580 sp=0x000000eb75afe680
Event: 52.273 Thread 0x0000020bc591fd50 DEOPT UNPACKING pc=0x0000020bf1203a9c sp=0x000000eb75afe530 mode 2
Event: 52.274 Thread 0x0000020bc591fd50 Uncommon trap: trap_request=0xffffffde fr.pc=0x0000020bf18e0ec8 relative=0x00000000000000a8
Event: 52.274 Thread 0x0000020bc591fd50 Uncommon trap: reason=class_check action=maybe_recompile pc=0x0000020bf18e0ec8 method=java.util.regex.Pattern.lambda$negate$7(Ljava/util/regex/Pattern$CharPredicate;I)Z @ 2 c2
Event: 52.274 Thread 0x0000020bc591fd50 DEOPT PACKING pc=0x0000020bf18e0ec8 sp=0x000000eb75afe600
Event: 52.274 Thread 0x0000020bc591fd50 DEOPT UNPACKING pc=0x0000020bf1203a9c sp=0x000000eb75afe530 mode 2
Event: 52.274 Thread 0x0000020bc591fd50 Uncommon trap: trap_request=0xffffffde fr.pc=0x0000020bf18e0ec8 relative=0x00000000000000a8
Event: 52.274 Thread 0x0000020bc591fd50 Uncommon trap: reason=class_check action=maybe_recompile pc=0x0000020bf18e0ec8 method=java.util.regex.Pattern.lambda$negate$7(Ljava/util/regex/Pattern$CharPredicate;I)Z @ 2 c2
Event: 52.274 Thread 0x0000020bc591fd50 DEOPT PACKING pc=0x0000020bf18e0ec8 sp=0x000000eb75afe600
Event: 52.274 Thread 0x0000020bc591fd50 DEOPT UNPACKING pc=0x0000020bf1203a9c sp=0x000000eb75afe530 mode 2
Event: 52.274 Thread 0x0000020bc591fd50 Uncommon trap: trap_request=0xffffffde fr.pc=0x0000020bf18e0ec8 relative=0x00000000000000a8
Event: 52.274 Thread 0x0000020bc591fd50 Uncommon trap: reason=class_check action=maybe_recompile pc=0x0000020bf18e0ec8 method=java.util.regex.Pattern.lambda$negate$7(Ljava/util/regex/Pattern$CharPredicate;I)Z @ 2 c2
Event: 52.274 Thread 0x0000020bc591fd50 DEOPT PACKING pc=0x0000020bf18e0ec8 sp=0x000000eb75afe600
Event: 52.274 Thread 0x0000020bc591fd50 DEOPT UNPACKING pc=0x0000020bf1203a9c sp=0x000000eb75afe530 mode 2
Event: 52.277 Thread 0x0000020bc591fd50 Uncommon trap: trap_request=0xffffffde fr.pc=0x0000020bf1a19580 relative=0x00000000000008a0
Event: 52.277 Thread 0x0000020bc591fd50 Uncommon trap: reason=class_check action=maybe_recompile pc=0x0000020bf1a19580 method=java.util.regex.Pattern.lambda$negate$7(Ljava/util/regex/Pattern$CharPredicate;I)Z @ 2 c2
Event: 52.277 Thread 0x0000020bc591fd50 DEOPT PACKING pc=0x0000020bf1a19580 sp=0x000000eb75afe680
Event: 52.277 Thread 0x0000020bc591fd50 DEOPT UNPACKING pc=0x0000020bf1203a9c sp=0x000000eb75afe530 mode 2

Classes loaded (20 events):
Event: 41.061 Loading class java/util/concurrent/CompletableFuture$UniCompletion done
Event: 41.062 Loading class java/util/concurrent/CompletableFuture$UniApply done
Event: 41.064 Loading class java/util/concurrent/CompletableFuture$UniAccept
Event: 41.064 Loading class java/util/concurrent/CompletableFuture$UniAccept done
Event: 41.065 Loading class java/util/concurrent/CompletableFuture$UniExceptionally
Event: 41.065 Loading class java/util/concurrent/CompletableFuture$UniExceptionally done
Event: 41.407 Loading class javax/xml/transform/TransformerConfigurationException
Event: 41.407 Loading class javax/xml/transform/TransformerConfigurationException done
Event: 41.605 Loading class java/util/Hashtable$KeySet
Event: 41.605 Loading class java/util/Hashtable$KeySet done
Event: 44.650 Loading class java/util/stream/ReduceOps$5
Event: 44.650 Loading class java/util/stream/ReduceOps$5 done
Event: 44.650 Loading class java/util/stream/ReduceOps$CountingSink$OfRef
Event: 44.651 Loading class java/util/stream/ReduceOps$CountingSink
Event: 44.651 Loading class java/util/stream/ReduceOps$CountingSink done
Event: 44.652 Loading class java/util/stream/ReduceOps$CountingSink$OfRef done
Event: 45.097 Loading class java/util/stream/ReduceOps$1
Event: 45.097 Loading class java/util/stream/ReduceOps$1 done
Event: 45.097 Loading class java/util/stream/ReduceOps$1ReducingSink
Event: 45.097 Loading class java/util/stream/ReduceOps$1ReducingSink done

Classes unloaded (7 events):
Event: 13.432 Thread 0x0000020be6b22b10 Unloading class 0x0000020b811a3800 'java/lang/invoke/LambdaForm$MH+0x0000020b811a3800'
Event: 13.432 Thread 0x0000020be6b22b10 Unloading class 0x0000020b811a3400 'java/lang/invoke/LambdaForm$MH+0x0000020b811a3400'
Event: 13.432 Thread 0x0000020be6b22b10 Unloading class 0x0000020b811a3000 'java/lang/invoke/LambdaForm$MH+0x0000020b811a3000'
Event: 13.432 Thread 0x0000020be6b22b10 Unloading class 0x0000020b811a2c00 'java/lang/invoke/LambdaForm$MH+0x0000020b811a2c00'
Event: 13.432 Thread 0x0000020be6b22b10 Unloading class 0x0000020b811a2800 'java/lang/invoke/LambdaForm$BMH+0x0000020b811a2800'
Event: 13.432 Thread 0x0000020be6b22b10 Unloading class 0x0000020b811a2400 'java/lang/invoke/LambdaForm$DMH+0x0000020b811a2400'
Event: 13.432 Thread 0x0000020be6b22b10 Unloading class 0x0000020b811a1000 'java/lang/invoke/LambdaForm$DMH+0x0000020b811a1000'

Classes redefined (0 events):
No events

Internal exceptions (20 events):
Event: 42.088 Thread 0x0000020bfe107ed0 Exception <a 'sun/nio/fs/WindowsException'{0x00000000d69035a8}> (0x00000000d69035a8) 
thrown [s\src\hotspot\share\prims\jni.cpp, line 520]
Event: 42.114 Thread 0x0000020bfe107ed0 Exception <a 'sun/nio/fs/WindowsException'{0x00000000d69044b8}> (0x00000000d69044b8) 
thrown [s\src\hotspot\share\prims\jni.cpp, line 520]
Event: 42.115 Thread 0x0000020bfe107ed0 Exception <a 'sun/nio/fs/WindowsException'{0x00000000d6904bd0}> (0x00000000d6904bd0) 
thrown [s\src\hotspot\share\prims\jni.cpp, line 520]
Event: 42.888 Thread 0x0000020bfe107ed0 Exception <a 'java/io/FileNotFoundException'{0x00000000d5756dd0}> (0x00000000d5756dd0) 
thrown [s\src\hotspot\share\prims\jni.cpp, line 520]
Event: 42.889 Thread 0x0000020bfe107ed0 Exception <a 'java/io/FileNotFoundException'{0x00000000d5757b50}> (0x00000000d5757b50) 
thrown [s\src\hotspot\share\prims\jni.cpp, line 520]
Event: 43.248 Thread 0x0000020bfe107ed0 Exception <a 'sun/nio/fs/WindowsException'{0x00000000d57cff88}> (0x00000000d57cff88) 
thrown [s\src\hotspot\share\prims\jni.cpp, line 520]
Event: 43.249 Thread 0x0000020bfe107ed0 Exception <a 'sun/nio/fs/WindowsException'{0x00000000d57d06a0}> (0x00000000d57d06a0) 
thrown [s\src\hotspot\share\prims\jni.cpp, line 520]
Event: 43.250 Thread 0x0000020bfe107ed0 Exception <a 'sun/nio/fs/WindowsException'{0x00000000d57d1588}> (0x00000000d57d1588) 
thrown [s\src\hotspot\share\prims\jni.cpp, line 520]
Event: 43.250 Thread 0x0000020bfe107ed0 Exception <a 'sun/nio/fs/WindowsException'{0x00000000d57d1ca0}> (0x00000000d57d1ca0) 
thrown [s\src\hotspot\share\prims\jni.cpp, line 520]
Event: 43.318 Thread 0x0000020bc591d5f0 Exception <a 'java/lang/IncompatibleClassChangeError'{0x00000000d576c1e8}: Found class java.lang.Object, but interface was expected> (0x00000000d576c1e8) 
thrown [s\src\hotspot\share\interpreter\linkResolver.cpp, line 840]
Event: 44.573 Thread 0x0000020bc591fd50 Exception <a 'java/lang/NullPointerException'{0x00000000d583b6d0}> (0x00000000d583b6d0) 
thrown [s\src\hotspot\share\interpreter\linkResolver.cpp, line 1372]
Event: 44.580 Thread 0x0000020bc591fd50 Exception <a 'java/lang/NullPointerException'{0x00000000d583c7c8}> (0x00000000d583c7c8) 
thrown [s\src\hotspot\share\interpreter\linkResolver.cpp, line 1372]
Event: 44.581 Thread 0x0000020bc591fd50 Exception <a 'java/lang/NullPointerException'{0x00000000d583ce68}> (0x00000000d583ce68) 
thrown [s\src\hotspot\share\interpreter\linkResolver.cpp, line 1372]
Event: 44.639 Thread 0x0000020bc591fd50 Exception <a 'java/lang/NullPointerException'{0x00000000d583db08}> (0x00000000d583db08) 
thrown [s\src\hotspot\share\interpreter\linkResolver.cpp, line 1372]
Event: 44.654 Thread 0x0000020bfe107ed0 Exception <a 'sun/nio/fs/WindowsException'{0x00000000d5993b28}> (0x00000000d5993b28) 
thrown [s\src\hotspot\share\prims\jni.cpp, line 520]
Event: 44.655 Thread 0x0000020bfe107ed0 Exception <a 'sun/nio/fs/WindowsException'{0x00000000d5994240}> (0x00000000d5994240) 
thrown [s\src\hotspot\share\prims\jni.cpp, line 520]
Event: 47.819 Thread 0x0000020bc591fd50 Exception <a 'java/lang/NullPointerException'{0x00000000d5ce2e10}> (0x00000000d5ce2e10) 
thrown [s\src\hotspot\share\interpreter\linkResolver.cpp, line 1372]
Event: 47.822 Thread 0x0000020bc591fd50 Exception <a 'java/lang/NullPointerException'{0x00000000d5ce7b00}> (0x00000000d5ce7b00) 
thrown [s\src\hotspot\share\interpreter\linkResolver.cpp, line 1372]
Event: 53.083 Thread 0x0000020bc591fd50 Exception <a 'java/lang/NullPointerException'{0x00000000d601b168}> (0x00000000d601b168) 
thrown [s\src\hotspot\share\interpreter\linkResolver.cpp, line 1372]
Event: 53.143 Thread 0x0000020bc591fd50 Exception <a 'java/lang/NullPointerException'{0x00000000d601bed0}> (0x00000000d601bed0) 
thrown [s\src\hotspot\share\interpreter\linkResolver.cpp, line 1372]

ZGC Phase Switch (0 events):
No events

VM Operations (20 events):
Event: 41.324 Executing safepoint VM operation: Cleanup
Event: 41.402 Executing safepoint VM operation: Cleanup done
Event: 41.666 Executing non-safepoint VM operation: HandshakeAllThreads (Deoptimize)
Event: 41.704 Executing non-safepoint VM operation: HandshakeAllThreads (Deoptimize) done
Event: 42.121 Executing safepoint VM operation: ParallelGCFailedAllocation (Allocation Failure)
Event: 42.865 Executing safepoint VM operation: ParallelGCFailedAllocation (Allocation Failure) done
Event: 43.897 Executing safepoint VM operation: Cleanup
Event: 44.547 Executing safepoint VM operation: Cleanup done
Event: 44.564 Executing non-safepoint VM operation: HandshakeAllThreads (Deoptimize)
Event: 44.571 Executing non-safepoint VM operation: HandshakeAllThreads (Deoptimize) done
Event: 45.607 Executing safepoint VM operation: Cleanup
Event: 46.337 Executing safepoint VM operation: Cleanup done
Event: 47.452 Executing safepoint VM operation: Cleanup
Event: 47.452 Executing safepoint VM operation: Cleanup done
Event: 48.459 Executing safepoint VM operation: Cleanup
Event: 49.500 Executing safepoint VM operation: Cleanup done
Event: 51.507 Executing safepoint VM operation: Cleanup
Event: 51.522 Executing safepoint VM operation: Cleanup done
Event: 52.524 Executing safepoint VM operation: Cleanup
Event: 52.539 Executing safepoint VM operation: Cleanup done

Memory protections (0 events):
No events

Nmethod flushes (20 events):
Event: 40.137 Thread 0x0000020be6b22b10 flushing  nmethod 0x0000020bea541390
Event: 40.137 Thread 0x0000020be6b22b10 flushing  nmethod 0x0000020bea549d10
Event: 40.137 Thread 0x0000020be6b22b10 flushing  nmethod 0x0000020bea55cc10
Event: 40.137 Thread 0x0000020be6b22b10 flushing  nmethod 0x0000020bea55e090
Event: 40.137 Thread 0x0000020be6b22b10 flushing  nmethod 0x0000020bea5a8e90
Event: 40.137 Thread 0x0000020be6b22b10 flushing  nmethod 0x0000020bea5bc910
Event: 40.137 Thread 0x0000020be6b22b10 flushing  nmethod 0x0000020bea5bcd10
Event: 40.137 Thread 0x0000020be6b22b10 flushing  nmethod 0x0000020bea5be910
Event: 40.137 Thread 0x0000020be6b22b10 flushing  nmethod 0x0000020bea5bef10
Event: 40.137 Thread 0x0000020be6b22b10 flushing  nmethod 0x0000020bea5bf790
Event: 40.137 Thread 0x0000020be6b22b10 flushing  nmethod 0x0000020bea5c0f90
Event: 40.137 Thread 0x0000020be6b22b10 flushing  nmethod 0x0000020bea5c1310
Event: 40.137 Thread 0x0000020be6b22b10 flushing  nmethod 0x0000020bea5c4210
Event: 40.137 Thread 0x0000020be6b22b10 flushing  nmethod 0x0000020bea5c4e90
Event: 40.137 Thread 0x0000020be6b22b10 flushing  nmethod 0x0000020bea5c8910
Event: 40.137 Thread 0x0000020be6b22b10 flushing  nmethod 0x0000020bea5d4e90
Event: 40.137 Thread 0x0000020be6b22b10 flushing  nmethod 0x0000020bea5f8310
Event: 40.137 Thread 0x0000020be6b22b10 flushing  nmethod 0x0000020bea61d510
Event: 40.137 Thread 0x0000020be6b22b10 flushing  nmethod 0x0000020bea640f90
Event: 40.137 Thread 0x0000020be6b22b10 flushing  nmethod 0x0000020bea65dd90

Events (20 events):
Event: 41.101 Thread 0x0000020bc591d5f0 Thread added: 0x0000020bc591f6c0
Event: 41.103 Thread 0x0000020bc591d5f0 Thread added: 0x0000020bc5920a70
Event: 41.106 Thread 0x0000020bc591d5f0 Thread added: 0x0000020bc5921790
Event: 41.167 Thread 0x0000020bc591d5f0 Thread added: 0x0000020bc591fd50
Event: 41.231 Thread 0x0000020bc5921790 Thread exited: 0x0000020bc5921790
Event: 41.232 Thread 0x0000020bc5920a70 Thread exited: 0x0000020bc5920a70
Event: 41.232 Thread 0x0000020bc591b520 Thread exited: 0x0000020bc591b520
Event: 41.233 Thread 0x0000020bc591f6c0 Thread exited: 0x0000020bc591f6c0
Event: 41.410 Thread 0x0000020bc591e9a0 Thread exited: 0x0000020bc591e9a0
Event: 41.768 Thread 0x0000020bc5921100 Thread exited: 0x0000020bc5921100
Event: 42.122 Thread 0x0000020bc591d5f0 Thread added: 0x0000020bc591e9a0
Event: 43.292 Thread 0x0000020bc591d5f0 Thread added: 0x0000020bc591b520
Event: 43.321 Thread 0x0000020bc591d5f0 Thread added: 0x0000020bc5921e20
Event: 43.324 Thread 0x0000020bc591d5f0 Thread added: 0x0000020bc5921790
Event: 43.327 Thread 0x0000020bc591d5f0 Thread added: 0x0000020bc59203e0
Event: 43.425 Thread 0x0000020bc59203e0 Thread exited: 0x0000020bc59203e0
Event: 43.427 Thread 0x0000020bc5921790 Thread exited: 0x0000020bc5921790
Event: 44.363 Thread 0x0000020bc591d5f0 Thread added: 0x0000020bc5921790
Event: 44.558 Thread 0x0000020bc5921790 Thread exited: 0x0000020bc5921790
Event: 44.581 Thread 0x0000020bc5921e20 Thread exited: 0x0000020bc5921e20


Dynamic libraries:
0x00007ff6981c0000 - 0x00007ff6981ce000 	c:\Users\vusic\.vscode\extensions\redhat.java-1.56.0-win32-x64\jre\21.0.12.1-win32-x86_64\bin\java.exe
0x00007ffe41ba0000 - 0x00007ffe41e07000 	C:\WINDOWS\SYSTEM32\ntdll.dll
0x00007ffdfd5f0000 - 0x00007ffdfd611000 	C:\Program Files\Norton\Suite\aswhook.dll
0x00007ffe407e0000 - 0x00007ffe408ab000 	C:\WINDOWS\System32\KERNEL32.DLL
0x00007ffe3f3c0000 - 0x00007ffe3f7c1000 	C:\WINDOWS\System32\KERNELBASE.dll
0x00007ffe3ef60000 - 0x00007ffe3f0ac000 	C:\WINDOWS\System32\ucrtbase.dll
0x00007ffdb1b70000 - 0x00007ffdb1b88000 	c:\Users\vusic\.vscode\extensions\redhat.java-1.56.0-win32-x64\jre\21.0.12.1-win32-x86_64\bin\jli.dll
0x00007ffe401f0000 - 0x00007ffe403c7000 	C:\WINDOWS\System32\USER32.dll
0x00007ffe3f890000 - 0x00007ffe3f8b7000 	C:\WINDOWS\System32\win32u.dll
0x00007ffe40450000 - 0x00007ffe4047b000 	C:\WINDOWS\System32\GDI32.dll
0x00007ffe3eda0000 - 0x00007ffe3eec8000 	C:\WINDOWS\System32\gdi32full.dll
0x00007ffe3f180000 - 0x00007ffe3f223000 	C:\WINDOWS\System32\msvcp_win.dll
0x00007ffdb1b50000 - 0x00007ffdb1b6e000 	c:\Users\vusic\.vscode\extensions\redhat.java-1.56.0-win32-x64\jre\21.0.12.1-win32-x86_64\bin\VCRUNTIME140.dll
0x00007ffe13e50000 - 0x00007ffe140e0000 	C:\WINDOWS\WinSxS\amd64_microsoft.windows.common-controls_6595b64144ccf1df_6.0.26100.9549_none_3e0a0396e3330090\COMCTL32.dll
0x00007ffe3fd40000 - 0x00007ffe3fde9000 	C:\WINDOWS\System32\msvcrt.dll
0x00007ffe406b0000 - 0x00007ffe406e1000 	C:\WINDOWS\System32\IMM32.DLL
0x00007ffe2f950000 - 0x00007ffe2f95c000 	c:\Users\vusic\.vscode\extensions\redhat.java-1.56.0-win32-x64\jre\21.0.12.1-win32-x86_64\bin\vcruntime140_1.dll
0x00007ffd7cac0000 - 0x00007ffd7cb4d000 	c:\Users\vusic\.vscode\extensions\redhat.java-1.56.0-win32-x64\jre\21.0.12.1-win32-x86_64\bin\msvcp140.dll
0x00007ffd6cd30000 - 0x00007ffd6dad2000 	c:\Users\vusic\.vscode\extensions\redhat.java-1.56.0-win32-x64\jre\21.0.12.1-win32-x86_64\bin\server\jvm.dll
0x00007ffe40950000 - 0x00007ffe40a0b000 	C:\WINDOWS\System32\ADVAPI32.dll
0x00007ffe3f9c0000 - 0x00007ffe3fa68000 	C:\WINDOWS\System32\sechost.dll
0x00007ffe40a10000 - 0x00007ffe40b28000 	C:\WINDOWS\System32\RPCRT4.dll
0x00007ffe3fc50000 - 0x00007ffe3fcd1000 	C:\WINDOWS\System32\WS2_32.dll
0x00007ffe3ec10000 - 0x00007ffe3ec6e000 	C:\WINDOWS\SYSTEM32\POWRPROF.dll
0x00007ffdf9c70000 - 0x00007ffdf9ca7000 	C:\WINDOWS\SYSTEM32\WINMM.dll
0x00007ffe2e7b0000 - 0x00007ffe2e7bb000 	C:\WINDOWS\SYSTEM32\VERSION.dll
0x00007ffe3ebf0000 - 0x00007ffe3ec05000 	C:\WINDOWS\SYSTEM32\UMPDC.dll
0x00007ffe3da40000 - 0x00007ffe3da5b000 	C:\WINDOWS\SYSTEM32\kernel.appcore.dll
0x00007ffe09870000 - 0x00007ffe0987a000 	c:\Users\vusic\.vscode\extensions\redhat.java-1.56.0-win32-x64\jre\21.0.12.1-win32-x86_64\bin\jimage.dll
0x00007ffe3c210000 - 0x00007ffe3c45c000 	C:\WINDOWS\SYSTEM32\DBGHELP.DLL
0x00007ffe3fe60000 - 0x00007ffe401ea000 	C:\WINDOWS\System32\combase.dll
0x00007ffe406f0000 - 0x00007ffe407c9000 	C:\WINDOWS\System32\OLEAUT32.dll
0x00007ffe2d180000 - 0x00007ffe2d1bb000 	C:\WINDOWS\SYSTEM32\dbgcore.DLL
0x00007ffe3f0c0000 - 0x00007ffe3f16c000 	C:\WINDOWS\System32\bcryptPrimitives.dll
0x00007ffe000c0000 - 0x00007ffe000cf000 	c:\Users\vusic\.vscode\extensions\redhat.java-1.56.0-win32-x64\jre\21.0.12.1-win32-x86_64\bin\instrument.dll
0x00007ffdb1b30000 - 0x00007ffdb1b50000 	c:\Users\vusic\.vscode\extensions\redhat.java-1.56.0-win32-x64\jre\21.0.12.1-win32-x86_64\bin\java.dll
0x00007ffe410a0000 - 0x00007ffe4183c000 	C:\WINDOWS\System32\SHELL32.dll
0x00007ffe3c7c0000 - 0x00007ffe3d06d000 	C:\WINDOWS\SYSTEM32\windows.storage.dll
0x00007ffe41a60000 - 0x00007ffe41b59000 	C:\WINDOWS\System32\SHCORE.dll
0x00007ffe3fdf0000 - 0x00007ffe3fe56000 	C:\WINDOWS\System32\shlwapi.dll
0x00007ffe3ecb0000 - 0x00007ffe3ecd9000 	C:\WINDOWS\SYSTEM32\profapi.dll
0x00007ffdfe4c0000 - 0x00007ffdfe4d8000 	c:\Users\vusic\.vscode\extensions\redhat.java-1.56.0-win32-x64\jre\21.0.12.1-win32-x86_64\bin\zip.dll
0x00007ffdffbe0000 - 0x00007ffdffbf0000 	C:\Users\vusic\.vscode\extensions\redhat.java-1.56.0-win32-x64\jre\21.0.12.1-win32-x86_64\bin\net.dll
0x00007ffe2ecb0000 - 0x00007ffe2edda000 	C:\WINDOWS\SYSTEM32\WINHTTP.dll
0x00007ffe3e000000 - 0x00007ffe3e06c000 	C:\WINDOWS\system32\mswsock.dll
0x00007ffdb1b10000 - 0x00007ffdb1b26000 	C:\Users\vusic\.vscode\extensions\redhat.java-1.56.0-win32-x64\jre\21.0.12.1-win32-x86_64\bin\nio.dll
0x00007ffdfdf80000 - 0x00007ffdfdf90000 	c:\Users\vusic\.vscode\extensions\redhat.java-1.56.0-win32-x64\jre\21.0.12.1-win32-x86_64\bin\verify.dll
0x00007ffdece00000 - 0x00007ffdece45000 	C:\Users\vusic\AppData\Roaming\Code\User\globalStorage\redhat.java\1.56.0\config_win\org.eclipse.equinox.launcher\org.eclipse.equinox.launcher.win32.win32.x86_64_1.3.100.v20260804-1928\eclipse_11924.dll
0x00007ffe40510000 - 0x00007ffe406aa000 	C:\WINDOWS\System32\ole32.dll
0x00007ffe3e310000 - 0x00007ffe3e32b000 	C:\WINDOWS\SYSTEM32\CRYPTSP.dll
0x00007ffe3d9a0000 - 0x00007ffe3d9d9000 	C:\WINDOWS\system32\rsaenh.dll
0x00007ffe3e0b0000 - 0x00007ffe3e0e4000 	C:\WINDOWS\SYSTEM32\USERENV.dll
0x00007ffe3ec80000 - 0x00007ffe3ecaa000 	C:\WINDOWS\SYSTEM32\bcrypt.dll
0x00007ffe3e2f0000 - 0x00007ffe3e2fc000 	C:\WINDOWS\SYSTEM32\CRYPTBASE.dll
0x00007ffe3d410000 - 0x00007ffe3d443000 	C:\WINDOWS\SYSTEM32\IPHLPAPI.DLL
0x00007ffe407d0000 - 0x00007ffe407da000 	C:\WINDOWS\System32\NSI.dll
0x00007ffdbb320000 - 0x00007ffdbb369000 	C:\Users\vusic\AppData\Local\Temp\jna-112574894\jna2484297413022670889.dll
0x00007ffe41a00000 - 0x00007ffe41a08000 	C:\WINDOWS\System32\PSAPI.DLL
0x00007ffe01b00000 - 0x00007ffe01b0a000 	C:\Users\vusic\.vscode\extensions\redhat.java-1.56.0-win32-x64\jre\21.0.12.1-win32-x86_64\bin\management.dll
0x00007ffdffed0000 - 0x00007ffdffedc000 	C:\Users\vusic\.vscode\extensions\redhat.java-1.56.0-win32-x64\jre\21.0.12.1-win32-x86_64\bin\management_ext.dll
0x00007ffe2ec80000 - 0x00007ffe2ec9e000 	C:\WINDOWS\SYSTEM32\dhcpcsvc6.DLL
0x00007ffe2ec50000 - 0x00007ffe2ec75000 	C:\WINDOWS\SYSTEM32\dhcpcsvc.DLL

JVMTI agents:
c:\Users\vusic\.vscode\extensions\redhat.java-1.56.0-win32-x64\lombok\lombok-1.18.39-4050.jar path:c:\Users\vusic\.vscode\extensions\redhat.java-1.56.0-win32-x64\jre\21.0.12.1-win32-x86_64\bin\instrument.dll, loaded, initialized, instrumentlib options:none

dbghelp: loaded successfully - version: 4.0.5 - missing functions: none
symbol engine: initialized successfully - sym options: 0x614 - pdb path: .;c:\Users\vusic\.vscode\extensions\redhat.java-1.56.0-win32-x64\jre\21.0.12.1-win32-x86_64\bin;C:\WINDOWS\SYSTEM32;C:\Program Files\Norton\Suite;C:\WINDOWS\WinSxS\amd64_microsoft.windows.common-controls_6595b64144ccf1df_6.0.26100.9549_none_3e0a0396e3330090;c:\Users\vusic\.vscode\extensions\redhat.java-1.56.0-win32-x64\jre\21.0.12.1-win32-x86_64\bin\server;C:\Users\vusic\AppData\Roaming\Code\User\globalStorage\redhat.java\1.56.0\config_win\org.eclipse.equinox.launcher\org.eclipse.equinox.launcher.win32.win32.x86_64_1.3.100.v20260804-1928;C:\Users\vusic\AppData\Local\Temp\jna-112574894

VM Arguments:
jvm_args: --add-modules=ALL-SYSTEM --add-opens=java.base/java.util=ALL-UNNAMED --add-opens=java.base/java.lang=ALL-UNNAMED --add-opens=java.base/sun.nio.fs=ALL-UNNAMED -Declipse.application=org.eclipse.jdt.ls.core.id1 -Dosgi.bundles.defaultStartLevel=4 -Declipse.product=org.eclipse.jdt.ls.core.product -Djava.import.generatesMetadataFilesAtProjectRoot=false -Dm2e.project.cache.size=50 -DDetectVMInstallationsJob.disabled=true -Dfile.encoding=utf8 -XX:+UseParallelGC -XX:GCTimeRatio=4 -XX:AdaptiveSizePolicyWeight=90 -Dsun.zip.disableMemoryMapping=true -Xmx2G -Xms100m -Xlog:disable -javaagent:c:\Users\vusic\.vscode\extensions\redhat.java-1.56.0-win32-x64\lombok\lombok-1.18.39-4050.jar -XX:+HeapDumpOnOutOfMemoryError -XX:HeapDumpPath=c:\Users\vusic\AppData\Roaming\Code\User\workspaceStorage\954bffe993b83363cc4f8f9bed81b0d2\redhat.java -Daether.dependencyCollector.impl=bf 
java_command: c:\Users\vusic\.vscode\extensions\redhat.java-1.56.0-win32-x64\server\plugins\org.eclipse.equinox.launcher_1.8.0.v20260804-1928.jar -configuration c:\Users\vusic\AppData\Roaming\Code\User\globalStorage\redhat.java\1.56.0\config_win -data c:\Users\vusic\AppData\Roaming\Code\User\workspaceStorage\954bffe993b83363cc4f8f9bed81b0d2\redhat.java\jdt_ws --stdio
java_class_path (initial): c:\Users\vusic\.vscode\extensions\redhat.java-1.56.0-win32-x64\server\plugins\org.eclipse.equinox.launcher_1.8.0.v20260804-1928.jar
Launcher Type: SUN_STANDARD

[Global flags]
    uintx AdaptiveSizePolicyWeight                 = 90                                        {product} {command line}
     intx CICompilerCount                          = 2                                         {product} {ergonomic}
    uintx GCTimeRatio                              = 4                                         {product} {command line}
     bool HeapDumpOnOutOfMemoryError               = true                                   {manageable} {command line}
    ccstr HeapDumpPath                             = c:\Users\vusic\AppData\Roaming\Code\User\workspaceStorage\954bffe993b83363cc4f8f9bed81b0d2\redhat.java         {manageable} {command line}
   size_t InitialHeapSize                          = 104857600                                 {product} {command line}
   size_t MaxHeapSize                              = 2147483648                                {product} {command line}
   size_t MaxNewSize                               = 715653120                                 {product} {ergonomic}
   size_t MinHeapDeltaBytes                        = 524288                                    {product} {ergonomic}
   size_t MinHeapSize                              = 104857600                                 {product} {command line}
   size_t NewSize                                  = 34603008                                  {product} {ergonomic}
    uintx NonNMethodCodeHeapSize                   = 5826188                                {pd product} {ergonomic}
    uintx NonProfiledCodeHeapSize                  = 122916026                              {pd product} {ergonomic}
   size_t OldSize                                  = 70254592                                  {product} {ergonomic}
    uintx ProfiledCodeHeapSize                     = 122916026                              {pd product} {ergonomic}
    uintx ReservedCodeCacheSize                    = 251658240                              {pd product} {ergonomic}
     bool SegmentedCodeCache                       = true                                      {product} {ergonomic}
   size_t SoftMaxHeapSize                          = 2147483648                             {manageable} {ergonomic}
     bool UseCompressedOops                        = true                           {product lp64_product} {ergonomic}
     bool UseLargePagesIndividualAllocation        = false                                  {pd product} {ergonomic}
     bool UseParallelGC                            = true                                      {product} {command line}

Logging:
Log output configuration:
 #0: stdout all=off uptime,level,tags foldmultilines=false
 #1: stderr all=off uptime,level,tags foldmultilines=false

Release file:
JAVA_VERSION="21.0.12.1" 
MODULES="java.base java.compiler java.datatransfer java.xml java.prefs java.desktop java.instrument java.logging java.management java.security.sasl java.naming java.rmi java.management.rmi java.net.http java.scripting java.security.jgss java.transaction.xa java.sql java.sql.rowset java.xml.crypto java.se java.smartcardio jdk.accessibility jdk.internal.jvmstat jdk.attach jdk.charsets jdk.internal.opt jdk.zipfs jdk.compiler jdk.crypto.ec jdk.crypto.cryptoki jdk.crypto.mscapi jdk.dynalink jdk.internal.ed jdk.editpad jdk.hotspot.agent jdk.httpserver jdk.internal.le jdk.internal.vm.ci jdk.internal.vm.compiler jdk.internal.vm.compiler.management jdk.jartool jdk.javadoc jdk.jcmd jdk.management jdk.management.agent jdk.jconsole jdk.jdeps jdk.jdwp.agent jdk.jdi jdk.jfr jdk.jshell jdk.jsobject jdk.jstatd jdk.localedata jdk.management.jfr jdk.naming.dns jdk.naming.rmi jdk.net jdk.nio.mapmode jdk.random jdk.sctp jdk.security.auth jdk.security.jgss jdk.unsupported jdk.unsupported.desktop jdk.xml.dom" 

Environment Variables:
PATH=C:\Program Files\Eclipse Adoptium\jdk-17.0.20.8-hotspot\bin;C:\windows\system32;C:\windows;C:\windows\System32\Wbem;C:\windows\System32\WindowsPowerShell\v1.0\;C:\windows\System32\OpenSSH\;C:\WINDOWS\system32;C:\WINDOWS;C:\WINDOWS\System32\Wbem;C:\WINDOWS\System32\WindowsPowerShell\v1.0\;C:\WINDOWS\System32\OpenSSH\;C:\Program Files\Git\cmd;C:\Users\vusic\AppData\Local\Microsoft\WindowsApps;C:\Users\vusic\AppData\Local\Kingsoft\WPS Office\12.1.0.27458\clitool;C:\Users\vusic\AppData\Local\Programs\Microsoft VS Code\bin
USERNAME=vusic
OS=Windows_NT
PROCESSOR_IDENTIFIER=Intel64 Family 6 Model 156 Stepping 0, GenuineIntel
TMP=C:\Users\vusic\AppData\Local\Temp
TEMP=C:\Users\vusic\AppData\Local\Temp




Periodic native trim disabled

---------------  S Y S T E M  ---------------

OS:
 Windows 11 , 64 bit Build 26100 (10.0.26100.9549)
OS uptime: 0 days 4:55 hours
Hyper-V role detected

CPU: total 2 (initial active 2) (2 cores per cpu, 1 threads per core) family 6 model 156 stepping 0 microcode 0x24000026, cx8, cmov, fxsr, mmx, 3dnowpref, sse, sse2, sse3, ssse3, sse4.1, sse4.2, popcnt, tsc, tscinvbit, aes, erms, clmul, sha, clflush, clflushopt, clwb, hv, rdtscp, rdpid
Processor Information for the first 2 processors :
  Max Mhz: 1114, Current Mhz: 1114, Mhz Limit: 1114

Memory: 4k page, system-wide physical 3889M (347M free)
TotalPageFile size 15665M (AvailPageFile size 0M)
current process WorkingSet (physical memory assigned to process): 155M, peak: 237M
current process commit charge ("private bytes"): 330M, peak: 338M

vm_info: OpenJDK 64-Bit Server VM (21.0.12.1+1-LTS) for windows-amd64 JRE (21.0.12.1+1-LTS), built on 2026-08-18T00:00:00Z by "admin" with MS VC++ 17.12 (VS2022)

END.
