#
# There is insufficient memory for the Java Runtime Environment to continue.
# Native memory allocation (malloc) failed to allocate 1455376 bytes. Error detail: Chunk::new
# Possible reasons:
#   The system is out of physical RAM or swap space
#   This process is running with CompressedOops enabled, and the Java Heap may be blocking the growth of the native heap
# Possible solutions:
#   Reduce memory load on the system
#   Increase physical memory or swap space
#   Check if swap backing store is full
#   Decrease Java heap size (-Xmx/-Xms)
#   Decrease number of Java threads
#   Decrease Java thread stack sizes (-Xss)
#   Set larger code cache with -XX:ReservedCodeCacheSize=
#   JVM is running with Unscaled Compressed Oops mode in which the Java heap is
#     placed in the first 4GB address space. The Java Heap base address is the
#     maximum limit for the native heap growth. Please use -XX:HeapBaseMinAddress
#     to set the Java Heap base and to place the Java Heap above 4GB virtual address.
# This output file may be truncated or incomplete.
#
#  Out of Memory Error (arena.cpp:168), pid=4912, tid=19476
#
# JRE version: OpenJDK Runtime Environment Temurin-21.0.12.1+1 (21.0.12.1+1) (build 21.0.12.1+1-LTS)
# Java VM: OpenJDK 64-Bit Server VM Temurin-21.0.12.1+1 (21.0.12.1+1-LTS, mixed mode, tiered, compressed oops, compressed class ptrs, parallel gc, windows-amd64)
# No core dump will be written. Minidumps are not enabled by default on client versions of Windows
#

---------------  S U M M A R Y ------------

Command Line: --add-modules=ALL-SYSTEM --add-opens=java.base/java.util=ALL-UNNAMED --add-opens=java.base/java.lang=ALL-UNNAMED --add-opens=java.base/sun.nio.fs=ALL-UNNAMED -Declipse.application=org.eclipse.jdt.ls.core.id1 -Dosgi.bundles.defaultStartLevel=4 -Declipse.product=org.eclipse.jdt.ls.core.product -Djava.import.generatesMetadataFilesAtProjectRoot=false -Dm2e.project.cache.size=50 -DDetectVMInstallationsJob.disabled=true -Dfile.encoding=utf8 -XX:+UseParallelGC -XX:GCTimeRatio=4 -XX:AdaptiveSizePolicyWeight=90 -Dsun.zip.disableMemoryMapping=true -Xmx2G -Xms100m -Xlog:disable -javaagent:c:\Users\vusic\.vscode\extensions\redhat.java-1.56.0-win32-x64\lombok\lombok-1.18.39-4050.jar -XX:+HeapDumpOnOutOfMemoryError -XX:HeapDumpPath=c:\Users\vusic\AppData\Roaming\Code\User\workspaceStorage\954bffe993b83363cc4f8f9bed81b0d2\redhat.java -Daether.dependencyCollector.impl=bf c:\Users\vusic\.vscode\extensions\redhat.java-1.56.0-win32-x64\server\plugins\org.eclipse.equinox.launcher_1.8.0.v20260804-1928.jar -configuration c:\Users\vusic\AppData\Roaming\Code\User\globalStorage\redhat.java\1.56.0\config_win -data c:\Users\vusic\AppData\Roaming\Code\User\workspaceStorage\954bffe993b83363cc4f8f9bed81b0d2\redhat.java\jdt_ws --stdio

Host: Intel(R) Celeron(R) N4500 @ 1.10GHz, 2 cores, 3G,  Windows 11 , 64 bit Build 26100 (10.0.26100.9549)
Time: Sun Oct  4 16:58:26 2026 South Africa Standard Time elapsed time: 52.451507 seconds (0d 0h 0m 52s)

---------------  T H R E A D  ---------------

Current thread (0x0000019f06ca3b80):  JavaThread "C2 CompilerThread0" daemon [_thread_in_native, id=19476, stack(0x00000040e2200000,0x00000040e2300000) (1024K)]


Current CompileTask:
C2:52451 7135   !   4       java.nio.file.FileTreeWalker::next (144 bytes)

Stack: [0x00000040e2200000,0x00000040e2300000]
Native frames: (J=compiled Java code, j=interpreted, Vv=VM code, C=native code)
V  [jvm.dll+0x6d83e9]
V  [jvm.dll+0x8b5736]
V  [jvm.dll+0x8b7cee]
V  [jvm.dll+0x8b83d3]
V  [jvm.dll+0x284596]
V  [jvm.dll+0xc685d]
V  [jvm.dll+0xc6da1]
V  [jvm.dll+0x3bf151]
V  [jvm.dll+0x38b6d2]
V  [jvm.dll+0x38ab1a]
V  [jvm.dll+0x24c700]
V  [jvm.dll+0x24bce0]
V  [jvm.dll+0x1cb4ae]
V  [jvm.dll+0x25baad]
V  [jvm.dll+0x25a03a]
V  [jvm.dll+0x3f8aae]
V  [jvm.dll+0x8600cd]
V  [jvm.dll+0x6d6c1d]
C  [ucrtbase.dll+0x2cd30]
C  [KERNEL32.DLL+0x2cdf7]
C  [ntdll.dll+0x7ee4c]


---------------  P R O C E S S  ---------------

Threads class SMR info:
_java_thread_list=0x0000019f2490eea0, length=31, elements={
0x0000019f049f9da0, 0x0000019f06c6b030, 0x0000019f06c8b2a0, 0x0000019f06c8e760,
0x0000019f06c8f540, 0x0000019f06c8ffa0, 0x0000019f06ca3120, 0x0000019f06ca3b80,
0x0000019f2204d870, 0x0000019f22294280, 0x0000019f226df2d0, 0x0000019f228ee6d0,
0x0000019f226249a0, 0x0000019f22bc33b0, 0x0000019f22bd0640, 0x0000019f22ed17b0,
0x0000019f224377f0, 0x0000019f22ee17d0, 0x0000019f225df710, 0x0000019f225e1e70,
0x0000019f225e0ac0, 0x0000019f225e17e0, 0x0000019f225dfda0, 0x0000019f225e0430,
0x0000019f225e2500, 0x0000019f225e1150, 0x0000019f225df080, 0x0000019f25a9de60,
0x0000019f25a9b070, 0x0000019f25a9c420, 0x0000019f25a9bd90
}

Java Threads: ( => current thread )
  0x0000019f049f9da0 JavaThread "main"                              [_thread_blocked, id=4796, stack(0x00000040e1700000,0x00000040e1800000) (1024K)]
  0x0000019f06c6b030 JavaThread "Reference Handler"          daemon [_thread_blocked, id=2884, stack(0x00000040e1c00000,0x00000040e1d00000) (1024K)]
  0x0000019f06c8b2a0 JavaThread "Finalizer"                  daemon [_thread_blocked, id=15084, stack(0x00000040e1d00000,0x00000040e1e00000) (1024K)]
  0x0000019f06c8e760 JavaThread "Signal Dispatcher"          daemon [_thread_blocked, id=9644, stack(0x00000040e1e00000,0x00000040e1f00000) (1024K)]
  0x0000019f06c8f540 JavaThread "Attach Listener"            daemon [_thread_blocked, id=13404, stack(0x00000040e1f00000,0x00000040e2000000) (1024K)]
  0x0000019f06c8ffa0 JavaThread "Service Thread"             daemon [_thread_blocked, id=23876, stack(0x00000040e2000000,0x00000040e2100000) (1024K)]
  0x0000019f06ca3120 JavaThread "Monitor Deflation Thread"   daemon [_thread_blocked, id=24520, stack(0x00000040e2100000,0x00000040e2200000) (1024K)]
=>0x0000019f06ca3b80 JavaThread "C2 CompilerThread0"         daemon [_thread_in_native, id=19476, stack(0x00000040e2200000,0x00000040e2300000) (1024K)]
  0x0000019f2204d870 JavaThread "C1 CompilerThread0"         daemon [_thread_blocked, id=17360, stack(0x00000040e2300000,0x00000040e2400000) (1024K)]
  0x0000019f22294280 JavaThread "Common-Cleaner"             daemon [_thread_blocked, id=16588, stack(0x00000040e2400000,0x00000040e2500000) (1024K)]
  0x0000019f226df2d0 JavaThread "Notification Thread"        daemon [_thread_blocked, id=24376, stack(0x00000040e2500000,0x00000040e2600000) (1024K)]
  0x0000019f228ee6d0 JavaThread "Active Thread: Equinox Container: f68cbc90-576b-4fc3-b649-2389bf1a870d"        [_thread_blocked, id=25148, stack(0x00000040e2700000,0x00000040e2800000) (1024K)]
  0x0000019f226249a0 JavaThread "Refresh Thread: Equinox Container: f68cbc90-576b-4fc3-b649-2389bf1a870d" daemon [_thread_blocked, id=24668, stack(0x00000040e2800000,0x00000040e2900000) (1024K)]
  0x0000019f22bc33b0 JavaThread "Framework Event Dispatcher: Equinox Container: f68cbc90-576b-4fc3-b649-2389bf1a870d" daemon [_thread_blocked, id=13940, stack(0x00000040e2900000,0x00000040e2a00000) (1024K)]
  0x0000019f22bd0640 JavaThread "Start Level: Equinox Container: f68cbc90-576b-4fc3-b649-2389bf1a870d" daemon [_thread_blocked, id=10780, stack(0x00000040e2a00000,0x00000040e2b00000) (1024K)]
  0x0000019f22ed17b0 JavaThread "Bundle File Closer"         daemon [_thread_blocked, id=1848, stack(0x00000040e2b00000,0x00000040e2c00000) (1024K)]
  0x0000019f224377f0 JavaThread "SCR Component Actor"        daemon [_thread_blocked, id=20224, stack(0x00000040e2c00000,0x00000040e2d00000) (1024K)]
  0x0000019f22ee17d0 JavaThread "Worker-JM"                         [_thread_blocked, id=20296, stack(0x00000040e2d00000,0x00000040e2e00000) (1024K)]
  0x0000019f225df710 JavaThread "JNA Cleaner"                daemon [_thread_blocked, id=12496, stack(0x00000040e2e00000,0x00000040e2f00000) (1024K)]
  0x0000019f225e1e70 JavaThread "Worker-0: Java indexing... "        [_thread_blocked, id=25164, stack(0x00000040e2f00000,0x00000040e3000000) (1024K)]
  0x0000019f225e0ac0 JavaThread "Worker-1"                          [_thread_blocked, id=4564, stack(0x00000040e3000000,0x00000040e3100000) (1024K)]
  0x0000019f225e17e0 JavaThread "Worker-2"                          [_thread_blocked, id=21560, stack(0x00000040e3100000,0x00000040e3200000) (1024K)]
  0x0000019f225dfda0 JavaThread "Worker-3"                          [_thread_blocked, id=2480, stack(0x00000040e3200000,0x00000040e3300000) (1024K)]
  0x0000019f225e0430 JavaThread "Java indexing"              daemon [_thread_in_native, id=24408, stack(0x00000040e3300000,0x00000040e3400000) (1024K)]
  0x0000019f225e2500 JavaThread "Worker-4: Initialize Workspace"        [_thread_blocked, id=128, stack(0x00000040e3600000,0x00000040e3700000) (1024K)]
  0x0000019f225e1150 JavaThread "Worker-5"                          [_thread_blocked, id=5132, stack(0x00000040e3700000,0x00000040e3800000) (1024K)]
  0x0000019f225df080 JavaThread "pool-2-thread-1"                   [_thread_blocked, id=6504, stack(0x00000040e3800000,0x00000040e3900000) (1024K)]
  0x0000019f25a9de60 JavaThread "WorkspaceEventsHandler"            [_thread_blocked, id=20408, stack(0x00000040e3900000,0x00000040e3a00000) (1024K)]
  0x0000019f25a9b070 JavaThread "pool-1-thread-1"                   [_thread_blocked, id=16436, stack(0x00000040e3a00000,0x00000040e3b00000) (1024K)]
  0x0000019f25a9c420 JavaThread "Keep-Alive-Timer"           daemon [_thread_blocked, id=21040, stack(0x00000040e3c00000,0x00000040e3d00000) (1024K)]
  0x0000019f25a9bd90 JavaThread "ProjectImportProgressReporter" daemon [_thread_blocked, id=24180, stack(0x00000040e3d00000,0x00000040e3e00000) (1024K)]
Total: 31

Other Threads:
  0x0000019f06bb8860 VMThread "VM Thread"                           [id=23108, stack(0x00000040e1b00000,0x00000040e1c00000) (1024K)]
  0x0000019f06bacb10 WatcherThread "VM Periodic Task Thread"        [id=17328, stack(0x00000040e1a00000,0x00000040e1b00000) (1024K)]
  0x0000019f06d40790 WorkerThread "GC Thread#0"                     [id=4132, stack(0x00000040e1900000,0x00000040e1a00000) (1024K)]
  0x0000019f224e4720 WorkerThread "GC Thread#1"                     [id=17924, stack(0x00000040e2600000,0x00000040e2700000) (1024K)]
Total: 4

Threads with active compile tasks:
C2 CompilerThread0  52573 7135   !   4       java.nio.file.FileTreeWalker::next (144 bytes)
Total: 1

VM state: not at safepoint (normal execution)

VM Mutex/Monitor currently owned by a thread: None

Heap address: 0x0000000080000000, size: 2048 MB, Compressed Oops mode: 32-bit

CDS archive(s) not mapped
Compressed class space mapped at: 0x0000000100000000-0x0000000140000000, reserved size: 1073741824
Narrow klass base: 0x0000000000000000, Narrow klass shift: 3, Narrow klass range: 0x140000000

GC Precious Log:
 CardTable entry size: 512
 CPUs: 2 total, 2 available
 Memory: 3889M
 Large Page Support: Disabled
 NUMA Support: Disabled
 Compressed Oops: Enabled (32-bit)
 Alignments: Space 512K, Generation 512K, Heap 2M
 Heap Min Capacity: 100M
 Heap Initial Capacity: 100M
 Heap Max Capacity: 2G
 Pre-touch: Disabled
 Parallel Workers: 2

Heap:
 PSYoungGen      total 20992K, used 2484K [0x00000000d5580000, 0x00000000d6c80000, 0x0000000100000000)
  eden space 18432K, 1% used [0x00000000d5580000,0x00000000d55cc818,0x00000000d6780000)
  from space 2560K, 85% used [0x00000000d6880000,0x00000000d6aa0810,0x00000000d6b00000)
  to   space 1536K, 0% used [0x00000000d6b00000,0x00000000d6b00000,0x00000000d6c80000)
 ParOldGen       total 68608K, used 30358K [0x0000000080000000, 0x0000000084300000, 0x00000000d5580000)
  object space 68608K, 44% used [0x0000000080000000,0x0000000081da5b18,0x0000000084300000)
 Metaspace       used 63092K, committed 64320K, reserved 1114112K
  class space    used 6795K, committed 7296K, reserved 1048576K

Card table byte_map: [0x0000019f066c0000,0x0000019f06ad0000] _byte_map_base: 0x0000019f062c0000

Marking Bits: (ParMarkBitMap*) 0x00007ffd6d9f44a0
 Begin Bits: [0x0000019f191d0000, 0x0000019f1b1d0000)
 End Bits:   [0x0000019f1b1d0000, 0x0000019f1d1d0000)

Polling page: 0x0000019f04990000

Metaspace:

Usage:
  Non-class:     54.98 MB used.
      Class:      6.64 MB used.
       Both:     61.61 MB used.

Virtual space:
  Non-class space:       64.00 MB reserved,      55.69 MB ( 87%) committed,  1 nodes.
      Class space:        1.00 GB reserved,       7.12 MB ( <1%) committed,  1 nodes.
             Both:        1.06 GB reserved,      62.81 MB (  6%) committed. 

Chunk freelists:
   Non-Class:  8.17 MB
       Class:  8.89 MB
        Both:  17.06 MB

MaxMetaspaceSize: unlimited
CompressedClassSpaceSize: 1.00 GB
Initial GC threshold: 21.00 MB
Current GC threshold: 97.31 MB
CDS: off
 - commit_granule_bytes: 65536.
 - commit_granule_words: 8192.
 - virtual_space_node_default_size: 8388608.
 - enlarge_chunks_in_place: 1.
 - use_allocation_guard: 0.


Internal statistics:

num_allocs_failed_limit: 9.
num_arena_births: 856.
num_arena_deaths: 16.
num_vsnodes_births: 2.
num_vsnodes_deaths: 0.
num_space_committed: 1005.
num_space_uncommitted: 0.
num_chunks_returned_to_freelist: 25.
num_chunks_taken_from_freelist: 3069.
num_chunk_merges: 15.
num_chunk_splits: 1919.
num_chunks_enlarged: 1147.
num_inconsistent_stats: 0.

CodeHeap 'non-profiled nmethods': size=120064Kb used=3198Kb max_used=3198Kb free=116866Kb
 bounds [0x0000019f119e0000, 0x0000019f11d00000, 0x0000019f18f20000]
CodeHeap 'profiled nmethods': size=120000Kb used=13893Kb max_used=13893Kb free=106106Kb
 bounds [0x0000019f09f20000, 0x0000019f0acc0000, 0x0000019f11450000]
CodeHeap 'non-nmethods': size=5696Kb used=1402Kb max_used=1434Kb free=4293Kb
 bounds [0x0000019f11450000, 0x0000019f116c0000, 0x0000019f119e0000]
CodeCache: size=245760Kb, used=18493Kb, max_used=18525Kb, free=227265Kb
 total_blobs=7314, nmethods=6603, adapters=618, full_count=0
Compilation: enabled, stopped_count=0, restarted_count=0

Compilation events (20 events):
Event: 52.380 Thread 0x0000019f2204d870 7178       3       org.eclipse.jdt.internal.compiler.util.JrtFileSystem$2::preVisitDirectory (136 bytes)
Event: 52.380 Thread 0x0000019f2204d870 nmethod 7178 0x0000019f0ac95590 code [0x0000019f0ac95820, 0x0000019f0ac962c0]
Event: 52.389 Thread 0x0000019f2204d870 7179  s    3       org.eclipse.jdt.core.JavaConventions::scannedIdentifier (9 bytes)
Event: 52.389 Thread 0x0000019f2204d870 nmethod 7179 0x0000019f0ac96590 code [0x0000019f0ac96740, 0x0000019f0ac96938]
Event: 52.389 Thread 0x0000019f2204d870 7180       3       org.eclipse.jdt.internal.compiler.impl.CompilerOptions::versionToJdkLevel (6 bytes)
Event: 52.389 Thread 0x0000019f2204d870 nmethod 7180 0x0000019f0ac96a10 code [0x0000019f0ac96bc0, 0x0000019f0ac96ce0]
Event: 52.389 Thread 0x0000019f2204d870 7181   !   3       org.eclipse.jdt.internal.compiler.impl.CompilerOptions::versionToJdkLevel (236 bytes)
Event: 52.391 Thread 0x0000019f2204d870 nmethod 7181 0x0000019f0ac96d90 code [0x0000019f0ac97180, 0x0000019f0ac98ac0]
Event: 52.391 Thread 0x0000019f2204d870 7182       3       org.eclipse.jdt.internal.compiler.parser.Scanner::scanIdentifier (450 bytes)
Event: 52.392 Thread 0x0000019f2204d870 nmethod 7182 0x0000019f0ac99310 code [0x0000019f0ac99620, 0x0000019f0ac9a758]
Event: 52.393 Thread 0x0000019f2204d870 7183       3       org.eclipse.jdt.internal.core.JrtPackageFragmentRoot$1::visitPackage (14 bytes)
Event: 52.394 Thread 0x0000019f2204d870 nmethod 7183 0x0000019f0ac9ac90 code [0x0000019f0ac9ae60, 0x0000019f0ac9b1a8]
Event: 52.394 Thread 0x0000019f2204d870 7184       3       org.eclipse.jdt.internal.compiler.parser.Scanner::getCurrentIdentifierSource (66 bytes)
Event: 52.394 Thread 0x0000019f2204d870 nmethod 7184 0x0000019f0ac9b290 code [0x0000019f0ac9b460, 0x0000019f0ac9b6e0]
Event: 52.394 Thread 0x0000019f2204d870 7185       3       org.eclipse.jdt.core.JavaConventions::scanForRestrictedKeyWords (137 bytes)
Event: 52.395 Thread 0x0000019f2204d870 nmethod 7185 0x0000019f0ac9b790 code [0x0000019f0ac9ba20, 0x0000019f0ac9c608]
Event: 52.395 Thread 0x0000019f2204d870 7186       3       org.eclipse.jdt.internal.core.JavaModelStatus::getSeverity (65 bytes)
Event: 52.395 Thread 0x0000019f2204d870 nmethod 7186 0x0000019f0ac9c910 code [0x0000019f0ac9cae0, 0x0000019f0ac9ce50]
Event: 52.398 Thread 0x0000019f2204d870 7187       3       org.eclipse.jdt.core.JavaConventions::validateIdentifier (33 bytes)
Event: 52.399 Thread 0x0000019f2204d870 nmethod 7187 0x0000019f0ac9d010 code [0x0000019f0ac9d1e0, 0x0000019f0ac9d468]

GC Heap History (20 events):
Event: 46.443 GC heap before
{Heap before GC invocations=18 (full 2):
 PSYoungGen      total 24576K, used 24194K [0x00000000d5580000, 0x00000000d7000000, 0x0000000100000000)
  eden space 22016K, 99% used [0x00000000d5580000,0x00000000d6affff0,0x00000000d6b00000)
  from space 2560K, 85% used [0x00000000d6b00000,0x00000000d6d20ba0,0x00000000d6d80000)
  to   space 2560K, 0% used [0x00000000d6d80000,0x00000000d6d80000,0x00000000d7000000)
 ParOldGen       total 68608K, used 19333K [0x0000000080000000, 0x0000000084300000, 0x00000000d5580000)
  object space 68608K, 28% used [0x0000000080000000,0x00000000812e17a8,0x0000000084300000)
 Metaspace       used 49021K, committed 50112K, reserved 1114112K
  class space    used 5116K, committed 5568K, reserved 1048576K
}
Event: 46.450 GC heap after
{Heap after GC invocations=18 (full 2):
 PSYoungGen      total 23552K, used 1328K [0x00000000d5580000, 0x00000000d6f00000, 0x0000000100000000)
  eden space 22016K, 0% used [0x00000000d5580000,0x00000000d5580000,0x00000000d6b00000)
  from space 1536K, 86% used [0x00000000d6d80000,0x00000000d6ecc010,0x00000000d6f00000)
  to   space 2048K, 0% used [0x00000000d6b00000,0x00000000d6b00000,0x00000000d6d00000)
 ParOldGen       total 68608K, used 21539K [0x0000000080000000, 0x0000000084300000, 0x00000000d5580000)
  object space 68608K, 31% used [0x0000000080000000,0x0000000081508fa0,0x0000000084300000)
 Metaspace       used 49021K, committed 50112K, reserved 1114112K
  class space    used 5116K, committed 5568K, reserved 1048576K
}
Event: 47.168 GC heap before
{Heap before GC invocations=19 (full 2):
 PSYoungGen      total 23552K, used 23343K [0x00000000d5580000, 0x00000000d6f00000, 0x0000000100000000)
  eden space 22016K, 99% used [0x00000000d5580000,0x00000000d6afffd8,0x00000000d6b00000)
  from space 1536K, 86% used [0x00000000d6d80000,0x00000000d6ecc010,0x00000000d6f00000)
  to   space 2048K, 0% used [0x00000000d6b00000,0x00000000d6b00000,0x00000000d6d00000)
 ParOldGen       total 68608K, used 21539K [0x0000000080000000, 0x0000000084300000, 0x00000000d5580000)
  object space 68608K, 31% used [0x0000000080000000,0x0000000081508fa0,0x0000000084300000)
 Metaspace       used 52389K, committed 53504K, reserved 1114112K
  class space    used 5499K, committed 5952K, reserved 1048576K
}
Event: 47.173 GC heap after
{Heap after GC invocations=19 (full 2):
 PSYoungGen      total 23552K, used 1354K [0x00000000d5580000, 0x00000000d6e00000, 0x0000000100000000)
  eden space 22016K, 0% used [0x00000000d5580000,0x00000000d5580000,0x00000000d6b00000)
  from space 1536K, 88% used [0x00000000d6b00000,0x00000000d6c528e8,0x00000000d6c80000)
  to   space 1536K, 0% used [0x00000000d6c80000,0x00000000d6c80000,0x00000000d6e00000)
 ParOldGen       total 68608K, used 22736K [0x0000000080000000, 0x0000000084300000, 0x00000000d5580000)
  object space 68608K, 33% used [0x0000000080000000,0x0000000081634338,0x0000000084300000)
 Metaspace       used 52389K, committed 53504K, reserved 1114112K
  class space    used 5499K, committed 5952K, reserved 1048576K
}
Event: 47.890 GC heap before
{Heap before GC invocations=20 (full 2):
 PSYoungGen      total 23552K, used 23370K [0x00000000d5580000, 0x00000000d6e00000, 0x0000000100000000)
  eden space 22016K, 100% used [0x00000000d5580000,0x00000000d6b00000,0x00000000d6b00000)
  from space 1536K, 88% used [0x00000000d6b00000,0x00000000d6c528e8,0x00000000d6c80000)
  to   space 1536K, 0% used [0x00000000d6c80000,0x00000000d6c80000,0x00000000d6e00000)
 ParOldGen       total 68608K, used 22736K [0x0000000080000000, 0x0000000084300000, 0x00000000d5580000)
  object space 68608K, 33% used [0x0000000080000000,0x0000000081634338,0x0000000084300000)
 Metaspace       used 54470K, committed 55616K, reserved 1114112K
  class space    used 5784K, committed 6272K, reserved 1048576K
}
Event: 47.895 GC heap after
{Heap after GC invocations=20 (full 2):
 PSYoungGen      total 22016K, used 1536K [0x00000000d5580000, 0x00000000d7100000, 0x0000000100000000)
  eden space 20480K, 0% used [0x00000000d5580000,0x00000000d5580000,0x00000000d6980000)
  from space 1536K, 100% used [0x00000000d6c80000,0x00000000d6e00000,0x00000000d6e00000)
  to   space 3072K, 0% used [0x00000000d6980000,0x00000000d6980000,0x00000000d6c80000)
 ParOldGen       total 68608K, used 24015K [0x0000000080000000, 0x0000000084300000, 0x00000000d5580000)
  object space 68608K, 35% used [0x0000000080000000,0x0000000081773c40,0x0000000084300000)
 Metaspace       used 54470K, committed 55616K, reserved 1114112K
  class space    used 5784K, committed 6272K, reserved 1048576K
}
Event: 49.103 GC heap before
{Heap before GC invocations=21 (full 2):
 PSYoungGen      total 22016K, used 22016K [0x00000000d5580000, 0x00000000d7100000, 0x0000000100000000)
  eden space 20480K, 100% used [0x00000000d5580000,0x00000000d6980000,0x00000000d6980000)
  from space 1536K, 100% used [0x00000000d6c80000,0x00000000d6e00000,0x00000000d6e00000)
  to   space 3072K, 0% used [0x00000000d6980000,0x00000000d6980000,0x00000000d6c80000)
 ParOldGen       total 68608K, used 24015K [0x0000000080000000, 0x0000000084300000, 0x00000000d5580000)
  object space 68608K, 35% used [0x0000000080000000,0x0000000081773c40,0x0000000084300000)
 Metaspace       used 56896K, committed 57984K, reserved 1114112K
  class space    used 6097K, committed 6592K, reserved 1048576K
}
Event: 49.109 GC heap after
{Heap after GC invocations=21 (full 2):
 PSYoungGen      total 22016K, used 1152K [0x00000000d5580000, 0x00000000d6d80000, 0x0000000100000000)
  eden space 20480K, 0% used [0x00000000d5580000,0x00000000d5580000,0x00000000d6980000)
  from space 1536K, 75% used [0x00000000d6980000,0x00000000d6aa0000,0x00000000d6b00000)
  to   space 2048K, 0% used [0x00000000d6b80000,0x00000000d6b80000,0x00000000d6d80000)
 ParOldGen       total 68608K, used 25509K [0x0000000080000000, 0x0000000084300000, 0x00000000d5580000)
  object space 68608K, 37% used [0x0000000080000000,0x00000000818e97c0,0x0000000084300000)
 Metaspace       used 56896K, committed 57984K, reserved 1114112K
  class space    used 6097K, committed 6592K, reserved 1048576K
}
Event: 49.887 GC heap before
{Heap before GC invocations=22 (full 2):
 PSYoungGen      total 22016K, used 20038K [0x00000000d5580000, 0x00000000d6d80000, 0x0000000100000000)
  eden space 20480K, 92% used [0x00000000d5580000,0x00000000d67f19a8,0x00000000d6980000)
  from space 1536K, 75% used [0x00000000d6980000,0x00000000d6aa0000,0x00000000d6b00000)
  to   space 2048K, 0% used [0x00000000d6b80000,0x00000000d6b80000,0x00000000d6d80000)
 ParOldGen       total 68608K, used 25509K [0x0000000080000000, 0x0000000084300000, 0x00000000d5580000)
  object space 68608K, 37% used [0x0000000080000000,0x00000000818e97c0,0x0000000084300000)
 Metaspace       used 58732K, committed 59776K, reserved 1114112K
  class space    used 6329K, committed 6784K, reserved 1048576K
}
Event: 49.895 GC heap after
{Heap after GC invocations=22 (full 2):
 PSYoungGen      total 20480K, used 2027K [0x00000000d5580000, 0x00000000d7180000, 0x0000000100000000)
  eden space 18432K, 0% used [0x00000000d5580000,0x00000000d5580000,0x00000000d6780000)
  from space 2048K, 99% used [0x00000000d6b80000,0x00000000d6d7aec8,0x00000000d6d80000)
  to   space 4096K, 0% used [0x00000000d6780000,0x00000000d6780000,0x00000000d6b80000)
 ParOldGen       total 68608K, used 26862K [0x0000000080000000, 0x0000000084300000, 0x00000000d5580000)
  object space 68608K, 39% used [0x0000000080000000,0x0000000081a3b800,0x0000000084300000)
 Metaspace       used 58732K, committed 59776K, reserved 1114112K
  class space    used 6329K, committed 6784K, reserved 1048576K
}
Event: 49.895 GC heap before
{Heap before GC invocations=23 (full 3):
 PSYoungGen      total 20480K, used 2027K [0x00000000d5580000, 0x00000000d7180000, 0x0000000100000000)
  eden space 18432K, 0% used [0x00000000d5580000,0x00000000d5580000,0x00000000d6780000)
  from space 2048K, 99% used [0x00000000d6b80000,0x00000000d6d7aec8,0x00000000d6d80000)
  to   space 4096K, 0% used [0x00000000d6780000,0x00000000d6780000,0x00000000d6b80000)
 ParOldGen       total 68608K, used 26862K [0x0000000080000000, 0x0000000084300000, 0x00000000d5580000)
  object space 68608K, 39% used [0x0000000080000000,0x0000000081a3b800,0x0000000084300000)
 Metaspace       used 58732K, committed 59776K, reserved 1114112K
  class space    used 6329K, committed 6784K, reserved 1048576K
}
Event: 50.008 GC heap after
{Heap after GC invocations=23 (full 3):
 PSYoungGen      total 20480K, used 0K [0x00000000d5580000, 0x00000000d7180000, 0x0000000100000000)
  eden space 18432K, 0% used [0x00000000d5580000,0x00000000d5580000,0x00000000d6780000)
  from space 2048K, 0% used [0x00000000d6b80000,0x00000000d6b80000,0x00000000d6d80000)
  to   space 4096K, 0% used [0x00000000d6780000,0x00000000d6780000,0x00000000d6b80000)
 ParOldGen       total 68608K, used 24639K [0x0000000080000000, 0x0000000084300000, 0x00000000d5580000)
  object space 68608K, 35% used [0x0000000080000000,0x000000008180fd80,0x0000000084300000)
 Metaspace       used 58731K, committed 59776K, reserved 1114112K
  class space    used 6328K, committed 6784K, reserved 1048576K
}
Event: 50.828 GC heap before
{Heap before GC invocations=24 (full 3):
 PSYoungGen      total 20480K, used 18432K [0x00000000d5580000, 0x00000000d7180000, 0x0000000100000000)
  eden space 18432K, 100% used [0x00000000d5580000,0x00000000d6780000,0x00000000d6780000)
  from space 2048K, 0% used [0x00000000d6b80000,0x00000000d6b80000,0x00000000d6d80000)
  to   space 4096K, 0% used [0x00000000d6780000,0x00000000d6780000,0x00000000d6b80000)
 ParOldGen       total 68608K, used 24639K [0x0000000080000000, 0x0000000084300000, 0x00000000d5580000)
  object space 68608K, 35% used [0x0000000080000000,0x000000008180fd80,0x0000000084300000)
 Metaspace       used 61068K, committed 62208K, reserved 1114112K
  class space    used 6597K, committed 7040K, reserved 1048576K
}
Event: 50.833 GC heap after
{Heap after GC invocations=24 (full 3):
 PSYoungGen      total 19456K, used 1016K [0x00000000d5580000, 0x00000000d6c00000, 0x0000000100000000)
  eden space 18432K, 0% used [0x00000000d5580000,0x00000000d5580000,0x00000000d6780000)
  from space 1024K, 99% used [0x00000000d6780000,0x00000000d687e3e8,0x00000000d6880000)
  to   space 2048K, 0% used [0x00000000d6a00000,0x00000000d6a00000,0x00000000d6c00000)
 ParOldGen       total 68608K, used 24647K [0x0000000080000000, 0x0000000084300000, 0x00000000d5580000)
  object space 68608K, 35% used [0x0000000080000000,0x0000000081811d80,0x0000000084300000)
 Metaspace       used 61068K, committed 62208K, reserved 1114112K
  class space    used 6597K, committed 7040K, reserved 1048576K
}
Event: 51.983 GC heap before
{Heap before GC invocations=25 (full 3):
 PSYoungGen      total 19456K, used 19371K [0x00000000d5580000, 0x00000000d6c00000, 0x0000000100000000)
  eden space 18432K, 99% used [0x00000000d5580000,0x00000000d676ca28,0x00000000d6780000)
  from space 1024K, 99% used [0x00000000d6780000,0x00000000d687e3e8,0x00000000d6880000)
  to   space 2048K, 0% used [0x00000000d6a00000,0x00000000d6a00000,0x00000000d6c00000)
 ParOldGen       total 68608K, used 24647K [0x0000000080000000, 0x0000000084300000, 0x00000000d5580000)
  object space 68608K, 35% used [0x0000000080000000,0x0000000081811d80,0x0000000084300000)
 Metaspace       used 62504K, committed 63744K, reserved 1114112K
  class space    used 6729K, committed 7232K, reserved 1048576K
}
Event: 51.987 GC heap after
{Heap after GC invocations=25 (full 3):
 PSYoungGen      total 19968K, used 1211K [0x00000000d5580000, 0x00000000d6b80000, 0x0000000100000000)
  eden space 18432K, 0% used [0x00000000d5580000,0x00000000d5580000,0x00000000d6780000)
  from space 1536K, 78% used [0x00000000d6a00000,0x00000000d6b2ec48,0x00000000d6b80000)
  to   space 1536K, 0% used [0x00000000d6880000,0x00000000d6880000,0x00000000d6a00000)
 ParOldGen       total 68608K, used 25391K [0x0000000080000000, 0x0000000084300000, 0x00000000d5580000)
  object space 68608K, 37% used [0x0000000080000000,0x00000000818cbd00,0x0000000084300000)
 Metaspace       used 62504K, committed 63744K, reserved 1114112K
  class space    used 6729K, committed 7232K, reserved 1048576K
}
Event: 52.117 GC heap before
{Heap before GC invocations=26 (full 3):
 PSYoungGen      total 19968K, used 19643K [0x00000000d5580000, 0x00000000d6b80000, 0x0000000100000000)
  eden space 18432K, 100% used [0x00000000d5580000,0x00000000d6780000,0x00000000d6780000)
  from space 1536K, 78% used [0x00000000d6a00000,0x00000000d6b2ec48,0x00000000d6b80000)
  to   space 1536K, 0% used [0x00000000d6880000,0x00000000d6880000,0x00000000d6a00000)
 ParOldGen       total 68608K, used 25391K [0x0000000080000000, 0x0000000084300000, 0x00000000d5580000)
  object space 68608K, 37% used [0x0000000080000000,0x00000000818cbd00,0x0000000084300000)
 Metaspace       used 62656K, committed 63872K, reserved 1114112K
  class space    used 6732K, committed 7232K, reserved 1048576K
}
Event: 52.123 GC heap after
{Heap after GC invocations=26 (full 3):
 PSYoungGen      total 19968K, used 1504K [0x00000000d5580000, 0x00000000d6e80000, 0x0000000100000000)
  eden space 18432K, 0% used [0x00000000d5580000,0x00000000d5580000,0x00000000d6780000)
  from space 1536K, 97% used [0x00000000d6880000,0x00000000d69f8030,0x00000000d6a00000)
  to   space 3584K, 0% used [0x00000000d6b00000,0x00000000d6b00000,0x00000000d6e80000)
 ParOldGen       total 68608K, used 26883K [0x0000000080000000, 0x0000000084300000, 0x00000000d5580000)
  object space 68608K, 39% used [0x0000000080000000,0x0000000081a40e08,0x0000000084300000)
 Metaspace       used 62656K, committed 63872K, reserved 1114112K
  class space    used 6732K, committed 7232K, reserved 1048576K
}
Event: 52.408 GC heap before
{Heap before GC invocations=27 (full 3):
 PSYoungGen      total 19968K, used 19936K [0x00000000d5580000, 0x00000000d6e80000, 0x0000000100000000)
  eden space 18432K, 100% used [0x00000000d5580000,0x00000000d6780000,0x00000000d6780000)
  from space 1536K, 97% used [0x00000000d6880000,0x00000000d69f8030,0x00000000d6a00000)
  to   space 3584K, 0% used [0x00000000d6b00000,0x00000000d6b00000,0x00000000d6e80000)
 ParOldGen       total 68608K, used 26883K [0x0000000080000000, 0x0000000084300000, 0x00000000d5580000)
  object space 68608K, 39% used [0x0000000080000000,0x0000000081a40e08,0x0000000084300000)
 Metaspace       used 63072K, committed 64256K, reserved 1114112K
  class space    used 6795K, committed 7296K, reserved 1048576K
}
Event: 52.420 GC heap after
{Heap after GC invocations=27 (full 3):
 PSYoungGen      total 20992K, used 2065K [0x00000000d5580000, 0x00000000d6d80000, 0x0000000100000000)
  eden space 18432K, 0% used [0x00000000d5580000,0x00000000d5580000,0x00000000d6780000)
  from space 2560K, 80% used [0x00000000d6b00000,0x00000000d6d04410,0x00000000d6d80000)
  to   space 2560K, 0% used [0x00000000d6880000,0x00000000d6880000,0x00000000d6b00000)
 ParOldGen       total 68608K, used 28395K [0x0000000080000000, 0x0000000084300000, 0x00000000d5580000)
  object space 68608K, 41% used [0x0000000080000000,0x0000000081bbae38,0x0000000084300000)
 Metaspace       used 63072K, committed 64256K, reserved 1114112K
  class space    used 6795K, committed 7296K, reserved 1048576K
}

Dll operation events (20 events):
Event: 21.570 Attempting to load shared library C:\Users\vusic\.vscode\extensions\redhat.java-1.56.0-win32-x64\jre\21.0.12.1-win32-x86_64\bin\nio.dll
Event: 21.572 Loaded shared library C:\Users\vusic\.vscode\extensions\redhat.java-1.56.0-win32-x64\jre\21.0.12.1-win32-x86_64\bin\nio.dll
Event: 21.718 Attempting to load shared library C:\Users\vusic\.vscode\extensions\redhat.java-1.56.0-win32-x64\jre\21.0.12.1-win32-x86_64\bin\zip.dll
Event: 21.718 Loaded shared library C:\Users\vusic\.vscode\extensions\redhat.java-1.56.0-win32-x64\jre\21.0.12.1-win32-x86_64\bin\zip.dll
Event: 22.027 Attempting to load shared library C:\Users\vusic\.vscode\extensions\redhat.java-1.56.0-win32-x64\jre\21.0.12.1-win32-x86_64\bin\jimage.dll
Event: 22.027 Loaded shared library C:\Users\vusic\.vscode\extensions\redhat.java-1.56.0-win32-x64\jre\21.0.12.1-win32-x86_64\bin\jimage.dll
Event: 24.959 Attempting to load shared library c:\Users\vusic\.vscode\extensions\redhat.java-1.56.0-win32-x64\jre\21.0.12.1-win32-x86_64\bin\verify.dll
Event: 24.981 Loaded shared library c:\Users\vusic\.vscode\extensions\redhat.java-1.56.0-win32-x64\jre\21.0.12.1-win32-x86_64\bin\verify.dll
Event: 35.064 Attempting to load shared library C:\Users\vusic\AppData\Roaming\Code\User\globalStorage\redhat.java\1.56.0\config_win\org.eclipse.equinox.launcher\org.eclipse.equinox.launcher.win32.win32.x86_64_1.3.100.v20260804-1928\eclipse_11924.dll
Event: 35.072 Loaded shared library C:\Users\vusic\AppData\Roaming\Code\User\globalStorage\redhat.java\1.56.0\config_win\org.eclipse.equinox.launcher\org.eclipse.equinox.launcher.win32.win32.x86_64_1.3.100.v20260804-1928\eclipse_11924.dll
Event: 39.793 Attempting to load shared library C:\Users\vusic\AppData\Local\Temp\jna-112574894\jna11054672089797232973.dll
Event: 39.921 Loaded shared library C:\Users\vusic\AppData\Local\Temp\jna-112574894\jna11054672089797232973.dll
Event: 42.567 Attempting to load shared library C:\Users\vusic\.vscode\extensions\redhat.java-1.56.0-win32-x64\jre\21.0.12.1-win32-x86_64\bin\management.dll
Event: 42.569 Loaded shared library C:\Users\vusic\.vscode\extensions\redhat.java-1.56.0-win32-x64\jre\21.0.12.1-win32-x86_64\bin\management.dll
Event: 42.580 Attempting to load shared library C:\Users\vusic\.vscode\extensions\redhat.java-1.56.0-win32-x64\jre\21.0.12.1-win32-x86_64\bin\management_ext.dll
Event: 42.582 Loaded shared library C:\Users\vusic\.vscode\extensions\redhat.java-1.56.0-win32-x64\jre\21.0.12.1-win32-x86_64\bin\management_ext.dll
Event: 44.217 Attempting to load shared library C:\Users\vusic\.vscode\extensions\redhat.java-1.56.0-win32-x64\jre\21.0.12.1-win32-x86_64\bin\sunmscapi.dll
Event: 44.286 Loaded shared library C:\Users\vusic\.vscode\extensions\redhat.java-1.56.0-win32-x64\jre\21.0.12.1-win32-x86_64\bin\sunmscapi.dll
Event: 47.002 Attempting to load shared library C:\Users\vusic\.vscode\extensions\redhat.java-1.56.0-win32-x64\jre\21.0.12.1-win32-x86_64\bin\extnet.dll
Event: 47.006 Loaded shared library C:\Users\vusic\.vscode\extensions\redhat.java-1.56.0-win32-x64\jre\21.0.12.1-win32-x86_64\bin\extnet.dll

Deoptimization events (20 events):
Event: 52.014 Thread 0x0000019f225e2500 Uncommon trap: trap_request=0xffffffc6 fr.pc=0x0000019f11ce954c relative=0x00000000000002ac
Event: 52.014 Thread 0x0000019f225e2500 Uncommon trap: reason=bimorphic_or_optimized_type_check action=maybe_recompile pc=0x0000019f11ce954c method=jdk.internal.jimage.ImageReader$SharedImageReader.findNode(Ljava/lang/String;)Ljdk/internal/jimage/ImageReader$Node; @ 22 c2
Event: 52.014 Thread 0x0000019f225e2500 DEOPT PACKING pc=0x0000019f11ce954c sp=0x00000040e36fd9e0
Event: 52.014 Thread 0x0000019f225e2500 DEOPT UNPACKING pc=0x0000019f114a3a9c sp=0x00000040e36fd9b8 mode 2
Event: 52.097 Thread 0x0000019f225e2500 Uncommon trap: trap_request=0xffffff45 fr.pc=0x0000019f11cf29d4 relative=0x0000000000001054
Event: 52.097 Thread 0x0000019f225e2500 Uncommon trap: reason=unstable_if action=reinterpret pc=0x0000019f11cf29d4 method=org.eclipse.jdt.internal.core.util.Util.splitOn(CLjava/lang/String;II)[Ljava/lang/String; @ 21 c2
Event: 52.097 Thread 0x0000019f225e2500 DEOPT PACKING pc=0x0000019f11cf29d4 sp=0x00000040e36fdc10
Event: 52.097 Thread 0x0000019f225e2500 DEOPT UNPACKING pc=0x0000019f114a3a9c sp=0x00000040e36fdbd8 mode 2
Event: 52.136 Thread 0x0000019f225e0430 Uncommon trap: trap_request=0xffffff45 fr.pc=0x0000019f11a790f0 relative=0x0000000000000f90
Event: 52.136 Thread 0x0000019f225e0430 Uncommon trap: reason=unstable_if action=reinterpret pc=0x0000019f11a790f0 method=jdk.internal.jimage.ImageStringsReader.stringFromByteBufferMatches(Ljava/nio/ByteBuffer;ILjava/lang/String;I)I @ 48 c2
Event: 52.136 Thread 0x0000019f225e0430 DEOPT PACKING pc=0x0000019f11a790f0 sp=0x00000040e33f96e0
Event: 52.136 Thread 0x0000019f225e0430 DEOPT UNPACKING pc=0x0000019f114a3a9c sp=0x00000040e33f9418 mode 2
Event: 52.166 Thread 0x0000019f225e2500 Uncommon trap: trap_request=0xffffffc6 fr.pc=0x0000019f11cf5464 relative=0x0000000000000544
Event: 52.166 Thread 0x0000019f225e2500 Uncommon trap: reason=bimorphic_or_optimized_type_check action=maybe_recompile pc=0x0000019f11cf5464 method=java.util.ArrayList.equalsRange(Ljava/util/List;II)Z @ 22 c2
Event: 52.166 Thread 0x0000019f225e2500 DEOPT PACKING pc=0x0000019f11cf5464 sp=0x00000040e36fdf20
Event: 52.166 Thread 0x0000019f225e2500 DEOPT UNPACKING pc=0x0000019f114a3a9c sp=0x00000040e36fdeb0 mode 2
Event: 52.166 Thread 0x0000019f225e2500 Uncommon trap: trap_request=0xffffff76 fr.pc=0x0000019f11cf536c relative=0x000000000000044c
Event: 52.166 Thread 0x0000019f225e2500 Uncommon trap: reason=predicate action=maybe_recompile pc=0x0000019f11cf536c method=java.util.ArrayList.equalsRange(Ljava/util/List;II)Z @ 31 c2
Event: 52.166 Thread 0x0000019f225e2500 DEOPT PACKING pc=0x0000019f11cf536c sp=0x00000040e36fdf30
Event: 52.166 Thread 0x0000019f225e2500 DEOPT UNPACKING pc=0x0000019f114a3a9c sp=0x00000040e36fdeb8 mode 2

Classes loaded (20 events):
Event: 51.739 Loading class java/nio/file/ClosedDirectoryStreamException
Event: 51.739 Loading class java/nio/file/ClosedDirectoryStreamException done
Event: 51.739 Loading class jdk/internal/jrtfs/JrtFileSystem
Event: 51.740 Loading class jdk/internal/jrtfs/JrtFileSystem done
Event: 51.740 Loading class jdk/internal/jrtfs/JrtPath
Event: 51.741 Loading class jdk/internal/jrtfs/JrtPath done
Event: 51.741 Loading class jdk/internal/jimage/ImageReader$Node
Event: 51.741 Loading class jdk/internal/jimage/ImageReader$Node done
Event: 51.754 Loading class java/nio/ByteBufferAsIntBufferL
Event: 51.755 Loading class java/nio/ByteBufferAsIntBufferL done
Event: 51.764 Loading class jdk/internal/jimage/ImageReader$Directory
Event: 51.764 Loading class jdk/internal/jimage/ImageReader$Directory done
Event: 51.981 Loading class java/util/regex/Pattern$BackRef
Event: 51.981 Loading class java/util/regex/Pattern$BackRef done
Event: 52.220 Loading class java/util/AbstractList$ListItr
Event: 52.221 Loading class java/util/AbstractList$ListItr done
Event: 52.338 Loading class java/nio/channels/Channels$ReadableByteChannelImpl
Event: 52.338 Loading class java/nio/channels/Channels$ReadableByteChannelImpl done
Event: 52.339 Loading class java/nio/channels/NonWritableChannelException
Event: 52.339 Loading class java/nio/channels/NonWritableChannelException done

Classes unloaded (8 events):
Event: 41.649 Thread 0x0000019f06bb8860 Unloading class 0x0000000100292c00 'java/lang/invoke/LambdaForm$MH+0x0000000100292c00'
Event: 41.649 Thread 0x0000019f06bb8860 Unloading class 0x0000000100292800 'java/lang/invoke/LambdaForm$MH+0x0000000100292800'
Event: 41.649 Thread 0x0000019f06bb8860 Unloading class 0x0000000100292400 'java/lang/invoke/LambdaForm$MH+0x0000000100292400'
Event: 41.649 Thread 0x0000019f06bb8860 Unloading class 0x0000000100292000 'java/lang/invoke/LambdaForm$MH+0x0000000100292000'
Event: 41.649 Thread 0x0000019f06bb8860 Unloading class 0x0000000100291c00 'java/lang/invoke/LambdaForm$BMH+0x0000000100291c00'
Event: 41.649 Thread 0x0000019f06bb8860 Unloading class 0x0000000100291800 'java/lang/invoke/LambdaForm$DMH+0x0000000100291800'
Event: 41.649 Thread 0x0000019f06bb8860 Unloading class 0x0000000100290400 'java/lang/invoke/LambdaForm$DMH+0x0000000100290400'
Event: 49.919 Thread 0x0000019f06bb8860 Unloading class 0x00000001003fd400 'java/lang/invoke/LambdaForm$MH+0x00000001003fd400'

Classes redefined (0 events):
No events

Internal exceptions (20 events):
Event: 51.609 Thread 0x0000019f225e2500 Exception <a 'sun/nio/fs/WindowsException'{0x00000000d5ecc958}> (0x00000000d5ecc958) 
thrown [s\src\hotspot\share\prims\jni.cpp, line 520]
Event: 51.610 Thread 0x0000019f225e2500 Exception <a 'sun/nio/fs/WindowsException'{0x00000000d5ecfa18}> (0x00000000d5ecfa18) 
thrown [s\src\hotspot\share\prims\jni.cpp, line 520]
Event: 51.612 Thread 0x0000019f225e2500 Exception <a 'sun/nio/fs/WindowsException'{0x00000000d5ed2848}> (0x00000000d5ed2848) 
thrown [s\src\hotspot\share\prims\jni.cpp, line 520]
Event: 51.614 Thread 0x0000019f225e2500 Exception <a 'sun/nio/fs/WindowsException'{0x00000000d5ed5678}> (0x00000000d5ed5678) 
thrown [s\src\hotspot\share\prims\jni.cpp, line 520]
Event: 51.615 Thread 0x0000019f225e2500 Exception <a 'sun/nio/fs/WindowsException'{0x00000000d5ed86f0}> (0x00000000d5ed86f0) 
thrown [s\src\hotspot\share\prims\jni.cpp, line 520]
Event: 51.617 Thread 0x0000019f225e2500 Exception <a 'sun/nio/fs/WindowsException'{0x00000000d5edb520}> (0x00000000d5edb520) 
thrown [s\src\hotspot\share\prims\jni.cpp, line 520]
Event: 51.618 Thread 0x0000019f225e2500 Exception <a 'sun/nio/fs/WindowsException'{0x00000000d5ede350}> (0x00000000d5ede350) 
thrown [s\src\hotspot\share\prims\jni.cpp, line 520]
Event: 51.620 Thread 0x0000019f225e2500 Exception <a 'sun/nio/fs/WindowsException'{0x00000000d5ee13c0}> (0x00000000d5ee13c0) 
thrown [s\src\hotspot\share\prims\jni.cpp, line 520]
Event: 51.621 Thread 0x0000019f225e2500 Exception <a 'sun/nio/fs/WindowsException'{0x00000000d5ee41f0}> (0x00000000d5ee41f0) 
thrown [s\src\hotspot\share\prims\jni.cpp, line 520]
Event: 51.623 Thread 0x0000019f225e2500 Exception <a 'sun/nio/fs/WindowsException'{0x00000000d5ee7020}> (0x00000000d5ee7020) 
thrown [s\src\hotspot\share\prims\jni.cpp, line 520]
Event: 51.624 Thread 0x0000019f225e2500 Exception <a 'sun/nio/fs/WindowsException'{0x00000000d5ee9e50}> (0x00000000d5ee9e50) 
thrown [s\src\hotspot\share\prims\jni.cpp, line 520]
Event: 51.625 Thread 0x0000019f225e2500 Exception <a 'sun/nio/fs/WindowsException'{0x00000000d5f0fde8}> (0x00000000d5f0fde8) 
thrown [s\src\hotspot\share\prims\jni.cpp, line 520]
Event: 51.627 Thread 0x0000019f225e2500 Exception <a 'sun/nio/fs/WindowsException'{0x00000000d5f129e8}> (0x00000000d5f129e8) 
thrown [s\src\hotspot\share\prims\jni.cpp, line 520]
Event: 51.628 Thread 0x0000019f225e2500 Exception <a 'sun/nio/fs/WindowsException'{0x00000000d5f15448}> (0x00000000d5f15448) 
thrown [s\src\hotspot\share\prims\jni.cpp, line 520]
Event: 51.629 Thread 0x0000019f225e2500 Exception <a 'sun/nio/fs/WindowsException'{0x00000000d5f230c8}> (0x00000000d5f230c8) 
thrown [s\src\hotspot\share\prims\jni.cpp, line 520]
Event: 51.631 Thread 0x0000019f225e2500 Exception <a 'sun/nio/fs/WindowsException'{0x00000000d5f25eb8}> (0x00000000d5f25eb8) 
thrown [s\src\hotspot\share\prims\jni.cpp, line 520]
Event: 51.648 Thread 0x0000019f225e2500 Exception <a 'sun/nio/fs/WindowsException'{0x00000000d5f28d30}> (0x00000000d5f28d30) 
thrown [s\src\hotspot\share\prims\jni.cpp, line 520]
Event: 51.649 Thread 0x0000019f225e2500 Exception <a 'sun/nio/fs/WindowsException'{0x00000000d5f2bb20}> (0x00000000d5f2bb20) 
thrown [s\src\hotspot\share\prims\jni.cpp, line 520]
Event: 51.720 Thread 0x0000019f225e2500 Exception <a 'java/lang/NoSuchMethodError'{0x00000000d6157150}: 'java.lang.Object java.lang.invoke.DelegatingMethodHandle$Holder.reinvoke_L(java.lang.Object, int, long, java.lang.Object, java.lang.Object, int, java.lang.Object)'> (0x00000000d6157150) 
thrown [s\src\hotspot\share\interpreter\linkResolver.cpp, line 773]
Event: 51.973 Thread 0x0000019f225e2500 Exception <a 'java/lang/NoSuchMethodError'{0x00000000d66fdd00}: 'java.lang.Object java.lang.invoke.Invokers$Holder.invoke_MT(java.lang.Object, java.lang.Object, java.lang.Object, java.lang.Object, java.lang.Object, java.lang.Object, java.lang.Object, java.lang.Object, java.lang.Object, java.lang.Object)'> (0x00000000d66fdd00) 
thrown [s\src\hotspot\share\interpreter\linkResolver.cpp, line 773]

ZGC Phase Switch (0 events):
No events

VM Operations (20 events):
Event: 51.689 Executing non-safepoint VM operation: HandshakeAllThreads (Deoptimize)
Event: 51.693 Executing non-safepoint VM operation: HandshakeAllThreads (Deoptimize) done
Event: 51.697 Executing non-safepoint VM operation: HandshakeAllThreads (Deoptimize)
Event: 51.697 Executing non-safepoint VM operation: HandshakeAllThreads (Deoptimize) done
Event: 51.738 Executing non-safepoint VM operation: HandshakeAllThreads (Deoptimize)
Event: 51.738 Executing non-safepoint VM operation: HandshakeAllThreads (Deoptimize) done
Event: 51.756 Executing non-safepoint VM operation: HandshakeAllThreads (Deoptimize)
Event: 51.756 Executing non-safepoint VM operation: HandshakeAllThreads (Deoptimize) done
Event: 51.844 Executing non-safepoint VM operation: HandshakeAllThreads (Deoptimize)
Event: 51.844 Executing non-safepoint VM operation: HandshakeAllThreads (Deoptimize) done
Event: 51.844 Executing safepoint VM operation: Cleanup
Event: 51.844 Executing safepoint VM operation: Cleanup done
Event: 51.982 Executing safepoint VM operation: ParallelGCFailedAllocation (Allocation Failure)
Event: 51.987 Executing safepoint VM operation: ParallelGCFailedAllocation (Allocation Failure) done
Event: 52.117 Executing safepoint VM operation: ParallelGCFailedAllocation (Allocation Failure)
Event: 52.123 Executing safepoint VM operation: ParallelGCFailedAllocation (Allocation Failure) done
Event: 52.222 Executing non-safepoint VM operation: HandshakeAllThreads (Deoptimize)
Event: 52.240 Executing non-safepoint VM operation: HandshakeAllThreads (Deoptimize) done
Event: 52.408 Executing safepoint VM operation: ParallelGCFailedAllocation (Allocation Failure)
Event: 52.420 Executing safepoint VM operation: ParallelGCFailedAllocation (Allocation Failure) done

Memory protections (0 events):
No events

Nmethod flushes (20 events):
Event: 49.933 Thread 0x0000019f06bb8860 flushing  nmethod 0x0000019f0a583890
Event: 49.933 Thread 0x0000019f06bb8860 flushing  nmethod 0x0000019f0a585510
Event: 49.933 Thread 0x0000019f06bb8860 flushing  nmethod 0x0000019f0a585890
Event: 49.933 Thread 0x0000019f06bb8860 flushing  nmethod 0x0000019f0a588f90
Event: 49.933 Thread 0x0000019f06bb8860 flushing  nmethod 0x0000019f0a589510
Event: 49.933 Thread 0x0000019f06bb8860 flushing  nmethod 0x0000019f0a589990
Event: 49.933 Thread 0x0000019f06bb8860 flushing  nmethod 0x0000019f0a589d10
Event: 49.933 Thread 0x0000019f06bb8860 flushing  nmethod 0x0000019f0a594410
Event: 49.933 Thread 0x0000019f06bb8860 flushing  nmethod 0x0000019f0a595090
Event: 49.933 Thread 0x0000019f06bb8860 flushing  nmethod 0x0000019f0a59f910
Event: 49.933 Thread 0x0000019f06bb8860 flushing  nmethod 0x0000019f0a5a0d90
Event: 49.933 Thread 0x0000019f06bb8860 flushing  nmethod 0x0000019f0a5c7a10
Event: 49.933 Thread 0x0000019f06bb8860 flushing  nmethod 0x0000019f0a5d3c10
Event: 49.933 Thread 0x0000019f06bb8860 flushing  nmethod 0x0000019f0a5dba10
Event: 49.933 Thread 0x0000019f06bb8860 flushing  nmethod 0x0000019f0a61cd90
Event: 49.933 Thread 0x0000019f06bb8860 flushing  nmethod 0x0000019f0a646110
Event: 49.933 Thread 0x0000019f06bb8860 flushing  nmethod 0x0000019f0a656d90
Event: 49.933 Thread 0x0000019f06bb8860 flushing  nmethod 0x0000019f0a6c4610
Event: 49.933 Thread 0x0000019f06bb8860 flushing  nmethod 0x0000019f0a6d8f10
Event: 49.933 Thread 0x0000019f06bb8860 flushing  nmethod 0x0000019f0a6ddd90

Events (20 events):
Event: 35.140 Thread 0x0000019f226249a0 Thread added: 0x0000019f22bc33b0
Event: 35.148 Thread 0x0000019f049f9da0 Thread added: 0x0000019f22bd0640
Event: 36.230 Thread 0x0000019f22bd0640 Thread added: 0x0000019f22ed17b0
Event: 38.379 Thread 0x0000019f22bd0640 Thread added: 0x0000019f224377f0
Event: 39.168 Thread 0x0000019f22bd0640 Thread added: 0x0000019f22ee17d0
Event: 39.966 Thread 0x0000019f22bd0640 Thread added: 0x0000019f225df710
Event: 40.047 Thread 0x0000019f22bd0640 Thread added: 0x0000019f225e1e70
Event: 40.106 Thread 0x0000019f22bd0640 Thread added: 0x0000019f225e0ac0
Event: 42.157 Thread 0x0000019f225e1e70 Thread added: 0x0000019f225e17e0
Event: 42.223 Thread 0x0000019f225e17e0 Thread added: 0x0000019f225dfda0
Event: 42.272 Thread 0x0000019f22bd0640 Thread added: 0x0000019f225e0430
Event: 44.129 Thread 0x0000019f225dfda0 Thread added: 0x0000019f225e2500
Event: 44.386 Thread 0x0000019f225e2500 Thread added: 0x0000019f225e1150
Event: 45.013 Thread 0x0000019f049f9da0 Thread added: 0x0000019f225df080
Event: 45.858 Thread 0x0000019f049f9da0 Thread added: 0x0000019f25a9de60
Event: 45.858 Thread 0x0000019f049f9da0 Thread added: 0x0000019f25a9b070
Event: 49.077 Thread 0x0000019f225dfda0 Thread added: 0x0000019f25a9eb80
Event: 49.083 Thread 0x0000019f25a9eb80 Thread exited: 0x0000019f25a9eb80
Event: 49.656 Thread 0x0000019f225dfda0 Thread added: 0x0000019f25a9c420
Event: 50.807 Thread 0x0000019f225e2500 Thread added: 0x0000019f25a9bd90


Dynamic libraries:
0x00007ff6981c0000 - 0x00007ff6981ce000 	c:\Users\vusic\.vscode\extensions\redhat.java-1.56.0-win32-x64\jre\21.0.12.1-win32-x86_64\bin\java.exe
0x00007ffe41ba0000 - 0x00007ffe41e07000 	C:\WINDOWS\SYSTEM32\ntdll.dll
0x00007ffdfd5f0000 - 0x00007ffdfd611000 	C:\Program Files\Norton\Suite\aswhook.dll
0x00007ffe407e0000 - 0x00007ffe408ab000 	C:\WINDOWS\System32\KERNEL32.DLL
0x00007ffe3f3c0000 - 0x00007ffe3f7c1000 	C:\WINDOWS\System32\KERNELBASE.dll
0x00007ffe3ef60000 - 0x00007ffe3f0ac000 	C:\WINDOWS\System32\ucrtbase.dll
0x00007ffdb1b70000 - 0x00007ffdb1b88000 	c:\Users\vusic\.vscode\extensions\redhat.java-1.56.0-win32-x64\jre\21.0.12.1-win32-x86_64\bin\jli.dll
0x00007ffe401f0000 - 0x00007ffe403c7000 	C:\WINDOWS\System32\USER32.dll
0x00007ffe3f890000 - 0x00007ffe3f8b7000 	C:\WINDOWS\System32\win32u.dll
0x00007ffe40450000 - 0x00007ffe4047b000 	C:\WINDOWS\System32\GDI32.dll
0x00007ffe3eda0000 - 0x00007ffe3eec8000 	C:\WINDOWS\System32\gdi32full.dll
0x00007ffe3f180000 - 0x00007ffe3f223000 	C:\WINDOWS\System32\msvcp_win.dll
0x00007ffdb1b50000 - 0x00007ffdb1b6e000 	c:\Users\vusic\.vscode\extensions\redhat.java-1.56.0-win32-x64\jre\21.0.12.1-win32-x86_64\bin\VCRUNTIME140.dll
0x00007ffe13e50000 - 0x00007ffe140e0000 	C:\WINDOWS\WinSxS\amd64_microsoft.windows.common-controls_6595b64144ccf1df_6.0.26100.9549_none_3e0a0396e3330090\COMCTL32.dll
0x00007ffe3fd40000 - 0x00007ffe3fde9000 	C:\WINDOWS\System32\msvcrt.dll
0x00007ffe406b0000 - 0x00007ffe406e1000 	C:\WINDOWS\System32\IMM32.DLL
0x00007ffe2f950000 - 0x00007ffe2f95c000 	c:\Users\vusic\.vscode\extensions\redhat.java-1.56.0-win32-x64\jre\21.0.12.1-win32-x86_64\bin\vcruntime140_1.dll
0x00007ffd7cac0000 - 0x00007ffd7cb4d000 	c:\Users\vusic\.vscode\extensions\redhat.java-1.56.0-win32-x64\jre\21.0.12.1-win32-x86_64\bin\msvcp140.dll
0x00007ffd6cd30000 - 0x00007ffd6dad2000 	c:\Users\vusic\.vscode\extensions\redhat.java-1.56.0-win32-x64\jre\21.0.12.1-win32-x86_64\bin\server\jvm.dll
0x00007ffe40950000 - 0x00007ffe40a0b000 	C:\WINDOWS\System32\ADVAPI32.dll
0x00007ffe3f9c0000 - 0x00007ffe3fa68000 	C:\WINDOWS\System32\sechost.dll
0x00007ffe40a10000 - 0x00007ffe40b28000 	C:\WINDOWS\System32\RPCRT4.dll
0x00007ffe3fc50000 - 0x00007ffe3fcd1000 	C:\WINDOWS\System32\WS2_32.dll
0x00007ffe3ec10000 - 0x00007ffe3ec6e000 	C:\WINDOWS\SYSTEM32\POWRPROF.dll
0x00007ffdf9c70000 - 0x00007ffdf9ca7000 	C:\WINDOWS\SYSTEM32\WINMM.dll
0x00007ffe2e7b0000 - 0x00007ffe2e7bb000 	C:\WINDOWS\SYSTEM32\VERSION.dll
0x00007ffe3ebf0000 - 0x00007ffe3ec05000 	C:\WINDOWS\SYSTEM32\UMPDC.dll
0x00007ffe3da40000 - 0x00007ffe3da5b000 	C:\WINDOWS\SYSTEM32\kernel.appcore.dll
0x00007ffe09870000 - 0x00007ffe0987a000 	c:\Users\vusic\.vscode\extensions\redhat.java-1.56.0-win32-x64\jre\21.0.12.1-win32-x86_64\bin\jimage.dll
0x00007ffe3c210000 - 0x00007ffe3c45c000 	C:\WINDOWS\SYSTEM32\DBGHELP.DLL
0x00007ffe3fe60000 - 0x00007ffe401ea000 	C:\WINDOWS\System32\combase.dll
0x00007ffe406f0000 - 0x00007ffe407c9000 	C:\WINDOWS\System32\OLEAUT32.dll
0x00007ffe2d180000 - 0x00007ffe2d1bb000 	C:\WINDOWS\SYSTEM32\dbgcore.DLL
0x00007ffe3f0c0000 - 0x00007ffe3f16c000 	C:\WINDOWS\System32\bcryptPrimitives.dll
0x00007ffe000c0000 - 0x00007ffe000cf000 	c:\Users\vusic\.vscode\extensions\redhat.java-1.56.0-win32-x64\jre\21.0.12.1-win32-x86_64\bin\instrument.dll
0x00007ffdb1b30000 - 0x00007ffdb1b50000 	c:\Users\vusic\.vscode\extensions\redhat.java-1.56.0-win32-x64\jre\21.0.12.1-win32-x86_64\bin\java.dll
0x00007ffdfe4c0000 - 0x00007ffdfe4d8000 	c:\Users\vusic\.vscode\extensions\redhat.java-1.56.0-win32-x64\jre\21.0.12.1-win32-x86_64\bin\zip.dll
0x00007ffe410a0000 - 0x00007ffe4183c000 	C:\WINDOWS\System32\SHELL32.dll
0x00007ffe3c7c0000 - 0x00007ffe3d06d000 	C:\WINDOWS\SYSTEM32\windows.storage.dll
0x00007ffe41a60000 - 0x00007ffe41b59000 	C:\WINDOWS\System32\SHCORE.dll
0x00007ffe3fdf0000 - 0x00007ffe3fe56000 	C:\WINDOWS\System32\shlwapi.dll
0x00007ffe3ecb0000 - 0x00007ffe3ecd9000 	C:\WINDOWS\SYSTEM32\profapi.dll
0x00007ffdffbe0000 - 0x00007ffdffbf0000 	C:\Users\vusic\.vscode\extensions\redhat.java-1.56.0-win32-x64\jre\21.0.12.1-win32-x86_64\bin\net.dll
0x00007ffe2ecb0000 - 0x00007ffe2edda000 	C:\WINDOWS\SYSTEM32\WINHTTP.dll
0x00007ffe3e000000 - 0x00007ffe3e06c000 	C:\WINDOWS\system32\mswsock.dll
0x00007ffdb1b10000 - 0x00007ffdb1b26000 	C:\Users\vusic\.vscode\extensions\redhat.java-1.56.0-win32-x64\jre\21.0.12.1-win32-x86_64\bin\nio.dll
0x00007ffdfdf80000 - 0x00007ffdfdf90000 	c:\Users\vusic\.vscode\extensions\redhat.java-1.56.0-win32-x64\jre\21.0.12.1-win32-x86_64\bin\verify.dll
0x00007ffdece00000 - 0x00007ffdece45000 	C:\Users\vusic\AppData\Roaming\Code\User\globalStorage\redhat.java\1.56.0\config_win\org.eclipse.equinox.launcher\org.eclipse.equinox.launcher.win32.win32.x86_64_1.3.100.v20260804-1928\eclipse_11924.dll
0x00007ffe40510000 - 0x00007ffe406aa000 	C:\WINDOWS\System32\ole32.dll
0x00007ffe3e310000 - 0x00007ffe3e32b000 	C:\WINDOWS\SYSTEM32\CRYPTSP.dll
0x00007ffe3d9a0000 - 0x00007ffe3d9d9000 	C:\WINDOWS\system32\rsaenh.dll
0x00007ffe3e0b0000 - 0x00007ffe3e0e4000 	C:\WINDOWS\SYSTEM32\USERENV.dll
0x00007ffe3ec80000 - 0x00007ffe3ecaa000 	C:\WINDOWS\SYSTEM32\bcrypt.dll
0x00007ffe3e2f0000 - 0x00007ffe3e2fc000 	C:\WINDOWS\SYSTEM32\CRYPTBASE.dll
0x00007ffe3d410000 - 0x00007ffe3d443000 	C:\WINDOWS\SYSTEM32\IPHLPAPI.DLL
0x00007ffe407d0000 - 0x00007ffe407da000 	C:\WINDOWS\System32\NSI.dll
0x00007ffdbb320000 - 0x00007ffdbb369000 	C:\Users\vusic\AppData\Local\Temp\jna-112574894\jna11054672089797232973.dll
0x00007ffe41a00000 - 0x00007ffe41a08000 	C:\WINDOWS\System32\PSAPI.DLL
0x00007ffe01b00000 - 0x00007ffe01b0a000 	C:\Users\vusic\.vscode\extensions\redhat.java-1.56.0-win32-x64\jre\21.0.12.1-win32-x86_64\bin\management.dll
0x00007ffdffed0000 - 0x00007ffdffedc000 	C:\Users\vusic\.vscode\extensions\redhat.java-1.56.0-win32-x64\jre\21.0.12.1-win32-x86_64\bin\management_ext.dll
0x00007ffe2ec80000 - 0x00007ffe2ec9e000 	C:\WINDOWS\SYSTEM32\dhcpcsvc6.DLL
0x00007ffe2ec50000 - 0x00007ffe2ec75000 	C:\WINDOWS\SYSTEM32\dhcpcsvc.DLL
0x00007ffe302a0000 - 0x00007ffe302ae000 	C:\Users\vusic\.vscode\extensions\redhat.java-1.56.0-win32-x64\jre\21.0.12.1-win32-x86_64\bin\sunmscapi.dll
0x00007ffe3f230000 - 0x00007ffe3f3af000 	C:\WINDOWS\System32\CRYPT32.dll
0x00007ffe3e550000 - 0x00007ffe3e580000 	C:\WINDOWS\SYSTEM32\ncrypt.dll
0x00007ffe3e500000 - 0x00007ffe3e53f000 	C:\WINDOWS\SYSTEM32\NTASN1.dll
0x00007ffe3d450000 - 0x00007ffe3d5a8000 	C:\WINDOWS\SYSTEM32\DNSAPI.dll
0x00007ffe3dde0000 - 0x00007ffe3dded000 	C:\WINDOWS\SYSTEM32\DSPARSE.dll
0x00007ffe309e0000 - 0x00007ffe309eb000 	C:\Windows\System32\rasadhlp.dll
0x00007ffe2d080000 - 0x00007ffe2d106000 	C:\WINDOWS\System32\fwpuclnt.dll
0x00007ffe01b40000 - 0x00007ffe01b49000 	C:\Users\vusic\.vscode\extensions\redhat.java-1.56.0-win32-x64\jre\21.0.12.1-win32-x86_64\bin\extnet.dll

JVMTI agents:
c:\Users\vusic\.vscode\extensions\redhat.java-1.56.0-win32-x64\lombok\lombok-1.18.39-4050.jar path:c:\Users\vusic\.vscode\extensions\redhat.java-1.56.0-win32-x64\jre\21.0.12.1-win32-x86_64\bin\instrument.dll, loaded, initialized, instrumentlib options:none

dbghelp: loaded successfully - version: 4.0.5 - missing functions: none
symbol engine: initialized successfully - sym options: 0x614 - pdb path: .;c:\Users\vusic\.vscode\extensions\redhat.java-1.56.0-win32-x64\jre\21.0.12.1-win32-x86_64\bin;C:\WINDOWS\SYSTEM32;C:\Program Files\Norton\Suite;C:\WINDOWS\WinSxS\amd64_microsoft.windows.common-controls_6595b64144ccf1df_6.0.26100.9549_none_3e0a0396e3330090;c:\Users\vusic\.vscode\extensions\redhat.java-1.56.0-win32-x64\jre\21.0.12.1-win32-x86_64\bin\server;C:\Users\vusic\AppData\Roaming\Code\User\globalStorage\redhat.java\1.56.0\config_win\org.eclipse.equinox.launcher\org.eclipse.equinox.launcher.win32.win32.x86_64_1.3.100.v20260804-1928;C:\Users\vusic\AppData\Local\Temp\jna-112574894

VM Arguments:
jvm_args: --add-modules=ALL-SYSTEM --add-opens=java.base/java.util=ALL-UNNAMED --add-opens=java.base/java.lang=ALL-UNNAMED --add-opens=java.base/sun.nio.fs=ALL-UNNAMED -Declipse.application=org.eclipse.jdt.ls.core.id1 -Dosgi.bundles.defaultStartLevel=4 -Declipse.product=org.eclipse.jdt.ls.core.product -Djava.import.generatesMetadataFilesAtProjectRoot=false -Dm2e.project.cache.size=50 -DDetectVMInstallationsJob.disabled=true -Dfile.encoding=utf8 -XX:+UseParallelGC -XX:GCTimeRatio=4 -XX:AdaptiveSizePolicyWeight=90 -Dsun.zip.disableMemoryMapping=true -Xmx2G -Xms100m -Xlog:disable -javaagent:c:\Users\vusic\.vscode\extensions\redhat.java-1.56.0-win32-x64\lombok\lombok-1.18.39-4050.jar -XX:+HeapDumpOnOutOfMemoryError -XX:HeapDumpPath=c:\Users\vusic\AppData\Roaming\Code\User\workspaceStorage\954bffe993b83363cc4f8f9bed81b0d2\redhat.java -Daether.dependencyCollector.impl=bf 
java_command: c:\Users\vusic\.vscode\extensions\redhat.java-1.56.0-win32-x64\server\plugins\org.eclipse.equinox.launcher_1.8.0.v20260804-1928.jar -configuration c:\Users\vusic\AppData\Roaming\Code\User\globalStorage\redhat.java\1.56.0\config_win -data c:\Users\vusic\AppData\Roaming\Code\User\workspaceStorage\954bffe993b83363cc4f8f9bed81b0d2\redhat.java\jdt_ws --stdio
java_class_path (initial): c:\Users\vusic\.vscode\extensions\redhat.java-1.56.0-win32-x64\server\plugins\org.eclipse.equinox.launcher_1.8.0.v20260804-1928.jar
Launcher Type: SUN_STANDARD

[Global flags]
    uintx AdaptiveSizePolicyWeight                 = 90                                        {product} {command line}
     intx CICompilerCount                          = 2                                         {product} {ergonomic}
    uintx GCTimeRatio                              = 4                                         {product} {command line}
     bool HeapDumpOnOutOfMemoryError               = true                                   {manageable} {command line}
    ccstr HeapDumpPath                             = c:\Users\vusic\AppData\Roaming\Code\User\workspaceStorage\954bffe993b83363cc4f8f9bed81b0d2\redhat.java         {manageable} {command line}
   size_t InitialHeapSize                          = 104857600                                 {product} {command line}
   size_t MaxHeapSize                              = 2147483648                                {product} {command line}
   size_t MaxNewSize                               = 715653120                                 {product} {ergonomic}
   size_t MinHeapDeltaBytes                        = 524288                                    {product} {ergonomic}
   size_t MinHeapSize                              = 104857600                                 {product} {command line}
   size_t NewSize                                  = 34603008                                  {product} {ergonomic}
    uintx NonNMethodCodeHeapSize                   = 5826188                                {pd product} {ergonomic}
    uintx NonProfiledCodeHeapSize                  = 122916026                              {pd product} {ergonomic}
   size_t OldSize                                  = 70254592                                  {product} {ergonomic}
    uintx ProfiledCodeHeapSize                     = 122916026                              {pd product} {ergonomic}
    uintx ReservedCodeCacheSize                    = 251658240                              {pd product} {ergonomic}
     bool SegmentedCodeCache                       = true                                      {product} {ergonomic}
   size_t SoftMaxHeapSize                          = 2147483648                             {manageable} {ergonomic}
     bool UseCompressedOops                        = true                           {product lp64_product} {ergonomic}
     bool UseLargePagesIndividualAllocation        = false                                  {pd product} {ergonomic}
     bool UseParallelGC                            = true                                      {product} {command line}

Logging:
Log output configuration:
 #0: stdout all=off uptime,level,tags foldmultilines=false
 #1: stderr all=off uptime,level,tags foldmultilines=false

Release file:
JAVA_VERSION="21.0.12.1" 
MODULES="java.base java.compiler java.datatransfer java.xml java.prefs java.desktop java.instrument java.logging java.management java.security.sasl java.naming java.rmi java.management.rmi java.net.http java.scripting java.security.jgss java.transaction.xa java.sql java.sql.rowset java.xml.crypto java.se java.smartcardio jdk.accessibility jdk.internal.jvmstat jdk.attach jdk.charsets jdk.internal.opt jdk.zipfs jdk.compiler jdk.crypto.ec jdk.crypto.cryptoki jdk.crypto.mscapi jdk.dynalink jdk.internal.ed jdk.editpad jdk.hotspot.agent jdk.httpserver jdk.internal.le jdk.internal.vm.ci jdk.internal.vm.compiler jdk.internal.vm.compiler.management jdk.jartool jdk.javadoc jdk.jcmd jdk.management jdk.management.agent jdk.jconsole jdk.jdeps jdk.jdwp.agent jdk.jdi jdk.jfr jdk.jshell jdk.jsobject jdk.jstatd jdk.localedata jdk.management.jfr jdk.naming.dns jdk.naming.rmi jdk.net jdk.nio.mapmode jdk.random jdk.sctp jdk.security.auth jdk.security.jgss jdk.unsupported jdk.unsupported.desktop jdk.xml.dom" 

Environment Variables:
PATH=C:\Program Files\Eclipse Adoptium\jdk-17.0.20.8-hotspot\bin;C:\windows\system32;C:\windows;C:\windows\System32\Wbem;C:\windows\System32\WindowsPowerShell\v1.0\;C:\windows\System32\OpenSSH\;C:\WINDOWS\system32;C:\WINDOWS;C:\WINDOWS\System32\Wbem;C:\WINDOWS\System32\WindowsPowerShell\v1.0\;C:\WINDOWS\System32\OpenSSH\;C:\Program Files\Git\cmd;C:\Users\vusic\AppData\Local\Microsoft\WindowsApps;C:\Users\vusic\AppData\Local\Kingsoft\WPS Office\12.1.0.27458\clitool;C:\Users\vusic\AppData\Local\Programs\Microsoft VS Code\bin
USERNAME=vusic
OS=Windows_NT
PROCESSOR_IDENTIFIER=Intel64 Family 6 Model 156 Stepping 0, GenuineIntel
TMP=C:\Users\vusic\AppData\Local\Temp
TEMP=C:\Users\vusic\AppData\Local\Temp




Periodic native trim disabled

---------------  S Y S T E M  ---------------

OS:
 Windows 11 , 64 bit Build 26100 (10.0.26100.9549)
OS uptime: 0 days 4:54 hours
Hyper-V role detected

CPU: total 2 (initial active 2) (2 cores per cpu, 1 threads per core) family 6 model 156 stepping 0 microcode 0x24000026, cx8, cmov, fxsr, mmx, 3dnowpref, sse, sse2, sse3, ssse3, sse4.1, sse4.2, popcnt, tsc, tscinvbit, aes, erms, clmul, sha, clflush, clflushopt, clwb, hv, rdtscp, rdpid
Processor Information for the first 2 processors :
  Max Mhz: 1114, Current Mhz: 1114, Mhz Limit: 1114

Memory: 4k page, system-wide physical 3889M (327M free)
TotalPageFile size 15665M (AvailPageFile size 4M)
current process WorkingSet (physical memory assigned to process): 222M, peak: 222M
current process commit charge ("private bytes"): 311M, peak: 313M

vm_info: OpenJDK 64-Bit Server VM (21.0.12.1+1-LTS) for windows-amd64 JRE (21.0.12.1+1-LTS), built on 2026-08-18T00:00:00Z by "admin" with MS VC++ 17.12 (VS2022)

END.
